Component: ARM Compiler 5.06 update 5 (build 528) Tool: armlink [4d35e2]

==============================================================================

Section Cross References

    startup_stm32f10x_md.o(STACK) refers (Special) to heapauxi.o(.text) for __use_two_region_memory
    startup_stm32f10x_md.o(HEAP) refers (Special) to heapauxi.o(.text) for __use_two_region_memory
    startup_stm32f10x_md.o(RESET) refers (Special) to heapauxi.o(.text) for __use_two_region_memory
    startup_stm32f10x_md.o(RESET) refers to startup_stm32f10x_md.o(STACK) for __initial_sp
    startup_stm32f10x_md.o(RESET) refers to startup_stm32f10x_md.o(.text) for Reset_Handler
    startup_stm32f10x_md.o(RESET) refers to stm32f10x_it.o(i.NMI_Handler) for NMI_Handler
    startup_stm32f10x_md.o(RESET) refers to stm32f10x_it.o(i.HardFault_Handler) for HardFault_Handler
    startup_stm32f10x_md.o(RESET) refers to stm32f10x_it.o(i.MemManage_Handler) for MemManage_Handler
    startup_stm32f10x_md.o(RESET) refers to stm32f10x_it.o(i.BusFault_Handler) for BusFault_Handler
    startup_stm32f10x_md.o(RESET) refers to stm32f10x_it.o(i.UsageFault_Handler) for UsageFault_Handler
    startup_stm32f10x_md.o(RESET) refers to stm32f10x_it.o(i.SVC_Handler) for SVC_Handler
    startup_stm32f10x_md.o(RESET) refers to stm32f10x_it.o(i.DebugMon_Handler) for DebugMon_Handler
    startup_stm32f10x_md.o(RESET) refers to stm32f10x_it.o(i.PendSV_Handler) for PendSV_Handler
    startup_stm32f10x_md.o(RESET) refers to stm32f10x_it.o(i.SysTick_Handler) for SysTick_Handler
    startup_stm32f10x_md.o(RESET) refers to esp8266.o(i.USART2_IRQHandler) for USART2_IRQHandler
    startup_stm32f10x_md.o(.text) refers (Special) to heapauxi.o(.text) for __use_two_region_memory
    startup_stm32f10x_md.o(.text) refers to system_stm32f10x.o(i.SystemInit) for SystemInit
    startup_stm32f10x_md.o(.text) refers to __main.o(!!!main) for __main
    startup_stm32f10x_md.o(.text) refers to startup_stm32f10x_md.o(HEAP) for Heap_Mem
    startup_stm32f10x_md.o(.text) refers to startup_stm32f10x_md.o(STACK) for Stack_Mem
    system_stm32f10x.o(i.SetSysClock) refers to system_stm32f10x.o(i.SetSysClockTo72) for SetSysClockTo72
    system_stm32f10x.o(i.SystemCoreClockUpdate) refers to system_stm32f10x.o(.data) for SystemCoreClock
    system_stm32f10x.o(i.SystemInit) refers to system_stm32f10x.o(i.SetSysClock) for SetSysClock
    stm32f10x_adc.o(i.ADC_DeInit) refers to stm32f10x_rcc.o(i.RCC_APB2PeriphResetCmd) for RCC_APB2PeriphResetCmd
    stm32f10x_bkp.o(i.BKP_DeInit) refers to stm32f10x_rcc.o(i.RCC_BackupResetCmd) for RCC_BackupResetCmd
    stm32f10x_can.o(i.CAN_DeInit) refers to stm32f10x_rcc.o(i.RCC_APB1PeriphResetCmd) for RCC_APB1PeriphResetCmd
    stm32f10x_can.o(i.CAN_GetITStatus) refers to stm32f10x_can.o(i.CheckITStatus) for CheckITStatus
    stm32f10x_cec.o(i.CEC_DeInit) refers to stm32f10x_rcc.o(i.RCC_APB1PeriphResetCmd) for RCC_APB1PeriphResetCmd
    stm32f10x_dac.o(i.DAC_DeInit) refers to stm32f10x_rcc.o(i.RCC_APB1PeriphResetCmd) for RCC_APB1PeriphResetCmd
    stm32f10x_flash.o(i.FLASH_EnableWriteProtection) refers to stm32f10x_flash.o(i.FLASH_WaitForLastOperation) for FLASH_WaitForLastOperation
    stm32f10x_flash.o(i.FLASH_EraseAllBank1Pages) refers to stm32f10x_flash.o(i.FLASH_WaitForLastBank1Operation) for FLASH_WaitForLastBank1Operation
    stm32f10x_flash.o(i.FLASH_EraseAllPages) refers to stm32f10x_flash.o(i.FLASH_WaitForLastOperation) for FLASH_WaitForLastOperation
    stm32f10x_flash.o(i.FLASH_EraseOptionBytes) refers to stm32f10x_flash.o(i.FLASH_GetReadOutProtectionStatus) for FLASH_GetReadOutProtectionStatus
    stm32f10x_flash.o(i.FLASH_EraseOptionBytes) refers to stm32f10x_flash.o(i.FLASH_WaitForLastOperation) for FLASH_WaitForLastOperation
    stm32f10x_flash.o(i.FLASH_ErasePage) refers to stm32f10x_flash.o(i.FLASH_WaitForLastOperation) for FLASH_WaitForLastOperation
    stm32f10x_flash.o(i.FLASH_ProgramHalfWord) refers to stm32f10x_flash.o(i.FLASH_WaitForLastOperation) for FLASH_WaitForLastOperation
    stm32f10x_flash.o(i.FLASH_ProgramOptionByteData) refers to stm32f10x_flash.o(i.FLASH_WaitForLastOperation) for FLASH_WaitForLastOperation
    stm32f10x_flash.o(i.FLASH_ProgramWord) refers to stm32f10x_flash.o(i.FLASH_WaitForLastOperation) for FLASH_WaitForLastOperation
    stm32f10x_flash.o(i.FLASH_ReadOutProtection) refers to stm32f10x_flash.o(i.FLASH_WaitForLastOperation) for FLASH_WaitForLastOperation
    stm32f10x_flash.o(i.FLASH_UserOptionByteConfig) refers to stm32f10x_flash.o(i.FLASH_WaitForLastOperation) for FLASH_WaitForLastOperation
    stm32f10x_flash.o(i.FLASH_WaitForLastBank1Operation) refers to stm32f10x_flash.o(i.FLASH_GetBank1Status) for FLASH_GetBank1Status
    stm32f10x_flash.o(i.FLASH_WaitForLastOperation) refers to stm32f10x_flash.o(i.FLASH_GetBank1Status) for FLASH_GetBank1Status
    stm32f10x_gpio.o(i.GPIO_AFIODeInit) refers to stm32f10x_rcc.o(i.RCC_APB2PeriphResetCmd) for RCC_APB2PeriphResetCmd
[...]
    __rt_lib_shutdown_heap_1                 0x0800021b   Thumb Code     0  libshutdown2.o(.ARM.Collect$$libshutdown$$0000000F)
    __rt_lib_shutdown_return                 0x0800021b   Thumb Code     0  libshutdown2.o(.ARM.Collect$$libshutdown$$00000010)
    __rt_lib_shutdown_signal_1               0x0800021b   Thumb Code     0  libshutdown2.o(.ARM.Collect$$libshutdown$$0000000A)
    __rt_lib_shutdown_stdio_1                0x0800021b   Thumb Code     0  libshutdown2.o(.ARM.Collect$$libshutdown$$00000004)
    __rt_lib_shutdown_user_alloc_1           0x0800021b   Thumb Code     0  libshutdown2.o(.ARM.Collect$$libshutdown$$0000000C)
    __rt_entry                               0x0800021d   Thumb Code     0  __rtentry.o(.ARM.Collect$$rtentry$$00000000)
    __rt_entry_presh_1                       0x0800021d   Thumb Code     0  __rtentry2.o(.ARM.Collect$$rtentry$$00000002)
    __rt_entry_sh                            0x0800021d   Thumb Code     0  __rtentry4.o(.ARM.Collect$$rtentry$$00000004)
    __rt_entry_li                            0x08000223   Thumb Code     0  __rtentry2.o(.ARM.Collect$$rtentry$$0000000A)
    __rt_entry_postsh_1                      0x08000223   Thumb Code     0  __rtentry2.o(.ARM.Collect$$rtentry$$00000009)
    __rt_entry_main                          0x08000227   Thumb Code     0  __rtentry2.o(.ARM.Collect$$rtentry$$0000000D)
    __rt_entry_postli_1                      0x08000227   Thumb Code     0  __rtentry2.o(.ARM.Collect$$rtentry$$0000000C)
    __rt_exit                                0x0800022f   Thumb Code     0  rtexit.o(.ARM.Collect$$rtexit$$00000000)
    __rt_exit_ls                             0x08000231   Thumb Code     0  rtexit2.o(.ARM.Collect$$rtexit$$00000003)
    __rt_exit_prels_1                        0x08000231   Thumb Code     0  rtexit2.o(.ARM.Collect$$rtexit$$00000002)
    __rt_exit_exit                           0x08000235   Thumb Code     0  rtexit2.o(.ARM.Collect$$rtexit$$00000004)
    Reset_Handler                            0x0800023d   Thumb Code     8  startup_stm32f10x_md.o(.text)
    _maybe_terminate_alloc                   0x0800023d   Thumb Code     0  maybetermalloc1.o(.emb_text)
    ADC1_2_IRQHandler                        0x08000257   Thumb Code     0  startup_stm32f10x_md.o(.text)
    CAN1_RX1_IRQHandler                      0x08000257   Thumb Code     0  startup_stm32f10x_md.o(.text)
    CAN1_SCE_IRQHandler                      0x08000257   Thumb Code     0  startup_stm32f10x_md.o(.text)
    DMA1_Channel1_IRQHandler                 0x08000257   Thumb Code     0  startup_stm32f10x_md.o(.text)
    DMA1_Channel2_IRQHandler                 0x08000257   Thumb Code     0  startup_stm32f10x_md.o(.text)
    DMA1_Channel3_IRQHandler                 0x08000257   Thumb Code     0  startup_stm32f10x_md.o(.text)
    DMA1_Channel4_IRQHandler                 0x08000257   Thumb Code     0  startup_stm32f10x_md.o(.text)
    DMA1_Channel5_IRQHandler                 0x08000257   Thumb Code     0  startup_stm32f10x_md.o(.text)
    DMA1_Channel6_IRQHandler                 0x08000257   Thumb Code     0  startup_stm32f10x_md.o(.text)
    DMA1_Channel7_IRQHandler                 0x08000257   Thumb Code     0  startup_stm32f10x_md.o(.text)
    EXTI0_IRQHandler                         0x08000257   Thumb Code     0  startup_stm32f10x_md.o(.text)
    EXTI15_10_IRQHandler                     0x08000257   Thumb Code     0  startup_stm32f10x_md.o(.text)
    EXTI1_IRQHandler                         0x08000257   Thumb Code     0  startup_stm32f10x_md.o(.text)
    EXTI2_IRQHandler                         0x08000257   Thumb Code     0  startup_stm32f10x_md.o(.text)
    EXTI3_IRQHandler                         0x08000257   Thumb Code     0  startup_stm32f10x_md.o(.text)
    EXTI4_IRQHandler                         0x08000257   Thumb Code     0  startup_stm32f10x_md.o(.text)
    EXTI9_5_IRQHandler                       0x08000257   Thumb Code     0  startup_stm32f10x_md.o(.text)
    FLASH_IRQHandler                         0x08000257   Thumb Code     0  startup_stm32f10x_md.o(.text)
    I2C1_ER_IRQHandler                       0x08000257   Thumb Code     0  startup_stm32f10x_md.o(.text)
    I2C1_EV_IRQHandler                       0x08000257   Thumb Code     0  startup_stm32f10x_md.o(.text)
    I2C2_ER_IRQHandler                       0x08000257   Thumb Code     0  startup_stm32f10x_md.o(.text)
    I2C2_EV_IRQHandler                       0x08000257   Thumb Code     0  startup_stm32f10x_md.o(.text)
    PVD_IRQHandler                           0x08000257   Thumb Code     0  startup_stm32f10x_md.o(.text)
    RCC_IRQHandler                           0x08000257   Thumb Code     0  startup_stm32f10x_md.o(.text)
    RTCAlarm_IRQHandler                      0x08000257   Thumb Code     0  startup_stm32f10x_md.o(.text)
    RTC_IRQHandler                           0x08000257   Thumb Code     0  startup_stm32f10x_md.o(.text)
    SPI1_IRQHandler                          0x08000257   Thumb Code     0  startup_stm32f10x_md.o(.text)
    SPI2_IRQHandler                          0x08000257   Thumb Code     0  startup_stm32f10x_md.o(.text)
    TAMPER_IRQHandler                        0x08000257   Thumb Code     0  startup_stm32f10x_md.o(.text)
    TIM1_BRK_IRQHandler                      0x08000257   Thumb Code     0  startup_stm32f10x_md.o(.text)
    TIM1_CC_IRQHandler                       0x08000257   Thumb Code     0  startup_stm32f10x_md.o(.text)
    TIM1_TRG_COM_IRQHandler                  0x08000257   Thumb Code     0  startup_stm32f10x_md.o(.text)
    TIM1_UP_IRQHandler                       0x08000257   Thumb Code     0  startup_stm32f10x_md.o(.text)
    TIM2_IRQHandler                          0x08000257   Thumb Code     0  startup_stm32f10x_md.o(.text)
    TIM3_IRQHandler                          0x08000257   Thumb Code     0  startup_stm32f10x_md.o(.text)
    TIM4_IRQHandler                          0x08000257   Thumb Code     0  startup_stm32f10x_md.o(.text)
    USART1_IRQHandler                        0x08000257   Thumb Code     0  startup_stm32f10x_md.o(.text)
    USART3_IRQHandler                        0x08000257   Thumb Code     0  startup_stm32f10x_md.o(.text)
    USBWakeUp_IRQHandler                     0x08000257   Thumb Code     0  startup_stm32f10x_md.o(.text)
    USB_HP_CAN1_TX_IRQHandler                0x08000257   Thumb Code     0  startup_stm32f10x_md.o(.text)
    USB_LP_CAN1_RX0_IRQHandler               0x08000257   Thumb Code     0  startup_stm32f10x_md.o(.text)
    WWDG_IRQHandler                          0x08000257   Thumb Code     0  startup_stm32f10x_md.o(.text)
    __user_initial_stackheap                 0x08000259   Thumb Code     0  startup_stm32f10x_md.o(.text)
    malloc                                   0x0800027d   Thumb Code    94  h1_alloc.o(.text)
    free                                     0x080002db   Thumb Code    78  h1_free.o(.text)
    tolower                                  0x08000329   Thumb Code    26  tolower.o(.text)
    vsprintf                                 0x08000345   Thumb Code    32  vsprintf.o(.text)
    __2sprintf                               0x08000369   Thumb Code    38  __2sprintf.o(.text)
    __2snprintf                              0x08000395   Thumb Code    50  __2snprintf.o(.text)
    _printf_pre_padding                      0x080003cd   Thumb Code    44  _printf_pad.o(.text)
    _printf_post_padding                     0x080003f9   Thumb Code    34  _printf_pad.o(.text)
    _printf_str                              0x0800041b   Thumb Code    82  _printf_str.o(.text)
    _printf_int_dec                          0x0800046d   Thumb Code   104  _printf_dec.o(.text)
    _printf_longlong_hex                     0x080004e5   Thumb Code    86  _printf_hex_int_ll_ptr.o(.text)
    _printf_int_hex                          0x0800053b   Thumb Code    28  _printf_hex_int_ll_ptr.o(.text)
    _printf_ll_hex                           0x08000557   Thumb Code    12  _printf_hex_int_ll_ptr.o(.text)
    _printf_hex_ptr                          0x08000563   Thumb Code    18  _printf_hex_int_ll_ptr.o(.text)
    __printf                                 0x08000579   Thumb Code   388  __printf_flags_ss_wp.o(.text)
    strchr                                   0x08000701   Thumb Code    20  strchr.o(.text)
    strncat                                  0x08000715   Thumb Code    36  strncat.o(.text)
    strstr                                   0x08000739   Thumb Code    36  strstr.o(.text)
    strcpy                                   0x0800075d   Thumb Code    72  strcpy.o(.text)
    strlen                                   0x080007a5   Thumb Code    62  strlen.o(.text)
    strncmp                                  0x080007e3   Thumb Code   150  strncmp.o(.text)
    strcat                                   0x08000879   Thumb Code    24  strcat.o(.text)
    __aeabi_memcpy                           0x08000891   Thumb Code     0  rt_memcpy_v6.o(.text)
    __rt_memcpy                              0x08000891   Thumb Code   138  rt_memcpy_v6.o(.text)
    _memcpy_lastbytes                        0x080008f7   Thumb Code     0  rt_memcpy_v6.o(.text)
    __aeabi_memcpy4                          0x0800091b   Thumb Code     0  rt_memcpy_w.o(.text)
    __aeabi_memcpy8                          0x0800091b   Thumb Code     0  rt_memcpy_w.o(.text)
    __rt_memcpy_w                            0x0800091b   Thumb Code   100  rt_memcpy_w.o(.text)
    _memcpy_lastbytes_aligned                0x08000963   Thumb Code     0  rt_memcpy_w.o(.text)
    __aeabi_memclr                           0x0800097f   Thumb Code     0  rt_memclr.o(.text)
    __rt_memclr                              0x0800097f   Thumb Code    68  rt_memclr.o(.text)
    _memset                                  0x08000983   Thumb Code     0  rt_memclr.o(.text)
    __aeabi_memclr4                          0x080009c3   Thumb Code     0  rt_memclr_w.o(.text)
    __aeabi_memclr8                          0x080009c3   Thumb Code     0  rt_memclr_w.o(.text)
    __rt_memclr_w                            0x080009c3   Thumb Code    78  rt_memclr_w.o(.text)
    _memset_w                                0x080009c7   Thumb Code     0  rt_memclr_w.o(.text)
    strcmp                                   0x08000a11   Thumb Code   128  strcmpv7m.o(.text)
    __use_two_region_memory                  0x08000a91   Thumb Code     2  heapauxi.o(.text)
    __rt_heap_escrow                         0x08000a93   Thumb Code     2  heapauxi.o(.text)
    __rt_heap_expand                         0x08000a95   Thumb Code     2  heapauxi.o(.text)
    __rt_ctype_table                         0x08000a99   Thumb Code    16  rt_ctype_table.o(.text)
    __rt_heap_descriptor                     0x08000aa9   Thumb Code     8  rt_heap_descriptor_intlibspace.o(.text)
    __use_no_heap                            0x08000ab1   Thumb Code     2  hguard.o(.text)
    __heap$guard                             0x08000ab3   Thumb Code     2  hguard.o(.text)
    _terminate_user_alloc                    0x08000ab5   Thumb Code     2  init_alloc.o(.text)
    _init_user_alloc                         0x08000ab7   Thumb Code     2  init_alloc.o(.text)
    __Heap_Full                              0x08000ab9   Thumb Code    34  init_alloc.o(.text)
    __Heap_Broken                            0x08000adb   Thumb Code     6  init_alloc.o(.text)
    _init_alloc                              0x08000ae1   Thumb Code    94  init_alloc.o(.text)
    __Heap_Initialize                        0x08000b3f   Thumb Code    10  h1_init.o(.text)
    __Heap_DescSize                          0x08000b49   Thumb Code     4  h1_init.o(.text)
    __read_errno                             0x08000b4d   Thumb Code    10  _rserrno.o(.text)
    __set_errno                              0x08000b57   Thumb Code    12  _rserrno.o(.text)
    _printf_truncate_signed                  0x08000b63   Thumb Code    18  _printf_truncate.o(.text)
    _printf_truncate_unsigned                0x08000b75   Thumb Code    18  _printf_truncate.o(.text)
    _printf_int_common                       0x08000b87   Thumb Code   178  _printf_intcommon.o(.text)
    _printf_charcount                        0x08000c39   Thumb Code    40  _printf_charcount.o(.text)
    __lib_sel_fp_printf                      0x08000c61   Thumb Code     2  _printf_fp_dec.o(.text)
    _printf_fp_dec_real                      0x08000e13   Thumb Code   620  _printf_fp_dec.o(.text)
    _printf_char_common                      0x0800108b   Thumb Code    32  _printf_char_common.o(.text)
    _sputc                                   0x080010b1   Thumb Code    10  _sputc.o(.text)
    _snputc                                  0x080010bb   Thumb Code    16  _snputc.o(.text)
    _printf_cs_common                        0x080010cb   Thumb Code    20  _printf_char.o(.text)
    _printf_char                             0x080010df   Thumb Code    16  _printf_char.o(.text)
    _printf_string                           0x080010ef   Thumb Code     8  _printf_char.o(.text)
    _printf_wctomb                           0x080010f9   Thumb Code   182  _printf_wctomb.o(.text)
    _printf_longlong_dec                     0x080011b5   Thumb Code   108  _printf_longlong_dec.o(.text)
    _printf_longlong_oct                     0x08001231   Thumb Code    66  _printf_oct_int_ll.o(.text)
    _printf_int_oct                          0x08001273   Thumb Code    24  _printf_oct_int_ll.o(.text)
    _printf_ll_oct                           0x0800128b   Thumb Code    12  _printf_oct_int_ll.o(.text)
    __user_libspace                          0x080012a1   Thumb Code     8  libspace.o(.text)
    __user_perproc_libspace                  0x080012a1   Thumb Code     0  libspace.o(.text)
    __user_perthread_libspace                0x080012a1   Thumb Code     0  libspace.o(.text)
    __rt_locale                              0x080012a9   Thumb Code     8  rt_locale_intlibspace.o(.text)
    __aeabi_errno_addr                       0x080012b1   Thumb Code     8  rt_errno_addr_intlibspace.o(.text)
    __errno$intlibspace                      0x080012b1   Thumb Code     0  rt_errno_addr_intlibspace.o(.text)
    __rt_errno_addr$intlibspace              0x080012b1   Thumb Code     0  rt_errno_addr_intlibspace.o(.text)
    __Heap_ProvideMemory                     0x080012b9   Thumb Code    52  h1_extend.o(.text)
    _ll_udiv10                               0x080012ed   Thumb Code   138  lludiv10.o(.text)
    _printf_fp_hex_real                      0x08001379   Thumb Code   756  _printf_fp_hex.o(.text)
    _printf_fp_infnan                        0x08001675   Thumb Code   112  _printf_fp_infnan.o(.text)
    _printf_lcs_common                       0x080016f5   Thumb Code    20  _printf_wchar.o(.text)
    _printf_wchar                            0x08001709   Thumb Code    16  _printf_wchar.o(.text)
    _printf_wstring                          0x08001719   Thumb Code     8  _printf_wchar.o(.text)
    _btod_etento                             0x08001721   Thumb Code   224  bigflt0.o(.text)
    _wcrtomb                                 0x08001805   Thumb Code    64  _wcrtomb.o(.text)
    __rt_SIGRTMEM                            0x08001845   Thumb Code    14  defsig_rtmem_outer.o(.text)
    __I$use$semihosting                      0x08001853   Thumb Code     0  use_no_semi.o(.text)
    __use_no_semihosting_swi                 0x08001853   Thumb Code     2  use_no_semi.o(.text)
    __semihosting_library_function           0x08001855   Thumb Code     0  indicate_semi.o(.text)
    __user_setup_stackheap                   0x08001855   Thumb Code    74  sys_stackheap_outer.o(.text)
    exit                                     0x0800189f   Thumb Code    18  exit.o(.text)
    __sig_exit                               0x080018b1   Thumb Code    10  defsig_exit.o(.text)
    __rt_SIGRTMEM_inner                      0x080018bd   Thumb Code    22  defsig_rtmem_inner.o(.text)
    _sys_exit                                0x0800190d   Thumb Code     8  sys_exit.o(.text)
    __default_signal_display                 0x08001919   Thumb Code    50  defsig_general.o(.text)
    _ttywrch                                 0x0800194b   Thumb Code    14  sys_wrch.o(.text)
    _btod_d2e                                0x08001959   Thumb Code    62  btod.o(CL$$btod_d2e)
    _d2e_denorm_low                          0x08001997   Thumb Code    70  btod.o(CL$$btod_d2e_denorm_low)
    _d2e_norm_op1                            0x080019dd   Thumb Code    96  btod.o(CL$$btod_d2e_norm_op1)
    __btod_div_common                        0x08001a3d   Thumb Code   696  btod.o(CL$$btod_div_common)
    _e2e                                     0x08001d75   Thumb Code   220  btod.o(CL$$btod_e2e)
    _btod_ediv                               0x08001e51   Thumb Code    42  btod.o(CL$$btod_ediv)
    _btod_emul                               0x08001e7b   Thumb Code    42  btod.o(CL$$btod_emul)
    __btod_mult_common                       0x08001ea5   Thumb Code   580  btod.o(CL$$btod_mult_common)
    ADC_Cmd                                  0x080020e9   Thumb Code    22  stm32f10x_adc.o(i.ADC_Cmd)
    ADC_GetCalibrationStatus                 0x080020ff   Thumb Code    20  stm32f10x_adc.o(i.ADC_GetCalibrationStatus)
    ADC_GetConversionValue                   0x08002113   Thumb Code     8  stm32f10x_adc.o(i.ADC_GetConversionValue)
    ADC_GetFlagStatus                        0x0800211b   Thumb Code    18  stm32f10x_adc.o(i.ADC_GetFlagStatus)
    ADC_GetResetCalibrationStatus            0x0800212d   Thumb Code    20  stm32f10x_adc.o(i.ADC_GetResetCalibrationStatus)
    ADC_Init                                 0x08002141   Thumb Code    70  stm32f10x_adc.o(i.ADC_Init)
    ADC_RegularChannelConfig                 0x08002191   Thumb Code   184  stm32f10x_adc.o(i.ADC_RegularChannelConfig)
    ADC_ResetCalibration                     0x08002249   Thumb Code    10  stm32f10x_adc.o(i.ADC_ResetCalibration)
    ADC_SoftwareStartConvCmd                 0x08002253   Thumb Code    22  stm32f10x_adc.o(i.ADC_SoftwareStartConvCmd)
    ADC_StartCalibration                     0x08002269   Thumb Code    10  stm32f10x_adc.o(i.ADC_StartCalibration)
    AD_GetValue                              0x08002275   Thumb Code    32  ad.o(i.AD_GetValue)
    AD_Init                                  0x08002299   Thumb Code   152  ad.o(i.AD_Init)
    BH1750_Byte_Write                        0x08002339   Thumb Code    50  bh1750.o(i.BH1750_Byte_Write)
    BH1750_Init                              0x0800236b   Thumb Code    18  bh1750.o(i.BH1750_Init)
    BH1750_Power_ON                          0x0800237d   Thumb Code    10  bh1750.o(i.BH1750_Power_ON)
    BH1750_Read_Measure                      0x08002387   Thumb Code    58  bh1750.o(i.BH1750_Read_Measure)
    BusFault_Handler                         0x080023c1   Thumb Code     4  stm32f10x_it.o(i.BusFault_Handler)
    DH11_GPIO_Init_IN                        0x080023c5   Thumb Code    38  dht11.o(i.DH11_GPIO_Init_IN)
    DH11_GPIO_Init_OUT                       0x080023f1   Thumb Code    38  dht11.o(i.DH11_GPIO_Init_OUT)
    DHT11_REC_Data                           0x0800241d   Thumb Code   192  dht11.o(i.DHT11_REC_Data)
    DHT11_Rec_Byte                           0x080024ed   Thumb Code    80  dht11.o(i.DHT11_Rec_Byte)
    DHT11_Start                              0x08002541   Thumb Code    60  dht11.o(i.DHT11_Start)
    DebugMon_Handler                         0x08002581   Thumb Code     2  stm32f10x_it.o(i.DebugMon_Handler)
    Delay_ms                                 0x08002583   Thumb Code    24  delay.o(i.Delay_ms)
    Delay_us                                 0x0800259b   Thumb Code    46  delay.o(i.Delay_us)
    ESP8266_Clear                            0x080025c9   Thumb Code    20  esp8266.o(i.ESP8266_Clear)
    ESP8266_GetIPD                           0x080025e5   Thumb Code    68  esp8266.o(i.ESP8266_GetIPD)
    ESP8266_Init                             0x08002635   Thumb Code   256  esp8266.o(i.ESP8266_Init)
    ESP8266_SendCmd                          0x08002821   Thumb Code    74  esp8266.o(i.ESP8266_SendCmd)
    ESP8266_SendData                         0x08002871   Thumb Code    50  esp8266.o(i.ESP8266_SendData)
    ESP8266_WaitRecive                       0x080028b9   Thumb Code    42  esp8266.o(i.ESP8266_WaitRecive)
    GPIO_Init                                0x080028ed   Thumb Code   278  stm32f10x_gpio.o(i.GPIO_Init)
    GPIO_ReadInputDataBit                    0x08002a03   Thumb Code    18  stm32f10x_gpio.o(i.GPIO_ReadInputDataBit)
    GPIO_ReadOutputDataBit                   0x08002a15   Thumb Code    18  stm32f10x_gpio.o(i.GPIO_ReadOutputDataBit)
    GPIO_ResetBits                           0x08002a27   Thumb Code     4  stm32f10x_gpio.o(i.GPIO_ResetBits)
    GPIO_SetBits                             0x08002a2b   Thumb Code     4  stm32f10x_gpio.o(i.GPIO_SetBits)
    GPIO_WriteBit                            0x08002a2f   Thumb Code    10  stm32f10x_gpio.o(i.GPIO_WriteBit)
    HardFault_Handler                        0x08002a39   Thumb Code     4  stm32f10x_it.o(i.HardFault_Handler)
    KEY_Init                                 0x08002a6d   Thumb Code    38  key.o(i.KEY_Init)
    Key_GetNum                               0x08002a99   Thumb Code    46  key.o(i.Key_GetNum)
    LED1_On                                  0x08002acd   Thumb Code    12  led.o(i.LED1_On)
    LED2_Off                                 0x08002add   Thumb Code    14  led.o(i.LED2_Off)
    LED2_On                                  0x08002af1   Thumb Code    14  led.o(i.LED2_On)
    LED_Init                                 0x08002b05   Thumb Code    50  led.o(i.LED_Init)
    LIght_Intensity                          0x08002b3d   Thumb Code    64  bh1750.o(i.LIght_Intensity)
    MQ135_ADC_Read                           0x08002b85   Thumb Code     8  mq135.o(i.MQ135_ADC_Read)
    MQ135_GetData                            0x08002b8d   Thumb Code    42  mq135.o(i.MQ135_GetData)
    MQ135_Init                               0x08002bbd   Thumb Code    36  mq135.o(i.MQ135_Init)
    MQTT_DeleteBuffer                        0x08002be5   Thumb Code    28  mqttkit.o(i.MQTT_DeleteBuffer)
    MQTT_DumpLength                          0x08002c01   Thumb Code    46  mqttkit.o(i.MQTT_DumpLength)
    MQTT_NewBuffer                           0x08002c2f   Thumb Code    88  mqttkit.o(i.MQTT_NewBuffer)
    MQTT_PacketConnect                       0x08002c89   Thumb Code   686  mqttkit.o(i.MQTT_PacketConnect)
    MQTT_PacketPublish                       0x08002f3d   Thumb Code   304  mqttkit.o(i.MQTT_PacketPublish)
    MQTT_PacketSaveData                      0x0800306d   Thumb Code    52  mqttkit.o(i.MQTT_PacketSaveData)
    MQTT_PacketSubscribe                     0x080030cd   Thumb Code   254  mqttkit.o(i.MQTT_PacketSubscribe)
    MQTT_ReadLength                          0x080031cb   Thumb Code    70  mqttkit.o(i.MQTT_ReadLength)
    MQTT_UnPacketConnectAck                  0x08003211   Thumb Code    30  mqttkit.o(i.MQTT_UnPacketConnectAck)
    MQTT_UnPacketPublish                     0x08003231   Thumb Code   438  mqttkit.o(i.MQTT_UnPacketPublish)
    MQTT_UnPacketPublishAck                  0x080033f1   Thumb Code    30  mqttkit.o(i.MQTT_UnPacketPublishAck)
    MQTT_UnPacketRecv                        0x08003411   Thumb Code   106  mqttkit.o(i.MQTT_UnPacketRecv)
    MQTT_UnPacketSubscribe                   0x08003485   Thumb Code    52  mqttkit.o(i.MQTT_UnPacketSubscribe)
    MemManage_Handler                        0x080034b9   Thumb Code     4  stm32f10x_it.o(i.MemManage_Handler)
    Motor_Init                               0x080034bd   Thumb Code    42  motor.o(i.Motor_Init)
    Motor_SetSpeed                           0x080034ed   Thumb Code    58  motor.o(i.Motor_SetSpeed)
    NMI_Handler                              0x0800352d   Thumb Code     2  stm32f10x_it.o(i.NMI_Handler)
    NVIC_Init                                0x08003531   Thumb Code   100  misc.o(i.NVIC_Init)
    OLED_Clear                               0x080035a1   Thumb Code    42  oled.o(i.OLED_Clear)
    OLED_I2C_Init                            0x080035cd   Thumb Code    76  oled.o(i.OLED_I2C_Init)
    OLED_I2C_SendByte                        0x0800361d   Thumb Code    80  oled.o(i.OLED_I2C_SendByte)
    OLED_I2C_Start                           0x08003671   Thumb Code    48  oled.o(i.OLED_I2C_Start)
    OLED_I2C_Stop                            0x080036a5   Thumb Code    36  oled.o(i.OLED_I2C_Stop)
    OLED_Init                                0x080036cd   Thumb Code   174  oled.o(i.OLED_Init)
    OLED_Pow                                 0x0800377b   Thumb Code    20  oled.o(i.OLED_Pow)
    OLED_SetCursor                           0x0800378f   Thumb Code    34  oled.o(i.OLED_SetCursor)
    OLED_ShowCN                              0x080037b1   Thumb Code   102  oled.o(i.OLED_ShowCN)
    OLED_ShowChar                            0x0800381d   Thumb Code   110  oled.o(i.OLED_ShowChar)
    OLED_ShowFNum                            0x08003891   Thumb Code    44  oled.o(i.OLED_ShowFNum)
    OLED_ShowNum                             0x080038c5   Thumb Code    68  oled.o(i.OLED_ShowNum)
    OLED_ShowString                          0x08003909   Thumb Code    40  oled.o(i.OLED_ShowString)
    OLED_WriteCommand                        0x08003931   Thumb Code    32  oled.o(i.OLED_WriteCommand)
    OLED_WriteData                           0x08003951   Thumb Code    32  oled.o(i.OLED_WriteData)
    OneNET_Subscribe                         0x08003971   Thumb Code    80  onenet.o(i.OneNET_Subscribe)
    OneNet_DevLink                           0x08003a0d   Thumb Code   196  onenet.o(i.OneNet_DevLink)
    OneNet_FillBuf                           0x08003c1d   Thumb Code   270  onenet.o(i.OneNet_FillBuf)
    OneNet_RevPro                            0x08003e11   Thumb Code   316  onenet.o(i.OneNet_RevPro)
    OneNet_SendData                          0x0800403d   Thumb Code   122  onenet.o(i.OneNet_SendData)
    PWM_Init                                 0x080040f1   Thumb Code   138  pwm.o(i.PWM_Init)
    PWM_SetCompare2                          0x08004185   Thumb Code    14  pwm.o(i.PWM_SetCompare2)
    PendSV_Handler                           0x08004199   Thumb Code     2  stm32f10x_it.o(i.PendSV_Handler)
    RCC_ADCCLKConfig                         0x0800419d   Thumb Code    18  stm32f10x_rcc.o(i.RCC_ADCCLKConfig)
    RCC_APB1PeriphClockCmd                   0x080041b5   Thumb Code    26  stm32f10x_rcc.o(i.RCC_APB1PeriphClockCmd)
    RCC_APB2PeriphClockCmd                   0x080041d5   Thumb Code    26  stm32f10x_rcc.o(i.RCC_APB2PeriphClockCmd)
    RCC_GetClocksFreq                        0x080041f5   Thumb Code   192  stm32f10x_rcc.o(i.RCC_GetClocksFreq)
    SVC_Handler                              0x080042c9   Thumb Code     2  stm32f10x_it.o(i.SVC_Handler)
    Serial_Init                              0x080042cd   Thumb Code   100  serial.o(i.Serial_Init)
    Serial_Printf                            0x08004339   Thumb Code    36  serial.o(i.Serial_Printf)
    Serial_SendByte                          0x0800435d   Thumb Code    28  serial.o(i.Serial_SendByte)
    Serial_SendString                        0x0800437d   Thumb Code    26  serial.o(i.Serial_SendString)
    SysTick_Handler                          0x08004481   Thumb Code     2  stm32f10x_it.o(i.SysTick_Handler)
    SystemInit                               0x08004485   Thumb Code    78  system_stm32f10x.o(i.SystemInit)
    TIM_Cmd                                  0x080044e5   Thumb Code    24  stm32f10x_tim.o(i.TIM_Cmd)
    TIM_InternalClockConfig                  0x080044fd   Thumb Code    12  stm32f10x_tim.o(i.TIM_InternalClockConfig)
    TIM_OC2Init                              0x08004509   Thumb Code   154  stm32f10x_tim.o(i.TIM_OC2Init)
    TIM_OCStructInit                         0x080045ad   Thumb Code    20  stm32f10x_tim.o(i.TIM_OCStructInit)
    TIM_SetCompare2                          0x080045c1   Thumb Code     4  stm32f10x_tim.o(i.TIM_SetCompare2)
    TIM_TimeBaseInit                         0x080045c5   Thumb Code   122  stm32f10x_tim.o(i.TIM_TimeBaseInit)
    USART2_IRQHandler                        0x08004669   Thumb Code    64  esp8266.o(i.USART2_IRQHandler)
    USART_ClearFlag                          0x080046b5   Thumb Code    18  stm32f10x_usart.o(i.USART_ClearFlag)
    USART_Cmd                                0x080046c7   Thumb Code    24  stm32f10x_usart.o(i.USART_Cmd)
    USART_GetFlagStatus                      0x080046df   Thumb Code    26  stm32f10x_usart.o(i.USART_GetFlagStatus)
    USART_GetITStatus                        0x080046f9   Thumb Code    84  stm32f10x_usart.o(i.USART_GetITStatus)
    USART_ITConfig                           0x0800474d   Thumb Code    74  stm32f10x_usart.o(i.USART_ITConfig)
    USART_Init                               0x08004799   Thumb Code   210  stm32f10x_usart.o(i.USART_Init)
    USART_SendData                           0x08004871   Thumb Code     8  stm32f10x_usart.o(i.USART_SendData)
    UsageFault_Handler                       0x08004879   Thumb Code     4  stm32f10x_it.o(i.UsageFault_Handler)
    Usart2_Init                              0x0800487d   Thumb Code   162  esp8266.o(i.Usart2_Init)
    Usart_SendString                         0x08004929   Thumb Code    44  esp8266.o(i.Usart_SendString)
    __ARM_fpclassify                         0x08004959   Thumb Code    40  fpclassify.o(i.__ARM_fpclassify)
    __kernel_poly                            0x08004981   Thumb Code   170  poly.o(i.__kernel_poly)
    __mathlib_dbl_divzero                    0x08004a2d   Thumb Code    12  dunder.o(i.__mathlib_dbl_divzero)
    __mathlib_dbl_infnan2                    0x08004a3d   Thumb Code     4  dunder.o(i.__mathlib_dbl_infnan2)
    __mathlib_dbl_invalid                    0x08004a41   Thumb Code    12  dunder.o(i.__mathlib_dbl_invalid)
    __mathlib_dbl_overflow                   0x08004a4d   Thumb Code    14  dunder.o(i.__mathlib_dbl_overflow)
    __mathlib_dbl_underflow                  0x08004a5d   Thumb Code    10  dunder.o(i.__mathlib_dbl_underflow)
    _is_digit                                0x08004a6d   Thumb Code    14  __printf_wp.o(i._is_digit)
    cJSON_Delete                             0x08004a7d   Thumb Code    82  cjson.o(i.cJSON_Delete)
    cJSON_GetObjectItem                      0x08004ad5   Thumb Code    30  cjson.o(i.cJSON_GetObjectItem)
    cJSON_Parse                              0x08004b15   Thumb Code    16  cjson.o(i.cJSON_Parse)
    cJSON_ParseWithOpts                      0x08004b25   Thumb Code    96  cjson.o(i.cJSON_ParseWithOpts)
    combine                                  0x08004bd5   Thumb Code   110  dht11.o(i.combine)
    i2c_Ack                                  0x08004c45   Thumb Code    52  bh1750.o(i.i2c_Ack)
    i2c_CheckDevice                          0x08004c7d   Thumb Code    28  bh1750.o(i.i2c_CheckDevice)
    i2c_NAck                                 0x08004ca9   Thumb Code    42  bh1750.o(i.i2c_NAck)
    i2c_ReadByte                             0x08004cd9   Thumb Code    66  bh1750.o(i.i2c_ReadByte)
    i2c_SendByte                             0x08004d21   Thumb Code    88  bh1750.o(i.i2c_SendByte)
    i2c_Start                                0x08004d7d   Thumb Code    48  bh1750.o(i.i2c_Start)
    i2c_Stop                                 0x08004db1   Thumb Code    32  bh1750.o(i.i2c_Stop)
    i2c_WaitAck                              0x08004dd5   Thumb Code    62  bh1750.o(i.i2c_WaitAck)
    main                                     0x08004e19   Thumb Code   552  main.o(i.main)
    pow                                      0x08005779   Thumb Code  2512  pow.o(i.pow)
    sqrt                                     0x08006163   Thumb Code    76  sqrt.o(i.sqrt)
    _get_lc_ctype                            0x080061b1   Thumb Code    44  lc_ctype_c.o(locale$$code)
    _get_lc_numeric                          0x080061dd   Thumb Code    44  lc_numeric_c.o(locale$$code)
    __aeabi_dadd                             0x08006209   Thumb Code     0  daddsub_clz.o(x$fpl$dadd)
    _dadd                                    0x08006209   Thumb Code   332  daddsub_clz.o(x$fpl$dadd)
    __fpl_dcheck_NaN1                        0x08006359   Thumb Code    10  dcheck1.o(x$fpl$dcheck1)
    __fpl_dcmp_Inf                           0x08006369   Thumb Code    24  dcmpi.o(x$fpl$dcmpinf)
    __aeabi_ddiv                             0x08006381   Thumb Code     0  ddiv.o(x$fpl$ddiv)
    _ddiv                                    0x08006381   Thumb Code   552  ddiv.o(x$fpl$ddiv)
    __aeabi_d2iz                             0x08006631   Thumb Code     0  dfix.o(x$fpl$dfix)
    _dfix                                    0x08006631   Thumb Code    94  dfix.o(x$fpl$dfix)
    __aeabi_i2d                              0x0800668f   Thumb Code     0  dflt_clz.o(x$fpl$dflt)
    _dflt                                    0x0800668f   Thumb Code    46  dflt_clz.o(x$fpl$dflt)
    __aeabi_cdcmple                          0x080066bd   Thumb Code     0  dleqf.o(x$fpl$dleqf)
    _dcmple                                  0x080066bd   Thumb Code   120  dleqf.o(x$fpl$dleqf)
    __fpl_dcmple_InfNaN                      0x0800671f   Thumb Code     0  dleqf.o(x$fpl$dleqf)
    __aeabi_dmul                             0x08006735   Thumb Code     0  dmul.o(x$fpl$dmul)
    _dmul                                    0x08006735   Thumb Code   332  dmul.o(x$fpl$dmul)
    __fpl_dnaninf                            0x08006889   Thumb Code   156  dnaninf.o(x$fpl$dnaninf)
    __fpl_dretinf                            0x08006925   Thumb Code    12  dretinf.o(x$fpl$dretinf)
    __aeabi_cdrcmple                         0x08006931   Thumb Code     0  drleqf.o(x$fpl$drleqf)
    _drcmple                                 0x08006931   Thumb Code   108  drleqf.o(x$fpl$drleqf)
    __aeabi_drsub                            0x0800699d   Thumb Code     0  daddsub_clz.o(x$fpl$drsb)
    _drsb                                    0x0800699d   Thumb Code    22  daddsub_clz.o(x$fpl$drsb)
    _dsqrt                                   0x080069b5   Thumb Code   456  dsqrt_noumaal.o(x$fpl$dsqrt)
    __aeabi_dsub                             0x08006b81   Thumb Code     0  daddsub_clz.o(x$fpl$dsub)
    _dsub                                    0x08006b81   Thumb Code   464  daddsub_clz.o(x$fpl$dsub)
    __aeabi_f2d                              0x08006d55   Thumb Code     0  f2d.o(x$fpl$f2d)
    _f2d                                     0x08006d55   Thumb Code    86  f2d.o(x$fpl$f2d)
    __aeabi_fadd                             0x08006dad   Thumb Code     0  faddsub_clz.o(x$fpl$fadd)
    _fadd                                    0x08006dad   Thumb Code   196  faddsub_clz.o(x$fpl$fadd)
    __aeabi_fdiv                             0x08006e71   Thumb Code     0  fdiv.o(x$fpl$fdiv)
    _fdiv                                    0x08006e71   Thumb Code   384  fdiv.o(x$fpl$fdiv)
    __aeabi_i2f                              0x08006ff5   Thumb Code     0  fflt_clz.o(x$fpl$fflt)
    _fflt                                    0x08006ff5   Thumb Code    48  fflt_clz.o(x$fpl$fflt)
    __aeabi_ui2f                             0x08007025   Thumb Code     0  fflt_clz.o(x$fpl$ffltu)
    _ffltu                                   0x08007025   Thumb Code    38  fflt_clz.o(x$fpl$ffltu)
    __aeabi_fmul                             0x0800704d   Thumb Code     0  fmul.o(x$fpl$fmul)
    _fmul                                    0x0800704d   Thumb Code   258  fmul.o(x$fpl$fmul)
    __fpl_fnaninf                            0x0800714f   Thumb Code   140  fnaninf.o(x$fpl$fnaninf)
    __fpl_fretinf                            0x080071db   Thumb Code    10  fretinf.o(x$fpl$fretinf)
    __aeabi_fsub                             0x080071e5   Thumb Code     0  faddsub_clz.o(x$fpl$fsub)
    _fsub                                    0x080071e5   Thumb Code   234  faddsub_clz.o(x$fpl$fsub)
    _printf_fp_dec                           0x080072cf   Thumb Code     4  printf1.o(x$fpl$printf1)
    _printf_fp_hex                           0x080072d3   Thumb Code     4  printf2.o(x$fpl$printf2)
    __fpl_return_NaN                         0x080072d7   Thumb Code   100  retnan.o(x$fpl$retnan)
    __ARM_scalbn                             0x0800733b   Thumb Code    92  scalbn.o(x$fpl$scalbn)
    __fpl_cmpreturn                          0x08007397   Thumb Code    48  trapv.o(x$fpl$trapveneer)
    __I$use$fp                               0x080073c6   Number         0  usenofp.o(x$fpl$usenofp)
    OLED_F8x16                               0x080073cd   Data        1520  oled.o(.constdata)
    OLED_F16x16                              0x080079bd   Data         352  oled.o(.constdata)
    __mathlib_zero                           0x08007be8   Data           8  qnan.o(.constdata)
    Region$$Table$$Base                      0x08007d28   Number         0  anon$$obj.o(Region$$Table)
    Region$$Table$$Limit                     0x08007d48   Number         0  anon$$obj.o(Region$$Table)
    __ctype                                  0x08007d55   Data           0  lc_ctype_c.o(locale$$data)
    esp8266_cnt                              0x20000014   Data           2  esp8266.o(.data)
    esp8266_cntPre                           0x20000016   Data           2  esp8266.o(.data)
    Receive                                  0x20000018   Data          20  onenet.o(.data)
    LED_Statue                               0x2000002c   Data           1  onenet.o(.data)
    Virtual_Key                              0x2000002d   Data           1  onenet.o(.data)
    temperature                              0x2000003c   Data           4  dht11.o(.data)
    humidity                                 0x20000040   Data           4  dht11.o(.data)
    lightvalue                               0x20000044   Data           4  bh1750.o(.data)
    Airvalue                                 0x20000048   Data           2  mq135.o(.data)
    Light                                    0x2000004c   Data           4  main.o(.data)
    value                                    0x20000050   Data           2  main.o(.data)
    KeyNum                                   0x20000052   Data           1  main.o(.data)
    Speed                                    0x20000053   Data           1  main.o(.data)
    timeCount                                0x20000054   Data           2  main.o(.data)
    esp8266_buf                              0x20000058   Data         512  esp8266.o(.bss)
    rec_data                                 0x20000258   Data          16  dht11.o(.bss)
    __libspace_start                         0x20000268   Data          96  libspace.o(.bss)
    __temporary_stack_top$libspace           0x200002c8   Data           0  libspace.o(.bss)



==============================================================================

Memory Map of the image

  Image Entry point : 0x080000ed

  Load Region LR_IROM1 (Base: 0x08000000, Size: 0x00007ecc, Max: 0x00010000, ABSOLUTE)

    Execution Region ER_IROM1 (Exec base: 0x08000000, Load base: 0x08000000, Size: 0x00007e74, Max: 0x00010000, ABSOLUTE)

    Exec Addr    Load Addr    Size         Type   Attr      Idx    E Section Name        Object

    0x08000000   0x08000000   0x000000ec   Data   RO            3    RESET               startup_stm32f10x_md.o
    0x080000ec   0x080000ec   0x00000008   Code   RO         5167  * !!!main             c_w.l(__main.o)
    0x080000f4   0x080000f4   0x00000034   Code   RO         5593    !!!scatter          c_w.l(__scatter.o)
    0x08000128   0x08000128   0x0000001a   Code   RO         5595    !!handler_copy      c_w.l(__scatter_copy.o)
    0x08000142   0x08000142   0x00000002   PAD
    0x08000144   0x08000144   0x0000001c   Code   RO         5597    !!handler_zi        c_w.l(__scatter_zi.o)
    0x08000160   0x08000160   0x00000000   Code   RO         5140    .ARM.Collect$$_printf_percent$$00000000  c_w.l(_printf_percent.o)
    0x08000160   0x08000160   0x00000006   Code   RO         5295    .ARM.Collect$$_printf_percent$$00000001  c_w.l(_printf_n.o)
    0x08000166   0x08000166   0x00000006   Code   RO         5296    .ARM.Collect$$_printf_percent$$00000002  c_w.l(_printf_p.o)
    0x0800016c   0x0800016c   0x00000006   Code   RO         5138    .ARM.Collect$$_printf_percent$$00000003  c_w.l(_printf_f.o)
    0x08000172   0x08000172   0x00000006   Code   RO         5139    .ARM.Collect$$_printf_percent$$00000004  c_w.l(_printf_e.o)
    0x08000178   0x08000178   0x00000006   Code   RO         5300    .ARM.Collect$$_printf_percent$$00000005  c_w.l(_printf_g.o)
    0x0800017e   0x0800017e   0x00000006   Code   RO         5301    .ARM.Collect$$_printf_percent$$00000006  c_w.l(_printf_a.o)
    0x08000184   0x08000184   0x0000000a   Code   RO         5306    .ARM.Collect$$_printf_percent$$00000007  c_w.l(_printf_ll.o)
    0x0800018e   0x0800018e   0x00000006   Code   RO         5298    .ARM.Collect$$_printf_percent$$00000008  c_w.l(_printf_i.o)
    0x08000194   0x08000194   0x00000006   Code   RO         5137    .ARM.Collect$$_printf_percent$$00000009  c_w.l(_printf_d.o)
    0x0800019a   0x0800019a   0x00000006   Code   RO         5299    .ARM.Collect$$_printf_percent$$0000000A  c_w.l(_printf_u.o)
    0x080001a0   0x080001a0   0x00000006   Code   RO         5297    .ARM.Collect$$_printf_percent$$0000000B  c_w.l(_printf_o.o)
    0x080001a6   0x080001a6   0x00000006   Code   RO         5136    .ARM.Collect$$_printf_percent$$0000000C  c_w.l(_printf_x.o)
    0x080001ac   0x080001ac   0x00000006   Code   RO         5303    .ARM.Collect$$_printf_percent$$0000000D  c_w.l(_printf_lli.o)
    0x080001b2   0x080001b2   0x00000006   Code   RO         5304    .ARM.Collect$$_printf_percent$$0000000E  c_w.l(_printf_lld.o)
    0x080001b8   0x080001b8   0x00000006   Code   RO         5305    .ARM.Collect$$_printf_percent$$0000000F  c_w.l(_printf_llu.o)
    0x080001be   0x080001be   0x00000006   Code   RO         5310    .ARM.Collect$$_printf_percent$$00000010  c_w.l(_printf_llo.o)
    0x080001c4   0x080001c4   0x00000006   Code   RO         5311    .ARM.Collect$$_printf_percent$$00000011  c_w.l(_printf_llx.o)
    0x080001ca   0x080001ca   0x0000000a   Code   RO         5307    .ARM.Collect$$_printf_percent$$00000012  c_w.l(_printf_l.o)
    0x080001d4   0x080001d4   0x00000006   Code   RO         5294    .ARM.Collect$$_printf_percent$$00000013  c_w.l(_printf_c.o)
    0x080001da   0x080001da   0x00000006   Code   RO         5135    .ARM.Collect$$_printf_percent$$00000014  c_w.l(_printf_s.o)
    0x080001e0   0x080001e0   0x00000006   Code   RO         5308    .ARM.Collect$$_printf_percent$$00000015  c_w.l(_printf_lc.o)
    0x080001e6   0x080001e6   0x00000006   Code   RO         5309    .ARM.Collect$$_printf_percent$$00000016  c_w.l(_printf_ls.o)
    0x080001ec   0x080001ec   0x00000004   Code   RO         5302    .ARM.Collect$$_printf_percent$$00000017  c_w.l(_printf_percent_end.o)
    0x080001f0   0x080001f0   0x00000002   Code   RO         5528    .ARM.Collect$$libinit$$00000000  c_w.l(libinit.o)
    0x080001f2   0x080001f2   0x00000000   Code   RO         5315    .ARM.Collect$$libinit$$00000002  c_w.l(libinit2.o)
    0x080001f2   0x080001f2   0x00000000   Code   RO         5317    .ARM.Collect$$libinit$$00000004  c_w.l(libinit2.o)
    0x080001f2   0x080001f2   0x00000008   Code   RO         5318    .ARM.Collect$$libinit$$00000005  c_w.l(libinit2.o)
    0x080001fa   0x080001fa   0x00000000   Code   RO         5320    .ARM.Collect$$libinit$$0000000A  c_w.l(libinit2.o)
    0x080001fa   0x080001fa   0x00000000   Code   RO         5322    .ARM.Collect$$libinit$$0000000C  c_w.l(libinit2.o)
    0x080001fa   0x080001fa   0x00000000   Code   RO         5324    .ARM.Collect$$libinit$$0000000E  c_w.l(libinit2.o)
    0x080001fa   0x080001fa   0x00000006   Code   RO         5325    .ARM.Collect$$libinit$$0000000F  c_w.l(libinit2.o)
    0x08000200   0x08000200   0x00000000   Code   RO         5327    .ARM.Collect$$libinit$$00000011  c_w.l(libinit2.o)
    0x08000200   0x08000200   0x0000000c   Code   RO         5328    .ARM.Collect$$libinit$$00000012  c_w.l(libinit2.o)
    0x0800020c   0x0800020c   0x00000000   Code   RO         5329    .ARM.Collect$$libinit$$00000013  c_w.l(libinit2.o)
    0x0800020c   0x0800020c   0x00000000   Code   RO         5331    .ARM.Collect$$libinit$$00000015  c_w.l(libinit2.o)
    0x0800020c   0x0800020c   0x0000000a   Code   RO         5332    .ARM.Collect$$libinit$$00000016  c_w.l(libinit2.o)
    0x08000216   0x08000216   0x00000000   Code   RO         5333    .ARM.Collect$$libinit$$00000017  c_w.l(libinit2.o)
    0x08000216   0x08000216   0x00000000   Code   RO         5335    .ARM.Collect$$libinit$$00000019  c_w.l(libinit2.o)
    0x08000216   0x08000216   0x00000000   Code   RO         5337    .ARM.Collect$$libinit$$0000001B  c_w.l(libinit2.o)
    0x08000216   0x08000216   0x00000000   Code   RO         5339    .ARM.Collect$$libinit$$0000001D  c_w.l(libinit2.o)
    0x08000216   0x08000216   0x00000000   Code   RO         5341    .ARM.Collect$$libinit$$0000001F  c_w.l(libinit2.o)
    0x08000216   0x08000216   0x00000000   Code   RO         5343    .ARM.Collect$$libinit$$00000021  c_w.l(libinit2.o)
    0x08000216   0x08000216   0x00000000   Code   RO         5345    .ARM.Collect$$libinit$$00000023  c_w.l(libinit2.o)
    0x08000216   0x08000216   0x00000000   Code   RO         5347    .ARM.Collect$$libinit$$00000025  c_w.l(libinit2.o)
    0x08000216   0x08000216   0x00000000   Code   RO         5351    .ARM.Collect$$libinit$$0000002C  c_w.l(libinit2.o)
    0x08000216   0x08000216   0x00000000   Code   RO         5353    .ARM.Collect$$libinit$$0000002E  c_w.l(libinit2.o)
    0x08000216   0x08000216   0x00000000   Code   RO         5355    .ARM.Collect$$libinit$$00000030  c_w.l(libinit2.o)
    0x08000216   0x08000216   0x00000000   Code   RO         5357    .ARM.Collect$$libinit$$00000032  c_w.l(libinit2.o)
    0x08000216   0x08000216   0x00000002   Code   RO         5358    .ARM.Collect$$libinit$$00000033  c_w.l(libinit2.o)
    0x08000218   0x08000218   0x00000002   Code   RO         5590    .ARM.Collect$$libshutdown$$00000000  c_w.l(libshutdown.o)
    0x0800021a   0x0800021a   0x00000000   Code   RO         5544    .ARM.Collect$$libshutdown$$00000002  c_w.l(libshutdown2.o)
    0x0800021a   0x0800021a   0x00000000   Code   RO         5546    .ARM.Collect$$libshutdown$$00000004  c_w.l(libshutdown2.o)
    0x0800021a   0x0800021a   0x00000000   Code   RO         5549    .ARM.Collect$$libshutdown$$00000007  c_w.l(libshutdown2.o)
    0x0800021a   0x0800021a   0x00000000   Code   RO         5552    .ARM.Collect$$libshutdown$$0000000A  c_w.l(libshutdown2.o)
    0x0800021a   0x0800021a   0x00000000   Code   RO         5554    .ARM.Collect$$libshutdown$$0000000C  c_w.l(libshutdown2.o)
    0x0800021a   0x0800021a   0x00000000   Code   RO         5557    .ARM.Collect$$libshutdown$$0000000F  c_w.l(libshutdown2.o)
    0x0800021a   0x0800021a   0x00000002   Code   RO         5558    .ARM.Collect$$libshutdown$$00000010  c_w.l(libshutdown2.o)
    0x0800021c   0x0800021c   0x00000000   Code   RO         5237    .ARM.Collect$$rtentry$$00000000  c_w.l(__rtentry.o)
    0x0800021c   0x0800021c   0x00000000   Code   RO         5411    .ARM.Collect$$rtentry$$00000002  c_w.l(__rtentry2.o)
    0x0800021c   0x0800021c   0x00000006   Code   RO         5423    .ARM.Collect$$rtentry$$00000004  c_w.l(__rtentry4.o)
    0x08000222   0x08000222   0x00000000   Code   RO         5413    .ARM.Collect$$rtentry$$00000009  c_w.l(__rtentry2.o)
    0x08000222   0x08000222   0x00000004   Code   RO         5414    .ARM.Collect$$rtentry$$0000000A  c_w.l(__rtentry2.o)
    0x08000226   0x08000226   0x00000000   Code   RO         5416    .ARM.Collect$$rtentry$$0000000C  c_w.l(__rtentry2.o)
    0x08000226   0x08000226   0x00000008   Code   RO         5417    .ARM.Collect$$rtentry$$0000000D  c_w.l(__rtentry2.o)
    0x0800022e   0x0800022e   0x00000002   Code   RO         5533    .ARM.Collect$$rtexit$$00000000  c_w.l(rtexit.o)
    0x08000230   0x08000230   0x00000000   Code   RO         5564    .ARM.Collect$$rtexit$$00000002  c_w.l(rtexit2.o)
    0x08000230   0x08000230   0x00000004   Code   RO         5565    .ARM.Collect$$rtexit$$00000003  c_w.l(rtexit2.o)
    0x08000234   0x08000234   0x00000006   Code   RO         5566    .ARM.Collect$$rtexit$$00000004  c_w.l(rtexit2.o)
    0x0800023a   0x0800023a   0x00000002   PAD
    0x0800023c   0x0800023c   0x00000000   Code   RO         5437    .emb_text           c_w.l(maybetermalloc1.o)
    0x0800023c   0x0800023c   0x00000040   Code   RO            4    .text               startup_stm32f10x_md.o
    0x0800027c   0x0800027c   0x0000005e   Code   RO         5016    .text               c_w.l(h1_alloc.o)
    0x080002da   0x080002da   0x0000004e   Code   RO         5018    .text               c_w.l(h1_free.o)
    0x08000328   0x08000328   0x0000001a   Code   RO         5074    .text               c_w.l(tolower.o)
    0x08000342   0x08000342   0x00000002   PAD
    0x08000344   0x08000344   0x00000024   Code   RO         5076    .text               c_w.l(vsprintf.o)
    0x08000368   0x08000368   0x0000002c   Code   RO         5078    .text               c_w.l(__2sprintf.o)
    0x08000394   0x08000394   0x00000038   Code   RO         5080    .text               c_w.l(__2snprintf.o)
    0x080003cc   0x080003cc   0x0000004e   Code   RO         5088    .text               c_w.l(_printf_pad.o)
    0x0800041a   0x0800041a   0x00000052   Code   RO         5090    .text               c_w.l(_printf_str.o)
    0x0800046c   0x0800046c   0x00000078   Code   RO         5092    .text               c_w.l(_printf_dec.o)
    0x080004e4   0x080004e4   0x00000094   Code   RO         5112    .text               c_w.l(_printf_hex_int_ll_ptr.o)
    0x08000578   0x08000578   0x00000188   Code   RO         5132    .text               c_w.l(__printf_flags_ss_wp.o)
    0x08000700   0x08000700   0x00000014   Code   RO         5141    .text               c_w.l(strchr.o)
    0x08000714   0x08000714   0x00000024   Code   RO         5143    .text               c_w.l(strncat.o)
    0x08000738   0x08000738   0x00000024   Code   RO         5145    .text               c_w.l(strstr.o)
    0x0800075c   0x0800075c   0x00000048   Code   RO         5147    .text               c_w.l(strcpy.o)
    0x080007a4   0x080007a4   0x0000003e   Code   RO         5149    .text               c_w.l(strlen.o)
    0x080007e2   0x080007e2   0x00000096   Code   RO         5151    .text               c_w.l(strncmp.o)
    0x08000878   0x08000878   0x00000018   Code   RO         5153    .text               c_w.l(strcat.o)
    0x08000890   0x08000890   0x0000008a   Code   RO         5155    .text               c_w.l(rt_memcpy_v6.o)
    0x0800091a   0x0800091a   0x00000064   Code   RO         5157    .text               c_w.l(rt_memcpy_w.o)
    0x0800097e   0x0800097e   0x00000044   Code   RO         5159    .text               c_w.l(rt_memclr.o)
    0x080009c2   0x080009c2   0x0000004e   Code   RO         5161    .text               c_w.l(rt_memclr_w.o)
    0x08000a10   0x08000a10   0x00000080   Code   RO         5163    .text               c_w.l(strcmpv7m.o)
    0x08000a90   0x08000a90   0x00000006   Code   RO         5165    .text               c_w.l(heapauxi.o)
    0x08000a96   0x08000a96   0x00000002   PAD
    0x08000a98   0x08000a98   0x00000010   Code   RO         5238    .text               c_w.l(rt_ctype_table.o)
    0x08000aa8   0x08000aa8   0x00000008   Code   RO         5243    .text               c_w.l(rt_heap_descriptor_intlibspace.o)
    0x08000ab0   0x08000ab0   0x00000004   Code   RO         5245    .text               c_w.l(hguard.o)
    0x08000ab4   0x08000ab4   0x0000008a   Code   RO         5247    .text               c_w.l(init_alloc.o)
    0x08000b3e   0x08000b3e   0x0000000e   Code   RO         5251    .text               c_w.l(h1_init.o)
    0x08000b4c   0x08000b4c   0x00000016   Code   RO         5265    .text               c_w.l(_rserrno.o)
    0x08000b62   0x08000b62   0x00000024   Code   RO         5267    .text               c_w.l(_printf_truncate.o)
    0x08000b86   0x08000b86   0x000000b2   Code   RO         5269    .text               c_w.l(_printf_intcommon.o)
    0x08000c38   0x08000c38   0x00000028   Code   RO         5271    .text               c_w.l(_printf_charcount.o)
    0x08000c60   0x08000c60   0x0000041e   Code   RO         5273    .text               c_w.l(_printf_fp_dec.o)
    0x0800107e   0x0800107e   0x00000002   PAD
    0x08001080   0x08001080   0x00000030   Code   RO         5275    .text               c_w.l(_printf_char_common.o)
    0x080010b0   0x080010b0   0x0000000a   Code   RO         5277    .text               c_w.l(_sputc.o)
    0x080010ba   0x080010ba   0x00000010   Code   RO         5279    .text               c_w.l(_snputc.o)
    0x080010ca   0x080010ca   0x0000002c   Code   RO         5281    .text               c_w.l(_printf_char.o)
    0x080010f6   0x080010f6   0x00000002   PAD
    0x080010f8   0x080010f8   0x000000bc   Code   RO         5283    .text               c_w.l(_printf_wctomb.o)
    0x080011b4   0x080011b4   0x0000007c   Code   RO         5286    .text               c_w.l(_printf_longlong_dec.o)
    0x08001230   0x08001230   0x00000070   Code   RO         5292    .text               c_w.l(_printf_oct_int_ll.o)
    0x080012a0   0x080012a0   0x00000008   Code   RO         5407    .text               c_w.l(libspace.o)
    0x080012a8   0x080012a8   0x00000008   Code   RO         5428    .text               c_w.l(rt_locale_intlibspace.o)
    0x080012b0   0x080012b0   0x00000008   Code   RO         5433    .text               c_w.l(rt_errno_addr_intlibspace.o)
    0x080012b8   0x080012b8   0x00000034   Code   RO         5439    .text               c_w.l(h1_extend.o)
    0x080012ec   0x080012ec   0x0000008a   Code   RO         5443    .text               c_w.l(lludiv10.o)
    0x08001376   0x08001376   0x00000002   PAD
    0x08001378   0x08001378   0x000002fc   Code   RO         5445    .text               c_w.l(_printf_fp_hex.o)
    0x08001674   0x08001674   0x00000080   Code   RO         5448    .text               c_w.l(_printf_fp_infnan.o)
    0x080016f4   0x080016f4   0x0000002c   Code   RO         5452    .text               c_w.l(_printf_wchar.o)
    0x08001720   0x08001720   0x000000e4   Code   RO         5454    .text               c_w.l(bigflt0.o)
    0x08001804   0x08001804   0x00000040   Code   RO         5479    .text               c_w.l(_wcrtomb.o)
    0x08001844   0x08001844   0x0000000e   Code   RO         5487    .text               c_w.l(defsig_rtmem_outer.o)
    0x08001852   0x08001852   0x00000002   Code   RO         5504    .text               c_w.l(use_no_semi.o)
    0x08001854   0x08001854   0x00000000   Code   RO         5506    .text               c_w.l(indicate_semi.o)
    0x08001854   0x08001854   0x0000004a   Code   RO         5507    .text               c_w.l(sys_stackheap_outer.o)
    0x0800189e   0x0800189e   0x00000012   Code   RO         5513    .text               c_w.l(exit.o)
    0x080018b0   0x080018b0   0x0000000a   Code   RO         5515    .text               c_w.l(defsig_exit.o)
    0x080018ba   0x080018ba   0x00000002   PAD
    0x080018bc   0x080018bc   0x00000050   Code   RO         5517    .text               c_w.l(defsig_rtmem_inner.o)
    0x0800190c   0x0800190c   0x0000000c   Code   RO         5531    .text               c_w.l(sys_exit.o)
    0x08001918   0x08001918   0x00000032   Code   RO         5541    .text               c_w.l(defsig_general.o)
    0x0800194a   0x0800194a   0x0000000e   Code   RO         5561    .text               c_w.l(sys_wrch.o)
    0x08001958   0x08001958   0x0000003e   Code   RO         5457    CL$$btod_d2e        c_w.l(btod.o)
    0x08001996   0x08001996   0x00000046   Code   RO         5459    CL$$btod_d2e_denorm_low  c_w.l(btod.o)
    0x080019dc   0x080019dc   0x00000060   Code   RO         5458    CL$$btod_d2e_norm_op1  c_w.l(btod.o)
    0x08001a3c   0x08001a3c   0x00000338   Code   RO         5467    CL$$btod_div_common  c_w.l(btod.o)
    0x08001d74   0x08001d74   0x000000dc   Code   RO         5464    CL$$btod_e2e        c_w.l(btod.o)
    0x08001e50   0x08001e50   0x0000002a   Code   RO         5461    CL$$btod_ediv       c_w.l(btod.o)
    0x08001e7a   0x08001e7a   0x0000002a   Code   RO         5460    CL$$btod_emul       c_w.l(btod.o)
    0x08001ea4   0x08001ea4   0x00000244   Code   RO         5466    CL$$btod_mult_common  c_w.l(btod.o)
    0x080020e8   0x080020e8   0x00000016   Code   RO          202    i.ADC_Cmd           stm32f10x_adc.o
    0x080020fe   0x080020fe   0x00000014   Code   RO          210    i.ADC_GetCalibrationStatus  stm32f10x_adc.o
    0x08002112   0x08002112   0x00000008   Code   RO          211    i.ADC_GetConversionValue  stm32f10x_adc.o
    0x0800211a   0x0800211a   0x00000012   Code   RO          213    i.ADC_GetFlagStatus  stm32f10x_adc.o
    0x0800212c   0x0800212c   0x00000014   Code   RO          216    i.ADC_GetResetCalibrationStatus  stm32f10x_adc.o
    0x08002140   0x08002140   0x00000050   Code   RO          220    i.ADC_Init          stm32f10x_adc.o
    0x08002190   0x08002190   0x000000b8   Code   RO          224    i.ADC_RegularChannelConfig  stm32f10x_adc.o
    0x08002248   0x08002248   0x0000000a   Code   RO          225    i.ADC_ResetCalibration  stm32f10x_adc.o
    0x08002252   0x08002252   0x00000016   Code   RO          227    i.ADC_SoftwareStartConvCmd  stm32f10x_adc.o
    0x08002268   0x08002268   0x0000000a   Code   RO          229    i.ADC_StartCalibration  stm32f10x_adc.o
    0x08002272   0x08002272   0x00000002   PAD
    0x08002274   0x08002274   0x00000024   Code   RO         3999    i.AD_GetValue       ad.o
    0x08002298   0x08002298   0x000000a0   Code   RO         4000    i.AD_Init           ad.o
    0x08002338   0x08002338   0x00000032   Code   RO         4735    i.BH1750_Byte_Write  bh1750.o
    0x0800236a   0x0800236a   0x00000012   Code   RO         4736    i.BH1750_Init       bh1750.o
    0x0800237c   0x0800237c   0x0000000a   Code   RO         4738    i.BH1750_Power_ON   bh1750.o
    0x08002386   0x08002386   0x0000003a   Code   RO         4740    i.BH1750_Read_Measure  bh1750.o
    0x080023c0   0x080023c0   0x00000004   Code   RO         4947    i.BusFault_Handler  stm32f10x_it.o
    0x080023c4   0x080023c4   0x0000002c   Code   RO         4597    i.DH11_GPIO_Init_IN  dht11.o
    0x080023f0   0x080023f0   0x0000002c   Code   RO         4598    i.DH11_GPIO_Init_OUT  dht11.o
    0x0800241c   0x0800241c   0x000000d0   Code   RO         4599    i.DHT11_REC_Data    dht11.o
    0x080024ec   0x080024ec   0x00000054   Code   RO         4600    i.DHT11_Rec_Byte    dht11.o
    0x08002540   0x08002540   0x00000040   Code   RO         4601    i.DHT11_Start       dht11.o
    0x08002580   0x08002580   0x00000002   Code   RO         4948    i.DebugMon_Handler  stm32f10x_it.o
    0x08002582   0x08002582   0x00000018   Code   RO         4889    i.Delay_ms          delay.o
    0x0800259a   0x0800259a   0x0000002e   Code   RO         4891    i.Delay_us          delay.o
    0x080025c8   0x080025c8   0x0000001c   Code   RO         3196    i.ESP8266_Clear     esp8266.o
    0x080025e4   0x080025e4   0x00000050   Code   RO         3197    i.ESP8266_GetIPD    esp8266.o
    0x08002634   0x08002634   0x000001ec   Code   RO         3198    i.ESP8266_Init      esp8266.o
    0x08002820   0x08002820   0x00000050   Code   RO         3199    i.ESP8266_SendCmd   esp8266.o
    0x08002870   0x08002870   0x00000048   Code   RO         3200    i.ESP8266_SendData  esp8266.o
    0x080028b8   0x080028b8   0x00000034   Code   RO         3201    i.ESP8266_WaitRecive  esp8266.o
    0x080028ec   0x080028ec   0x00000116   Code   RO         1347    i.GPIO_Init         stm32f10x_gpio.o
    0x08002a02   0x08002a02   0x00000012   Code   RO         1351    i.GPIO_ReadInputDataBit  stm32f10x_gpio.o
    0x08002a14   0x08002a14   0x00000012   Code   RO         1353    i.GPIO_ReadOutputDataBit  stm32f10x_gpio.o
    0x08002a26   0x08002a26   0x00000004   Code   RO         1354    i.GPIO_ResetBits    stm32f10x_gpio.o
    0x08002a2a   0x08002a2a   0x00000004   Code   RO         1355    i.GPIO_SetBits      stm32f10x_gpio.o
    0x08002a2e   0x08002a2e   0x0000000a   Code   RO         1358    i.GPIO_WriteBit     stm32f10x_gpio.o
    0x08002a38   0x08002a38   0x00000004   Code   RO         4949    i.HardFault_Handler  stm32f10x_it.o
    0x08002a3c   0x08002a3c   0x00000030   Code   RO         4741    i.I2C_BH1750_GPIOConfig  bh1750.o
    0x08002a6c   0x08002a6c   0x0000002c   Code   RO         4148    i.KEY_Init          key.o
    0x08002a98   0x08002a98   0x00000034   Code   RO         4149    i.Key_GetNum        key.o
    0x08002acc   0x08002acc   0x00000010   Code   RO         4170    i.LED1_On           led.o
    0x08002adc   0x08002adc   0x00000014   Code   RO         4172    i.LED2_Off          led.o
    0x08002af0   0x08002af0   0x00000014   Code   RO         4173    i.LED2_On           led.o
    0x08002b04   0x08002b04   0x00000038   Code   RO         4178    i.LED_Init          led.o
    0x08002b3c   0x08002b3c   0x00000048   Code   RO         4742    i.LIght_Intensity   bh1750.o
    0x08002b84   0x08002b84   0x00000008   Code   RO         4847    i.MQ135_ADC_Read    mq135.o
    0x08002b8c   0x08002b8c   0x00000030   Code   RO         4848    i.MQ135_GetData     mq135.o
    0x08002bbc   0x08002bbc   0x00000028   Code   RO         4850    i.MQ135_Init        mq135.o
    0x08002be4   0x08002be4   0x0000001c   Code   RO         3359    i.MQTT_DeleteBuffer  mqttkit.o
    0x08002c00   0x08002c00   0x0000002e   Code   RO         3360    i.MQTT_DumpLength   mqttkit.o
    0x08002c2e   0x08002c2e   0x00000058   Code   RO         3361    i.MQTT_NewBuffer    mqttkit.o
    0x08002c86   0x08002c86   0x00000002   PAD
    0x08002c88   0x08002c88   0x000002b4   Code   RO         3363    i.MQTT_PacketConnect  mqttkit.o
    0x08002f3c   0x08002f3c   0x00000130   Code   RO         3364    i.MQTT_PacketPublish  mqttkit.o
    0x0800306c   0x0800306c   0x00000060   Code   RO         3365    i.MQTT_PacketSaveData  mqttkit.o
    0x080030cc   0x080030cc   0x000000fe   Code   RO         3366    i.MQTT_PacketSubscribe  mqttkit.o
    0x080031ca   0x080031ca   0x00000046   Code   RO         3367    i.MQTT_ReadLength   mqttkit.o
    0x08003210   0x08003210   0x0000001e   Code   RO         3369    i.MQTT_UnPacketConnectAck  mqttkit.o
    0x0800322e   0x0800322e   0x00000002   PAD
    0x08003230   0x08003230   0x000001c0   Code   RO         3370    i.MQTT_UnPacketPublish  mqttkit.o
    0x080033f0   0x080033f0   0x0000001e   Code   RO         3371    i.MQTT_UnPacketPublishAck  mqttkit.o
    0x0800340e   0x0800340e   0x00000002   PAD
    0x08003410   0x08003410   0x00000074   Code   RO         3372    i.MQTT_UnPacketRecv  mqttkit.o
    0x08003484   0x08003484   0x00000034   Code   RO         3373    i.MQTT_UnPacketSubscribe  mqttkit.o
    0x080034b8   0x080034b8   0x00000004   Code   RO         4950    i.MemManage_Handler  stm32f10x_it.o
    0x080034bc   0x080034bc   0x00000030   Code   RO         4318    i.Motor_Init        motor.o
    0x080034ec   0x080034ec   0x00000040   Code   RO         4319    i.Motor_SetSpeed    motor.o
    0x0800352c   0x0800352c   0x00000002   Code   RO         4951    i.NMI_Handler       stm32f10x_it.o
    0x0800352e   0x0800352e   0x00000002   PAD
    0x08003530   0x08003530   0x00000070   Code   RO          137    i.NVIC_Init         misc.o
    0x080035a0   0x080035a0   0x0000002a   Code   RO         4339    i.OLED_Clear        oled.o
    0x080035ca   0x080035ca   0x00000002   PAD
    0x080035cc   0x080035cc   0x00000050   Code   RO         4340    i.OLED_I2C_Init     oled.o
    0x0800361c   0x0800361c   0x00000054   Code   RO         4341    i.OLED_I2C_SendByte  oled.o
    0x08003670   0x08003670   0x00000034   Code   RO         4342    i.OLED_I2C_Start    oled.o
    0x080036a4   0x080036a4   0x00000028   Code   RO         4343    i.OLED_I2C_Stop     oled.o
    0x080036cc   0x080036cc   0x000000ae   Code   RO         4344    i.OLED_Init         oled.o
    0x0800377a   0x0800377a   0x00000014   Code   RO         4345    i.OLED_Pow          oled.o
    0x0800378e   0x0800378e   0x00000022   Code   RO         4346    i.OLED_SetCursor    oled.o
    0x080037b0   0x080037b0   0x0000006c   Code   RO         4348    i.OLED_ShowCN       oled.o
    0x0800381c   0x0800381c   0x00000074   Code   RO         4349    i.OLED_ShowChar     oled.o
    0x08003890   0x08003890   0x00000034   Code   RO         4350    i.OLED_ShowFNum     oled.o
    0x080038c4   0x080038c4   0x00000044   Code   RO         4352    i.OLED_ShowNum      oled.o
    0x08003908   0x08003908   0x00000028   Code   RO         4354    i.OLED_ShowString   oled.o
    0x08003930   0x08003930   0x00000020   Code   RO         4355    i.OLED_WriteCommand  oled.o
    0x08003950   0x08003950   0x00000020   Code   RO         4356    i.OLED_WriteData    oled.o
    0x08003970   0x08003970   0x0000009c   Code   RO         3468    i.OneNET_Subscribe  onenet.o
    0x08003a0c   0x08003a0c   0x00000210   Code   RO         3469    i.OneNet_DevLink    onenet.o
    0x08003c1c   0x08003c1c   0x000001f4   Code   RO         3470    i.OneNet_FillBuf    onenet.o
    0x08003e10   0x08003e10   0x0000022c   Code   RO         3471    i.OneNet_RevPro     onenet.o
    0x0800403c   0x0800403c   0x000000b4   Code   RO         3472    i.OneNet_SendData   onenet.o
    0x080040f0   0x080040f0   0x00000094   Code   RO         4100    i.PWM_Init          pwm.o
    0x08004184   0x08004184   0x00000014   Code   RO         4101    i.PWM_SetCompare2   pwm.o
    0x08004198   0x08004198   0x00000002   Code   RO         4952    i.PendSV_Handler    stm32f10x_it.o
    0x0800419a   0x0800419a   0x00000002   PAD
    0x0800419c   0x0800419c   0x00000018   Code   RO         1773    i.RCC_ADCCLKConfig  stm32f10x_rcc.o
    0x080041b4   0x080041b4   0x00000020   Code   RO         1775    i.RCC_APB1PeriphClockCmd  stm32f10x_rcc.o
    0x080041d4   0x080041d4   0x00000020   Code   RO         1777    i.RCC_APB2PeriphClockCmd  stm32f10x_rcc.o
    0x080041f4   0x080041f4   0x000000d4   Code   RO         1785    i.RCC_GetClocksFreq  stm32f10x_rcc.o
    0x080042c8   0x080042c8   0x00000002   Code   RO         4953    i.SVC_Handler       stm32f10x_it.o
    0x080042ca   0x080042ca   0x00000002   PAD
    0x080042cc   0x080042cc   0x0000006c   Code   RO         4459    i.Serial_Init       serial.o
    0x08004338   0x08004338   0x00000024   Code   RO         4461    i.Serial_Printf     serial.o
    0x0800435c   0x0800435c   0x00000020   Code   RO         4463    i.Serial_SendByte   serial.o
    0x0800437c   0x0800437c   0x0000001a   Code   RO         4465    i.Serial_SendString  serial.o
    0x08004396   0x08004396   0x00000008   Code   RO           24    i.SetSysClock       system_stm32f10x.o
    0x0800439e   0x0800439e   0x00000002   PAD
    0x080043a0   0x080043a0   0x000000e0   Code   RO           25    i.SetSysClockTo72   system_stm32f10x.o
    0x08004480   0x08004480   0x00000002   Code   RO         4954    i.SysTick_Handler   stm32f10x_it.o
    0x08004482   0x08004482   0x00000002   PAD
    0x08004484   0x08004484   0x00000060   Code   RO           27    i.SystemInit        system_stm32f10x.o
    0x080044e4   0x080044e4   0x00000018   Code   RO         2421    i.TIM_Cmd           stm32f10x_tim.o
    0x080044fc   0x080044fc   0x0000000c   Code   RO         2448    i.TIM_InternalClockConfig  stm32f10x_tim.o
    0x08004508   0x08004508   0x000000a4   Code   RO         2455    i.TIM_OC2Init       stm32f10x_tim.o
    0x080045ac   0x080045ac   0x00000014   Code   RO         2468    i.TIM_OCStructInit  stm32f10x_tim.o
    0x080045c0   0x080045c0   0x00000004   Code   RO         2483    i.TIM_SetCompare2   stm32f10x_tim.o
    0x080045c4   0x080045c4   0x000000a4   Code   RO         2492    i.TIM_TimeBaseInit  stm32f10x_tim.o
    0x08004668   0x08004668   0x0000004c   Code   RO         3202    i.USART2_IRQHandler  esp8266.o
    0x080046b4   0x080046b4   0x00000012   Code   RO         2956    i.USART_ClearFlag   stm32f10x_usart.o
    0x080046c6   0x080046c6   0x00000018   Code   RO         2960    i.USART_Cmd         stm32f10x_usart.o
    0x080046de   0x080046de   0x0000001a   Code   RO         2963    i.USART_GetFlagStatus  stm32f10x_usart.o
    0x080046f8   0x080046f8   0x00000054   Code   RO         2964    i.USART_GetITStatus  stm32f10x_usart.o
    0x0800474c   0x0800474c   0x0000004a   Code   RO         2966    i.USART_ITConfig    stm32f10x_usart.o
    0x08004796   0x08004796   0x00000002   PAD
    0x08004798   0x08004798   0x000000d8   Code   RO         2967    i.USART_Init        stm32f10x_usart.o
    0x08004870   0x08004870   0x00000008   Code   RO         2977    i.USART_SendData    stm32f10x_usart.o
    0x08004878   0x08004878   0x00000004   Code   RO         4955    i.UsageFault_Handler  stm32f10x_it.o
    0x0800487c   0x0800487c   0x000000ac   Code   RO         3203    i.Usart2_Init       esp8266.o
    0x08004928   0x08004928   0x00000030   Code   RO         3204    i.Usart_SendString  esp8266.o
    0x08004958   0x08004958   0x00000028   Code   RO         5392    i.__ARM_fpclassify  m_ws.l(fpclassify.o)
    0x08004980   0x08004980   0x000000aa   Code   RO         5394    i.__kernel_poly     m_ws.l(poly.o)
    0x08004a2a   0x08004a2a   0x00000002   PAD
    0x08004a2c   0x08004a2c   0x00000010   Code   RO         5378    i.__mathlib_dbl_divzero  m_ws.l(dunder.o)
    0x08004a3c   0x08004a3c   0x00000004   Code   RO         5380    i.__mathlib_dbl_infnan2  m_ws.l(dunder.o)
    0x08004a40   0x08004a40   0x0000000c   Code   RO         5381    i.__mathlib_dbl_invalid  m_ws.l(dunder.o)
    0x08004a4c   0x08004a4c   0x0000000e   Code   RO         5382    i.__mathlib_dbl_overflow  m_ws.l(dunder.o)
    0x08004a5a   0x08004a5a   0x00000002   PAD
    0x08004a5c   0x08004a5c   0x00000010   Code   RO         5384    i.__mathlib_dbl_underflow  m_ws.l(dunder.o)
    0x08004a6c   0x08004a6c   0x0000000e   Code   RO         5125    i._is_digit         c_w.l(__printf_wp.o)
    0x08004a7a   0x08004a7a   0x00000002   PAD
    0x08004a7c   0x08004a7c   0x00000058   Code   RO         3658    i.cJSON_Delete      cjson.o
    0x08004ad4   0x08004ad4   0x0000001e   Code   RO         3667    i.cJSON_GetObjectItem  cjson.o
    0x08004af2   0x08004af2   0x00000002   PAD
    0x08004af4   0x08004af4   0x00000020   Code   RO         3671    i.cJSON_New_Item    cjson.o
    0x08004b14   0x08004b14   0x00000010   Code   RO         3672    i.cJSON_Parse       cjson.o
    0x08004b24   0x08004b24   0x00000064   Code   RO         3673    i.cJSON_ParseWithOpts  cjson.o
    0x08004b88   0x08004b88   0x0000004c   Code   RO         3679    i.cJSON_strcasecmp  cjson.o
    0x08004bd4   0x08004bd4   0x0000006e   Code   RO         4602    i.combine           dht11.o
    0x08004c42   0x08004c42   0x00000002   PAD
    0x08004c44   0x08004c44   0x00000038   Code   RO         4743    i.i2c_Ack           bh1750.o
    0x08004c7c   0x08004c7c   0x0000001c   Code   RO         4744    i.i2c_CheckDevice   bh1750.o
    0x08004c98   0x08004c98   0x0000000e   Code   RO         4745    i.i2c_Delay         bh1750.o
    0x08004ca6   0x08004ca6   0x00000002   PAD
    0x08004ca8   0x08004ca8   0x00000030   Code   RO         4746    i.i2c_NAck          bh1750.o
    0x08004cd8   0x08004cd8   0x00000048   Code   RO         4747    i.i2c_ReadByte      bh1750.o
    0x08004d20   0x08004d20   0x0000005c   Code   RO         4748    i.i2c_SendByte      bh1750.o
    0x08004d7c   0x08004d7c   0x00000034   Code   RO         4749    i.i2c_Start         bh1750.o
    0x08004db0   0x08004db0   0x00000024   Code   RO         4750    i.i2c_Stop          bh1750.o
    0x08004dd4   0x08004dd4   0x00000044   Code   RO         4751    i.i2c_WaitAck       bh1750.o
    0x08004e18   0x08004e18   0x00000248   Code   RO         4913    i.main              main.o
    0x08005060   0x08005060   0x000000ac   Code   RO         3683    i.parse_array       cjson.o
    0x0800510c   0x0800510c   0x00000114   Code   RO         3684    i.parse_hex4        cjson.o
    0x08005220   0x08005220   0x000001bc   Code   RO         3685    i.parse_number      cjson.o
    0x080053dc   0x080053dc   0x00000114   Code   RO         3686    i.parse_object      cjson.o
    0x080054f0   0x080054f0   0x000001cc   Code   RO         3687    i.parse_string      cjson.o
    0x080056bc   0x080056bc   0x000000bc   Code   RO         3688    i.parse_value       cjson.o
    0x08005778   0x08005778   0x000009d8   Code   RO         5226    i.pow               m_ws.l(pow.o)
    0x08006150   0x08006150   0x00000012   Code   RO         3696    i.skip              cjson.o
    0x08006162   0x08006162   0x0000004c   Code   RO         5398    i.sqrt              m_ws.l(sqrt.o)
    0x080061ae   0x080061ae   0x00000002   PAD
    0x080061b0   0x080061b0   0x0000002c   Code   RO         5482    locale$$code        c_w.l(lc_ctype_c.o)
    0x080061dc   0x080061dc   0x0000002c   Code   RO         5485    locale$$code        c_w.l(lc_numeric_c.o)
    0x08006208   0x08006208   0x00000150   Code   RO         5171    x$fpl$dadd          fz_ws.l(daddsub_clz.o)
    0x08006358   0x08006358   0x00000010   Code   RO         5496    x$fpl$dcheck1       fz_ws.l(dcheck1.o)
    0x08006368   0x08006368   0x00000018   Code   RO         5359    x$fpl$dcmpinf       fz_ws.l(dcmpi.o)
    0x08006380   0x08006380   0x000002b0   Code   RO         5178    x$fpl$ddiv          fz_ws.l(ddiv.o)
    0x08006630   0x08006630   0x0000005e   Code   RO         5183    x$fpl$dfix          fz_ws.l(dfix.o)
    0x0800668e   0x0800668e   0x0000002e   Code   RO         5188    x$fpl$dflt          fz_ws.l(dflt_clz.o)
    0x080066bc   0x080066bc   0x00000078   Code   RO         5193    x$fpl$dleqf         fz_ws.l(dleqf.o)
    0x08006734   0x08006734   0x00000154   Code   RO         5195    x$fpl$dmul          fz_ws.l(dmul.o)
    0x08006888   0x08006888   0x0000009c   Code   RO         5361    x$fpl$dnaninf       fz_ws.l(dnaninf.o)
    0x08006924   0x08006924   0x0000000c   Code   RO         5363    x$fpl$dretinf       fz_ws.l(dretinf.o)
    0x08006930   0x08006930   0x0000006c   Code   RO         5197    x$fpl$drleqf        fz_ws.l(drleqf.o)
    0x0800699c   0x0800699c   0x00000016   Code   RO         5172    x$fpl$drsb          fz_ws.l(daddsub_clz.o)
    0x080069b2   0x080069b2   0x00000002   PAD
    0x080069b4   0x080069b4   0x000001cc   Code   RO         5498    x$fpl$dsqrt         fz_ws.l(dsqrt_noumaal.o)
    0x08006b80   0x08006b80   0x000001d4   Code   RO         5173    x$fpl$dsub          fz_ws.l(daddsub_clz.o)
    0x08006d54   0x08006d54   0x00000056   Code   RO         5199    x$fpl$f2d           fz_ws.l(f2d.o)
    0x08006daa   0x08006daa   0x00000002   PAD
    0x08006dac   0x08006dac   0x000000c4   Code   RO         5201    x$fpl$fadd          fz_ws.l(faddsub_clz.o)
    0x08006e70   0x08006e70   0x00000184   Code   RO         5208    x$fpl$fdiv          fz_ws.l(fdiv.o)
    0x08006ff4   0x08006ff4   0x00000030   Code   RO         5212    x$fpl$fflt          fz_ws.l(fflt_clz.o)
    0x08007024   0x08007024   0x00000026   Code   RO         5211    x$fpl$ffltu         fz_ws.l(fflt_clz.o)
    0x0800704a   0x0800704a   0x00000002   PAD
    0x0800704c   0x0800704c   0x00000102   Code   RO         5217    x$fpl$fmul          fz_ws.l(fmul.o)
    0x0800714e   0x0800714e   0x0000008c   Code   RO         5365    x$fpl$fnaninf       fz_ws.l(fnaninf.o)
    0x080071da   0x080071da   0x0000000a   Code   RO         5367    x$fpl$fretinf       fz_ws.l(fretinf.o)
    0x080071e4   0x080071e4   0x000000ea   Code   RO         5203    x$fpl$fsub          fz_ws.l(faddsub_clz.o)
    0x080072ce   0x080072ce   0x00000004   Code   RO         5219    x$fpl$printf1       fz_ws.l(printf1.o)
    0x080072d2   0x080072d2   0x00000004   Code   RO         5369    x$fpl$printf2       fz_ws.l(printf2.o)
    0x080072d6   0x080072d6   0x00000064   Code   RO         5529    x$fpl$retnan        fz_ws.l(retnan.o)
    0x0800733a   0x0800733a   0x0000005c   Code   RO         5375    x$fpl$scalbn        fz_ws.l(scalbn.o)
    0x08007396   0x08007396   0x00000030   Code   RO         5559    x$fpl$trapveneer    fz_ws.l(trapv.o)
    0x080073c6   0x080073c6   0x00000000   Code   RO         5377    x$fpl$usenofp       fz_ws.l(usenofp.o)
    0x080073c6   0x080073c6   0x00000007   Data   RO         3699    .constdata          cjson.o
    0x080073cd   0x080073cd   0x00000750   Data   RO         4357    .constdata          oled.o
    0x08007b1d   0x08007b1d   0x00000028   Data   RO         5113    .constdata          c_w.l(_printf_hex_int_ll_ptr.o)
    0x08007b45   0x08007b45   0x00000011   Data   RO         5133    .constdata          c_w.l(__printf_flags_ss_wp.o)
    0x08007b56   0x08007b56   0x00000002   PAD
    0x08007b58   0x08007b58   0x00000088   Data   RO         5227    .constdata          m_ws.l(pow.o)
    0x08007be0   0x08007be0   0x00000008   Data   RO         5284    .constdata          c_w.l(_printf_wctomb.o)
    0x08007be8   0x08007be8   0x00000008   Data   RO         5396    .constdata          m_ws.l(qnan.o)
    0x08007bf0   0x08007bf0   0x00000026   Data   RO         5446    .constdata          c_w.l(_printf_fp_hex.o)
    0x08007c16   0x08007c16   0x00000002   PAD
    0x08007c18   0x08007c18   0x00000094   Data   RO         5455    .constdata          c_w.l(bigflt0.o)
    0x08007cac   0x08007cac   0x0000007a   Data   RO         3473    .conststring        onenet.o
    0x08007d26   0x08007d26   0x00000002   PAD
    0x08007d28   0x08007d28   0x00000020   Data   RO         5591    Region$$Table       anon$$obj.o
    0x08007d48   0x08007d48   0x00000110   Data   RO         5481    locale$$data        c_w.l(lc_ctype_c.o)
    0x08007e58   0x08007e58   0x0000001c   Data   RO         5484    locale$$data        c_w.l(lc_numeric_c.o)


    Execution Region RW_IRAM1 (Exec base: 0x20000000, Load base: 0x08007e74, Size: 0x000008c8, Max: 0x00005000, ABSOLUTE)

    Exec Addr    Load Addr    Size         Type   Attr      Idx    E Section Name        Object

    0x20000000   0x08007e74   0x00000014   Data   RW         1805    .data               stm32f10x_rcc.o
    0x20000014   0x08007e88   0x00000004   Data   RW         3206    .data               esp8266.o
    0x20000018   0x08007e8c   0x00000018   Data   RW         3474    .data               onenet.o
    0x20000030   0x08007ea4   0x0000000c   Data   RW         3700    .data               cjson.o
    0x2000003c   0x08007eb0   0x00000008   Data   RW         4604    .data               dht11.o
    0x20000044   0x08007eb8   0x00000004   Data   RW         4752    .data               bh1750.o
    0x20000048   0x08007ebc   0x00000002   Data   RW         4851    .data               mq135.o
    0x2000004a   0x08007ebe   0x00000002   PAD
    0x2000004c   0x08007ec0   0x0000000a   Data   RW         4914    .data               main.o
    0x20000056   0x08007eca   0x00000002   PAD
    0x20000058        -       0x00000200   Zero   RW         3205    .bss                esp8266.o
    0x20000258        -       0x00000010   Zero   RW         4603    .bss                dht11.o
    0x20000268        -       0x00000060   Zero   RW         5408    .bss                c_w.l(libspace.o)
    0x200002c8        -       0x00000200   Zero   RW            2    HEAP                startup_stm32f10x_md.o
    0x200004c8        -       0x00000400   Zero   RW            1    STACK               startup_stm32f10x_md.o


==============================================================================

Image component sizes


      Code (inc. data)   RO Data    RW Data    ZI Data      Debug   Object Name

       196         12          0          0          0     219972   ad.o
       722         46          0          4          0       7147   bh1750.o
      2176         82          7         12          0      11481   cjson.o
         0          0          0          0          0       4548   core_cm3.o
        70          0          0          0          0        874   delay.o
       554         36          0          8         16      12487   dht11.o
      1100        320          0          4        512     223592   esp8266.o
        96         12          0          0          0        900   key.o
       112         22          0          0          0       9926   led.o
       584         32          0         10          0       1108   main.o
       112         12          0          0          0     204192   misc.o
       112         12          0          0          0        942   motor.o
        96         10          0          2          0       1629   mq135.o
      2254         70          0          0          0      12832   mqttkit.o
       974         36       1872          0          0       8463   oled.o
      1920        942        122         24          0     238372   onenet.o
       168         16          0          0          0       1057   pwm.o
       202         12          0          0          0      16976   serial.o
        64         26        236          0       1536        800   startup_stm32f10x_md.o
       394         10          0          0          0      16337   stm32f10x_adc.o
       332          0          0          0          0      12721   stm32f10x_gpio.o
        26          0          0          0          0       3514   stm32f10x_it.o
       300         38          0         20          0      13313   stm32f10x_rcc.o
       388         52          0          0          0      23882   stm32f10x_tim.o
       450          6          0          0          0      11663   stm32f10x_usart.o
       328         28          0          0          0      18725   system_stm32f10x.o

    ----------------------------------------------------------------------
     13758       1832       2271         88       2064    1077453   Object Totals
         0          0         32          0          0          0   (incl. Generated)
        28          0          2          4          0          0   (incl. Padding)

    ----------------------------------------------------------------------

      Code (inc. data)   RO Data    RW Data    ZI Data      Debug   Library Member Name

        56          6          0          0          0         88   __2snprintf.o
        44          6          0          0          0         84   __2sprintf.o
         8          0          0          0          0         68   __main.o
       392          4         17          0          0         92   __printf_flags_ss_wp.o
        14          0          0          0          0         68   __printf_wp.o
         0          0          0          0          0          0   __rtentry.o
        12          0          0          0          0          0   __rtentry2.o
         6          0          0          0          0          0   __rtentry4.o
        52          8          0          0          0          0   __scatter.o
        26          0          0          0          0          0   __scatter_copy.o
        28          0          0          0          0          0   __scatter_zi.o
         6          0          0          0          0          0   _printf_a.o
         6          0          0          0          0          0   _printf_c.o
        44          0          0          0          0        108   _printf_char.o
        48          6          0          0          0         96   _printf_char_common.o
        40          0          0          0          0         68   _printf_charcount.o
         6          0          0          0          0          0   _printf_d.o
       120         16          0          0          0         92   _printf_dec.o
         6          0          0          0          0          0   _printf_e.o
         6          0          0          0          0          0   _printf_f.o
      1054          0          0          0          0        216   _printf_fp_dec.o
       764          8         38          0          0        100   _printf_fp_hex.o
       128         16          0          0          0         84   _printf_fp_infnan.o
         6          0          0          0          0          0   _printf_g.o
       148          4         40          0          0        160   _printf_hex_int_ll_ptr.o
         6          0          0          0          0          0   _printf_i.o
       178          0          0          0          0         88   _printf_intcommon.o
        10          0          0          0          0          0   _printf_l.o
         6          0          0          0          0          0   _printf_lc.o
        10          0          0          0          0          0   _printf_ll.o
         6          0          0          0          0          0   _printf_lld.o
         6          0          0          0          0          0   _printf_lli.o
         6          0          0          0          0          0   _printf_llo.o
         6          0          0          0          0          0   _printf_llu.o
         6          0          0          0          0          0   _printf_llx.o
       124         16          0          0          0         92   _printf_longlong_dec.o
         6          0          0          0          0          0   _printf_ls.o
         6          0          0          0          0          0   _printf_n.o
         6          0          0          0          0          0   _printf_o.o
       112         10          0          0          0        124   _printf_oct_int_ll.o
         6          0          0          0          0          0   _printf_p.o
        78          0          0          0          0        108   _printf_pad.o
         0          0          0          0          0          0   _printf_percent.o
         4          0          0          0          0          0   _printf_percent_end.o
         6          0          0          0          0          0   _printf_s.o
        82          0          0          0          0         80   _printf_str.o
        36          0          0          0          0         84   _printf_truncate.o
         6          0          0          0          0          0   _printf_u.o
        44          0          0          0          0        108   _printf_wchar.o
       188          6          8          0          0         92   _printf_wctomb.o
         6          0          0          0          0          0   _printf_x.o
        22          0          0          0          0        100   _rserrno.o
        16          0          0          0          0         68   _snputc.o
        10          0          0          0          0         68   _sputc.o
        64          0          0          0          0         92   _wcrtomb.o
       228          4        148          0          0         96   bigflt0.o
      1936        128          0          0          0        672   btod.o
        10          0          0          0          0         68   defsig_exit.o
        50          0          0          0          0         88   defsig_general.o
        80         58          0          0          0         76   defsig_rtmem_inner.o
        14          0          0          0          0         80   defsig_rtmem_outer.o
        18          0          0          0          0         80   exit.o
        94          0          0          0          0         80   h1_alloc.o
        52          0          0          0          0         68   h1_extend.o
        78          0          0          0          0         80   h1_free.o
        14          0          0          0          0         84   h1_init.o
         6          0          0          0          0        152   heapauxi.o
         4          0          0          0          0        136   hguard.o
         0          0          0          0          0          0   indicate_semi.o
       138          0          0          0          0        168   init_alloc.o
        44         10        272          0          0         76   lc_ctype_c.o
        44         10         28          0          0         76   lc_numeric_c.o
         2          0          0          0          0          0   libinit.o
        38          0          0          0          0          0   libinit2.o
         2          0          0          0          0          0   libshutdown.o
         2          0          0          0          0          0   libshutdown2.o
         8          4          0          0         96         68   libspace.o
       138          0          0          0          0         80   lludiv10.o
         0          0          0          0          0          0   maybetermalloc1.o
        16          4          0          0          0         76   rt_ctype_table.o
         8          4          0          0          0         68   rt_errno_addr_intlibspace.o
         8          4          0          0          0         68   rt_heap_descriptor_intlibspace.o
         8          4          0          0          0         68   rt_locale_intlibspace.o
        68          0          0          0          0         68   rt_memclr.o
        78          0          0          0          0         80   rt_memclr_w.o
       138          0          0          0          0         68   rt_memcpy_v6.o
       100          0          0          0          0         80   rt_memcpy_w.o
         2          0          0          0          0          0   rtexit.o
        10          0          0          0          0          0   rtexit2.o
        24          0          0          0          0         68   strcat.o
        20          0          0          0          0         68   strchr.o
       128          0          0          0          0         68   strcmpv7m.o
        72          0          0          0          0         80   strcpy.o
        62          0          0          0          0         76   strlen.o
        36          0          0          0          0         76   strncat.o
       150          0          0          0          0         80   strncmp.o
        36          0          0          0          0         80   strstr.o
        12          4          0          0          0         68   sys_exit.o
        74          0          0          0          0         80   sys_stackheap_outer.o
        14          0          0          0          0         76   sys_wrch.o
        26          0          0          0          0         76   tolower.o
         2          0          0          0          0         68   use_no_semi.o
        36          4          0          0          0         76   vsprintf.o
       826         16          0          0          0        348   daddsub_clz.o
        16          4          0          0          0         68   dcheck1.o
        24          0          0          0          0         68   dcmpi.o
       688        140          0          0          0        208   ddiv.o
        94          4          0          0          0         92   dfix.o
        46          0          0          0          0         68   dflt_clz.o
       120          4          0          0          0         92   dleqf.o
       340         12          0          0          0        104   dmul.o
       156          4          0          0          0         92   dnaninf.o
        12          0          0          0          0         68   dretinf.o
       108          0          0          0          0         80   drleqf.o
       460         56          0          0          0        120   dsqrt_noumaal.o
        86          4          0          0          0         84   f2d.o
       430          8          0          0          0        168   faddsub_clz.o
       388         76          0          0          0         96   fdiv.o
        86          0          0          0          0        136   fflt_clz.o
       258          4          0          0          0         84   fmul.o
       140          4          0          0          0         84   fnaninf.o
        10          0          0          0          0         68   fretinf.o
         4          0          0          0          0         68   printf1.o
         4          0          0          0          0         68   printf2.o
       100          0          0          0          0         68   retnan.o
        92          0          0          0          0         68   scalbn.o
        48          0          0          0          0         68   trapv.o
         0          0          0          0          0          0   usenofp.o
        62         10          0          0          0        340   dunder.o
        40          0          0          0          0         68   fpclassify.o
       170          0          0          0          0         96   poly.o
      2520        190        136          0          0        324   pow.o
         0          0          8          0          0          0   qnan.o
        76          0          0          0          0         84   sqrt.o

    ----------------------------------------------------------------------
     15644        880        699          0         96       9652   Library Totals
        30          0          4          0          0          0   (incl. Padding)

    ----------------------------------------------------------------------

      Code (inc. data)   RO Data    RW Data    ZI Data      Debug   Library Name

      8210        344        551          0         96       6272   c_w.l
      4536        336          0          0          0       2468   fz_ws.l
      2868        200        144          0          0        912   m_ws.l

    ----------------------------------------------------------------------
     15644        880        699          0         96       9652   Library Totals

    ----------------------------------------------------------------------

==============================================================================


      Code (inc. data)   RO Data    RW Data    ZI Data      Debug   

     29402       2712       2970         88       2160    1074257   Grand Totals
     29402       2712       2970         88       2160    1074257   ELF Image Totals
     29402       2712       2970         88          0          0   ROM Totals

==============================================================================

    Total RO  Size (Code + RO Data)                32372 (  31.61kB)
    Total RW  Size (RW Data + ZI Data)              2248 (   2.20kB)
    Total ROM Size (Code + RO Data + RW Data)      32460 (  31.70kB)

==============================================================================

