Component: ARM Compiler 5.06 update 5 (build 528) Tool: armlink [4d35e2]

==============================================================================

Section Cross References

    startup_stm32f10x_md.o(STACK) refers (Special) to heapauxi.o(.text) for __use_two_region_memory
    startup_stm32f10x_md.o(HEAP) refers (Special) to heapauxi.o(.text) for __use_two_region_memory
    startup_stm32f10x_md.o(RESET) refers (Special) to heapauxi.o(.text) for __use_two_region_memory
    startup_stm32f10x_md.o(RESET) refers to startup_stm32f10x_md.o(STACK) for __initial_sp
    startup_stm32f10x_md.o(RESET) refers to startup_stm32f10x_md.o(.text) for Reset_Handler
    startup_stm32f10x_md.o(RESET) refers to stm32f10x_it.o(i.NMI_Handler) for NMI_Handler
    startup_stm32f10x_md.o(RESET) refers to stm32f10x_it.o(i.HardFault_Handler) for HardFault_Handler
    startup_stm32f10x_md.o(RESET) refers to stm32f10x_it.o(i.MemManage_Handler) for MemManage_Handler
    startup_stm32f10x_md.o(RESET) refers to stm32f10x_it.o(i.BusFault_Handler) for BusFault_Handler
    startup_stm32f10x_md.o(RESET) refers to stm32f10x_it.o(i.UsageFault_Handler) for UsageFault_Handler
    startup_stm32f10x_md.o(RESET) refers to stm32f10x_it.o(i.SVC_Handler) for SVC_Handler
    startup_stm32f10x_md.o(RESET) refers to stm32f10x_it.o(i.DebugMon_Handler) for DebugMon_Handler
    startup_stm32f10x_md.o(RESET) refers to stm32f10x_it.o(i.PendSV_Handler) for PendSV_Handler
    startup_stm32f10x_md.o(RESET) refers to stm32f10x_it.o(i.SysTick_Handler) for SysTick_Handler
    startup_stm32f10x_md.o(RESET) refers to esp8266.o(i.USART2_IRQHandler) for USART2_IRQHandler
    startup_stm32f10x_md.o(.text) refers (Special) to heapauxi.o(.text) for __use_two_region_memory
    startup_stm32f10x_md.o(.text) refers to system_stm32f10x.o(i.SystemInit) for SystemInit
    startup_stm32f10x_md.o(.text) refers to __main.o(!!!main) for __main
    startup_stm32f10x_md.o(.text) refers to startup_stm32f10x_md.o(HEAP) for Heap_Mem
    startup_stm32f10x_md.o(.text) refers to startup_stm32f10x_md.o(STACK) for Stack_Mem
    system_stm32f10x.o(i.SetSysClock) refers to system_stm32f10x.o(i.SetSysClockTo72) for SetSysClockTo72
    system_stm32f10x.o(i.SystemCoreClockUpdate) refers to system_stm32f10x.o(.data) for SystemCoreClock
    system_stm32f10x.o(i.SystemInit) refers to system_stm32f10x.o(i.SetSysClock) for SetSysClock
    stm32f10x_adc.o(i.ADC_DeInit) refers to stm32f10x_rcc.o(i.RCC_APB2PeriphResetCmd) for RCC_APB2PeriphResetCmd
    stm32f10x_bkp.o(i.BKP_DeInit) refers to stm32f10x_rcc.o(i.RCC_BackupResetCmd) for RCC_BackupResetCmd
    stm32f10x_can.o(i.CAN_DeInit) refers to stm32f10x_rcc.o(i.RCC_APB1PeriphResetCmd) for RCC_APB1PeriphResetCmd
    stm32f10x_can.o(i.CAN_GetITStatus) refers to stm32f10x_can.o(i.CheckITStatus) for CheckITStatus
    stm32f10x_cec.o(i.CEC_DeInit) refers to stm32f10x_rcc.o(i.RCC_APB1PeriphResetCmd) for RCC_APB1PeriphResetCmd
    stm32f10x_dac.o(i.DAC_DeInit) refers to stm32f10x_rcc.o(i.RCC_APB1PeriphResetCmd) for RCC_APB1PeriphResetCmd
    stm32f10x_flash.o(i.FLASH_EnableWriteProtection) refers to stm32f10x_flash.o(i.FLASH_WaitForLastOperation) for FLASH_WaitForLastOperation
    stm32f10x_flash.o(i.FLASH_EraseAllBank1Pages) refers to stm32f10x_flash.o(i.FLASH_WaitForLastBank1Operation) for FLASH_WaitForLastBank1Operation
    stm32f10x_flash.o(i.FLASH_EraseAllPages) refers to stm32f10x_flash.o(i.FLASH_WaitForLastOperation) for FLASH_WaitForLastOperation
    stm32f10x_flash.o(i.FLASH_EraseOptionBytes) refers to stm32f10x_flash.o(i.FLASH_GetReadOutProtectionStatus) for FLASH_GetReadOutProtectionStatus
    stm32f10x_flash.o(i.FLASH_EraseOptionBytes) refers to stm32f10x_flash.o(i.FLASH_WaitForLastOperation) for FLASH_WaitForLastOperation
    stm32f10x_flash.o(i.FLASH_ErasePage) refers to stm32f10x_flash.o(i.FLASH_WaitForLastOperation) for FLASH_WaitForLastOperation
    stm32f10x_flash.o(i.FLASH_ProgramHalfWord) refers to stm32f10x_flash.o(i.FLASH_WaitForLastOperation) for FLASH_WaitForLastOperation
    stm32f10x_flash.o(i.FLASH_ProgramOptionByteData) refers to stm32f10x_flash.o(i.FLASH_WaitForLastOperation) for FLASH_WaitForLastOperation
    stm32f10x_flash.o(i.FLASH_ProgramWord) refers to stm32f10x_flash.o(i.FLASH_WaitForLastOperation) for FLASH_WaitForLastOperation
    stm32f10x_flash.o(i.FLASH_ReadOutProtection) refers to stm32f10x_flash.o(i.FLASH_WaitForLastOperation) for FLASH_WaitForLastOperation
    stm32f10x_flash.o(i.FLASH_UserOptionByteConfig) refers to stm32f10x_flash.o(i.FLASH_WaitForLastOperation) for FLASH_WaitForLastOperation
    stm32f10x_flash.o(i.FLASH_WaitForLastBank1Operation) refers to stm32f10x_flash.o(i.FLASH_GetBank1Status) for FLASH_GetBank1Status
    stm32f10x_flash.o(i.FLASH_WaitForLastOperation) refers to stm32f10x_flash.o(i.FLASH_GetBank1Status) for FLASH_GetBank1Status
    stm32f10x_gpio.o(i.GPIO_AFIODeInit) refers to stm32f10x_rcc.o(i.RCC_APB2PeriphResetCmd) for RCC_APB2PeriphResetCmd
[...]
    __rt_exit_prels_1                        0x08000231   Thumb Code     0  rtexit2.o(.ARM.Collect$$rtexit$$00000002)
    __rt_exit_exit                           0x08000235   Thumb Code     0  rtexit2.o(.ARM.Collect$$rtexit$$00000004)
    Reset_Handler                            0x0800023d   Thumb Code     8  startup_stm32f10x_md.o(.text)
    _maybe_terminate_alloc                   0x0800023d   Thumb Code     0  maybetermalloc1.o(.emb_text)
    ADC1_2_IRQHandler                        0x08000257   Thumb Code     0  startup_stm32f10x_md.o(.text)
    CAN1_RX1_IRQHandler                      0x08000257   Thumb Code     0  startup_stm32f10x_md.o(.text)
    CAN1_SCE_IRQHandler                      0x08000257   Thumb Code     0  startup_stm32f10x_md.o(.text)
    DMA1_Channel1_IRQHandler                 0x08000257   Thumb Code     0  startup_stm32f10x_md.o(.text)
    DMA1_Channel2_IRQHandler                 0x08000257   Thumb Code     0  startup_stm32f10x_md.o(.text)
    DMA1_Channel3_IRQHandler                 0x08000257   Thumb Code     0  startup_stm32f10x_md.o(.text)
    DMA1_Channel4_IRQHandler                 0x08000257   Thumb Code     0  startup_stm32f10x_md.o(.text)
    DMA1_Channel5_IRQHandler                 0x08000257   Thumb Code     0  startup_stm32f10x_md.o(.text)
    DMA1_Channel6_IRQHandler                 0x08000257   Thumb Code     0  startup_stm32f10x_md.o(.text)
    DMA1_Channel7_IRQHandler                 0x08000257   Thumb Code     0  startup_stm32f10x_md.o(.text)
    EXTI0_IRQHandler                         0x08000257   Thumb Code     0  startup_stm32f10x_md.o(.text)
    EXTI15_10_IRQHandler                     0x08000257   Thumb Code     0  startup_stm32f10x_md.o(.text)
    EXTI1_IRQHandler                         0x08000257   Thumb Code     0  startup_stm32f10x_md.o(.text)
    EXTI2_IRQHandler                         0x08000257   Thumb Code     0  startup_stm32f10x_md.o(.text)
    EXTI3_IRQHandler                         0x08000257   Thumb Code     0  startup_stm32f10x_md.o(.text)
    EXTI4_IRQHandler                         0x08000257   Thumb Code     0  startup_stm32f10x_md.o(.text)
    EXTI9_5_IRQHandler                       0x08000257   Thumb Code     0  startup_stm32f10x_md.o(.text)
    FLASH_IRQHandler                         0x08000257   Thumb Code     0  startup_stm32f10x_md.o(.text)
    I2C1_ER_IRQHandler                       0x08000257   Thumb Code     0  startup_stm32f10x_md.o(.text)
    I2C1_EV_IRQHandler                       0x08000257   Thumb Code     0  startup_stm32f10x_md.o(.text)
    I2C2_ER_IRQHandler                       0x08000257   Thumb Code     0  startup_stm32f10x_md.o(.text)
    I2C2_EV_IRQHandler                       0x08000257   Thumb Code     0  startup_stm32f10x_md.o(.text)
    PVD_IRQHandler                           0x08000257   Thumb Code     0  startup_stm32f10x_md.o(.text)
    RCC_IRQHandler                           0x08000257   Thumb Code     0  startup_stm32f10x_md.o(.text)
    RTCAlarm_IRQHandler                      0x08000257   Thumb Code     0  startup_stm32f10x_md.o(.text)
    RTC_IRQHandler                           0x08000257   Thumb Code     0  startup_stm32f10x_md.o(.text)
    SPI1_IRQHandler                          0x08000257   Thumb Code     0  startup_stm32f10x_md.o(.text)
    SPI2_IRQHandler                          0x08000257   Thumb Code     0  startup_stm32f10x_md.o(.text)
    TAMPER_IRQHandler                        0x08000257   Thumb Code     0  startup_stm32f10x_md.o(.text)
    TIM1_BRK_IRQHandler                      0x08000257   Thumb Code     0  startup_stm32f10x_md.o(.text)
    TIM1_CC_IRQHandler                       0x08000257   Thumb Code     0  startup_stm32f10x_md.o(.text)
    TIM1_TRG_COM_IRQHandler                  0x08000257   Thumb Code     0  startup_stm32f10x_md.o(.text)
    TIM1_UP_IRQHandler                       0x08000257   Thumb Code     0  startup_stm32f10x_md.o(.text)
    TIM2_IRQHandler                          0x08000257   Thumb Code     0  startup_stm32f10x_md.o(.text)
    TIM3_IRQHandler                          0x08000257   Thumb Code     0  startup_stm32f10x_md.o(.text)
    TIM4_IRQHandler                          0x08000257   Thumb Code     0  startup_stm32f10x_md.o(.text)
    USART1_IRQHandler                        0x08000257   Thumb Code     0  startup_stm32f10x_md.o(.text)
    USART3_IRQHandler                        0x08000257   Thumb Code     0  startup_stm32f10x_md.o(.text)
    USBWakeUp_IRQHandler                     0x08000257   Thumb Code     0  startup_stm32f10x_md.o(.text)
    USB_HP_CAN1_TX_IRQHandler                0x08000257   Thumb Code     0  startup_stm32f10x_md.o(.text)
    USB_LP_CAN1_RX0_IRQHandler               0x08000257   Thumb Code     0  startup_stm32f10x_md.o(.text)
    WWDG_IRQHandler                          0x08000257   Thumb Code     0  startup_stm32f10x_md.o(.text)
    __user_initial_stackheap                 0x08000259   Thumb Code     0  startup_stm32f10x_md.o(.text)
    malloc                                   0x0800027d   Thumb Code    94  h1_alloc.o(.text)
    free                                     0x080002db   Thumb Code    78  h1_free.o(.text)
    tolower                                  0x08000329   Thumb Code    26  tolower.o(.text)
    vsprintf                                 0x08000345   Thumb Code    32  vsprintf.o(.text)
    __2sprintf                               0x08000369   Thumb Code    38  __2sprintf.o(.text)
    __2snprintf                              0x08000395   Thumb Code    50  __2snprintf.o(.text)
    _printf_pre_padding                      0x080003cd   Thumb Code    44  _printf_pad.o(.text)
    _printf_post_padding                     0x080003f9   Thumb Code    34  _printf_pad.o(.text)
    _printf_str                              0x0800041b   Thumb Code    82  _printf_str.o(.text)
    _printf_int_dec                          0x0800046d   Thumb Code   104  _printf_dec.o(.text)
    _printf_longlong_hex                     0x080004e5   Thumb Code    86  _printf_hex_int_ll_ptr.o(.text)
    _printf_int_hex                          0x0800053b   Thumb Code    28  _printf_hex_int_ll_ptr.o(.text)
    _printf_ll_hex                           0x08000557   Thumb Code    12  _printf_hex_int_ll_ptr.o(.text)
    _printf_hex_ptr                          0x08000563   Thumb Code    18  _printf_hex_int_ll_ptr.o(.text)
    __printf                                 0x08000579   Thumb Code   388  __printf_flags_ss_wp.o(.text)
    strchr                                   0x08000701   Thumb Code    20  strchr.o(.text)
    strncat                                  0x08000715   Thumb Code    36  strncat.o(.text)
    strstr                                   0x08000739   Thumb Code    36  strstr.o(.text)
    strcpy                                   0x0800075d   Thumb Code    72  strcpy.o(.text)
    strlen                                   0x080007a5   Thumb Code    62  strlen.o(.text)
    strncmp                                  0x080007e3   Thumb Code   150  strncmp.o(.text)
    strcat                                   0x08000879   Thumb Code    24  strcat.o(.text)
    __aeabi_memcpy                           0x08000891   Thumb Code     0  rt_memcpy_v6.o(.text)
    __rt_memcpy                              0x08000891   Thumb Code   138  rt_memcpy_v6.o(.text)
    _memcpy_lastbytes                        0x080008f7   Thumb Code     0  rt_memcpy_v6.o(.text)
    __aeabi_memcpy4                          0x0800091b   Thumb Code     0  rt_memcpy_w.o(.text)
    __aeabi_memcpy8                          0x0800091b   Thumb Code     0  rt_memcpy_w.o(.text)
    __rt_memcpy_w                            0x0800091b   Thumb Code   100  rt_memcpy_w.o(.text)
    _memcpy_lastbytes_aligned                0x08000963   Thumb Code     0  rt_memcpy_w.o(.text)
    __aeabi_memclr                           0x0800097f   Thumb Code     0  rt_memclr.o(.text)
    __rt_memclr                              0x0800097f   Thumb Code    68  rt_memclr.o(.text)
    _memset                                  0x08000983   Thumb Code     0  rt_memclr.o(.text)
    __aeabi_memclr4                          0x080009c3   Thumb Code     0  rt_memclr_w.o(.text)
    __aeabi_memclr8                          0x080009c3   Thumb Code     0  rt_memclr_w.o(.text)
    __rt_memclr_w                            0x080009c3   Thumb Code    78  rt_memclr_w.o(.text)
    _memset_w                                0x080009c7   Thumb Code     0  rt_memclr_w.o(.text)
    strcmp                                   0x08000a11   Thumb Code   128  strcmpv7m.o(.text)
    __use_two_region_memory                  0x08000a91   Thumb Code     2  heapauxi.o(.text)
    __rt_heap_escrow                         0x08000a93   Thumb Code     2  heapauxi.o(.text)
    __rt_heap_expand                         0x08000a95   Thumb Code     2  heapauxi.o(.text)
    __rt_ctype_table                         0x08000a99   Thumb Code    16  rt_ctype_table.o(.text)
    __rt_heap_descriptor                     0x08000aa9   Thumb Code     8  rt_heap_descriptor_intlibspace.o(.text)
    __use_no_heap                            0x08000ab1   Thumb Code     2  hguard.o(.text)
    __heap$guard                             0x08000ab3   Thumb Code     2  hguard.o(.text)
    _terminate_user_alloc                    0x08000ab5   Thumb Code     2  init_alloc.o(.text)
    _init_user_alloc                         0x08000ab7   Thumb Code     2  init_alloc.o(.text)
    __Heap_Full                              0x08000ab9   Thumb Code    34  init_alloc.o(.text)
    __Heap_Broken                            0x08000adb   Thumb Code     6  init_alloc.o(.text)
    _init_alloc                              0x08000ae1   Thumb Code    94  init_alloc.o(.text)
    __Heap_Initialize                        0x08000b3f   Thumb Code    10  h1_init.o(.text)
    __Heap_DescSize                          0x08000b49   Thumb Code     4  h1_init.o(.text)
    __read_errno                             0x08000b4d   Thumb Code    10  _rserrno.o(.text)
    __set_errno                              0x08000b57   Thumb Code    12  _rserrno.o(.text)
    _printf_truncate_signed                  0x08000b63   Thumb Code    18  _printf_truncate.o(.text)
    _printf_truncate_unsigned                0x08000b75   Thumb Code    18  _printf_truncate.o(.text)
    _printf_int_common                       0x08000b87   Thumb Code   178  _printf_intcommon.o(.text)
    _printf_charcount                        0x08000c39   Thumb Code    40  _printf_charcount.o(.text)
    __lib_sel_fp_printf                      0x08000c61   Thumb Code     2  _printf_fp_dec.o(.text)
    _printf_fp_dec_real                      0x08000e13   Thumb Code   620  _printf_fp_dec.o(.text)
    _printf_char_common                      0x0800108b   Thumb Code    32  _printf_char_common.o(.text)
    _sputc                                   0x080010b1   Thumb Code    10  _sputc.o(.text)
    _snputc                                  0x080010bb   Thumb Code    16  _snputc.o(.text)
    _printf_cs_common                        0x080010cb   Thumb Code    20  _printf_char.o(.text)
    _printf_char                             0x080010df   Thumb Code    16  _printf_char.o(.text)
    _printf_string                           0x080010ef   Thumb Code     8  _printf_char.o(.text)
    _printf_wctomb                           0x080010f9   Thumb Code   182  _printf_wctomb.o(.text)
    _printf_longlong_dec                     0x080011b5   Thumb Code   108  _printf_longlong_dec.o(.text)
    _printf_longlong_oct                     0x08001231   Thumb Code    66  _printf_oct_int_ll.o(.text)
    _printf_int_oct                          0x08001273   Thumb Code    24  _printf_oct_int_ll.o(.text)
    _printf_ll_oct                           0x0800128b   Thumb Code    12  _printf_oct_int_ll.o(.text)
    __user_libspace                          0x080012a1   Thumb Code     8  libspace.o(.text)
    __user_perproc_libspace                  0x080012a1   Thumb Code     0  libspace.o(.text)
    __user_perthread_libspace                0x080012a1   Thumb Code     0  libspace.o(.text)
    __rt_locale                              0x080012a9   Thumb Code     8  rt_locale_intlibspace.o(.text)
    __aeabi_errno_addr                       0x080012b1   Thumb Code     8  rt_errno_addr_intlibspace.o(.text)
    __errno$intlibspace                      0x080012b1   Thumb Code     0  rt_errno_addr_intlibspace.o(.text)
    __rt_errno_addr$intlibspace              0x080012b1   Thumb Code     0  rt_errno_addr_intlibspace.o(.text)
    __Heap_ProvideMemory                     0x080012b9   Thumb Code    52  h1_extend.o(.text)
    _ll_udiv10                               0x080012ed   Thumb Code   138  lludiv10.o(.text)
    _printf_fp_hex_real                      0x08001379   Thumb Code   756  _printf_fp_hex.o(.text)
    _printf_fp_infnan                        0x08001675   Thumb Code   112  _printf_fp_infnan.o(.text)
    _printf_lcs_common                       0x080016f5   Thumb Code    20  _printf_wchar.o(.text)
    _printf_wchar                            0x08001709   Thumb Code    16  _printf_wchar.o(.text)
    _printf_wstring                          0x08001719   Thumb Code     8  _printf_wchar.o(.text)
    _btod_etento                             0x08001721   Thumb Code   224  bigflt0.o(.text)
    _wcrtomb                                 0x08001805   Thumb Code    64  _wcrtomb.o(.text)
    __rt_SIGRTMEM                            0x08001845   Thumb Code    14  defsig_rtmem_outer.o(.text)
    __I$use$semihosting                      0x08001853   Thumb Code     0  use_no_semi.o(.text)
    __use_no_semihosting_swi                 0x08001853   Thumb Code     2  use_no_semi.o(.text)
    __semihosting_library_function           0x08001855   Thumb Code     0  indicate_semi.o(.text)
    __user_setup_stackheap                   0x08001855   Thumb Code    74  sys_stackheap_outer.o(.text)
    exit                                     0x0800189f   Thumb Code    18  exit.o(.text)
    __sig_exit                               0x080018b1   Thumb Code    10  defsig_exit.o(.text)
    __rt_SIGRTMEM_inner                      0x080018bd   Thumb Code    22  defsig_rtmem_inner.o(.text)
    _sys_exit                                0x0800190d   Thumb Code     8  sys_exit.o(.text)
    __default_signal_display                 0x08001919   Thumb Code    50  defsig_general.o(.text)
    _ttywrch                                 0x0800194b   Thumb Code    14  sys_wrch.o(.text)
    _btod_d2e                                0x08001959   Thumb Code    62  btod.o(CL$$btod_d2e)
    _d2e_denorm_low                          0x08001997   Thumb Code    70  btod.o(CL$$btod_d2e_denorm_low)
    _d2e_norm_op1                            0x080019dd   Thumb Code    96  btod.o(CL$$btod_d2e_norm_op1)
    __btod_div_common                        0x08001a3d   Thumb Code   696  btod.o(CL$$btod_div_common)
    _e2e                                     0x08001d75   Thumb Code   220  btod.o(CL$$btod_e2e)
    _btod_ediv                               0x08001e51   Thumb Code    42  btod.o(CL$$btod_ediv)
    _btod_emul                               0x08001e7b   Thumb Code    42  btod.o(CL$$btod_emul)
    __btod_mult_common                       0x08001ea5   Thumb Code   580  btod.o(CL$$btod_mult_common)
    ADC_Cmd                                  0x080020e9   Thumb Code    22  stm32f10x_adc.o(i.ADC_Cmd)
    ADC_GetCalibrationStatus                 0x080020ff   Thumb Code    20  stm32f10x_adc.o(i.ADC_GetCalibrationStatus)
    ADC_GetConversionValue                   0x08002113   Thumb Code     8  stm32f10x_adc.o(i.ADC_GetConversionValue)
    ADC_GetFlagStatus                        0x0800211b   Thumb Code    18  stm32f10x_adc.o(i.ADC_GetFlagStatus)
    ADC_GetResetCalibrationStatus            0x0800212d   Thumb Code    20  stm32f10x_adc.o(i.ADC_GetResetCalibrationStatus)
    ADC_Init                                 0x08002141   Thumb Code    70  stm32f10x_adc.o(i.ADC_Init)
    ADC_RegularChannelConfig                 0x08002191   Thumb Code   184  stm32f10x_adc.o(i.ADC_RegularChannelConfig)
    ADC_ResetCalibration                     0x08002249   Thumb Code    10  stm32f10x_adc.o(i.ADC_ResetCalibration)
    ADC_SoftwareStartConvCmd                 0x08002253   Thumb Code    22  stm32f10x_adc.o(i.ADC_SoftwareStartConvCmd)
    ADC_StartCalibration                     0x08002269   Thumb Code    10  stm32f10x_adc.o(i.ADC_StartCalibration)
    AD_GetValue                              0x08002275   Thumb Code    32  ad.o(i.AD_GetValue)
    AD_Init                                  0x08002299   Thumb Code   152  ad.o(i.AD_Init)
    BH1750_Byte_Write                        0x08002339   Thumb Code    50  bh1750.o(i.BH1750_Byte_Write)
    BH1750_Init                              0x0800236b   Thumb Code    18  bh1750.o(i.BH1750_Init)
    BH1750_Power_ON                          0x0800237d   Thumb Code    10  bh1750.o(i.BH1750_Power_ON)
    BH1750_Read_Measure                      0x08002387   Thumb Code    58  bh1750.o(i.BH1750_Read_Measure)
    BusFault_Handler                         0x080023c1   Thumb Code     4  stm32f10x_it.o(i.BusFault_Handler)
    DH11_GPIO_Init_IN                        0x080023c5   Thumb Code    38  dht11.o(i.DH11_GPIO_Init_IN)
    DH11_GPIO_Init_OUT                       0x080023f1   Thumb Code    38  dht11.o(i.DH11_GPIO_Init_OUT)
    DHT11_REC_Data                           0x0800241d   Thumb Code   192  dht11.o(i.DHT11_REC_Data)
    DHT11_Rec_Byte                           0x080024ed   Thumb Code    80  dht11.o(i.DHT11_Rec_Byte)
    DHT11_Start                              0x08002541   Thumb Code    60  dht11.o(i.DHT11_Start)
    DebugMon_Handler                         0x08002581   Thumb Code     2  stm32f10x_it.o(i.DebugMon_Handler)
    Delay_ms                                 0x08002583   Thumb Code    24  delay.o(i.Delay_ms)
    Delay_us                                 0x0800259b   Thumb Code    46  delay.o(i.Delay_us)
    ESP8266_Clear                            0x080025c9   Thumb Code    20  esp8266.o(i.ESP8266_Clear)
    ESP8266_GetIPD                           0x080025e5   Thumb Code    68  esp8266.o(i.ESP8266_GetIPD)
    ESP8266_Init                             0x08002635   Thumb Code   256  esp8266.o(i.ESP8266_Init)
    ESP8266_SendCmd                          0x08002821   Thumb Code    74  esp8266.o(i.ESP8266_SendCmd)
    ESP8266_SendData                         0x08002871   Thumb Code    50  esp8266.o(i.ESP8266_SendData)
    ESP8266_WaitRecive                       0x080028b9   Thumb Code    42  esp8266.o(i.ESP8266_WaitRecive)
    GPIO_Init                                0x080028ed   Thumb Code   278  stm32f10x_gpio.o(i.GPIO_Init)
    GPIO_ReadInputDataBit                    0x08002a03   Thumb Code    18  stm32f10x_gpio.o(i.GPIO_ReadInputDataBit)
    GPIO_ReadOutputDataBit                   0x08002a15   Thumb Code    18  stm32f10x_gpio.o(i.GPIO_ReadOutputDataBit)
    GPIO_ResetBits                           0x08002a27   Thumb Code     4  stm32f10x_gpio.o(i.GPIO_ResetBits)
    GPIO_SetBits                             0x08002a2b   Thumb Code     4  stm32f10x_gpio.o(i.GPIO_SetBits)
    GPIO_WriteBit                            0x08002a2f   Thumb Code    10  stm32f10x_gpio.o(i.GPIO_WriteBit)
    HardFault_Handler                        0x08002a39   Thumb Code     4  stm32f10x_it.o(i.HardFault_Handler)
    KEY_Init                                 0x08002a6d   Thumb Code    58  key.o(i.KEY_Init)
    LED2_Off                                 0x08002aad   Thumb Code    14  led.o(i.LED2_Off)
    LED2_On                                  0x08002ac1   Thumb Code    14  led.o(i.LED2_On)
    LED_Init                                 0x08002ad5   Thumb Code    48  led.o(i.LED_Init)
    LIght_Intensity                          0x08002b09   Thumb Code    64  bh1750.o(i.LIght_Intensity)
    MQ135_ADC_Read                           0x08002b51   Thumb Code     8  mq135.o(i.MQ135_ADC_Read)
    MQ135_GetData                            0x08002b59   Thumb Code    42  mq135.o(i.MQ135_GetData)
    MQ135_Init                               0x08002b89   Thumb Code    36  mq135.o(i.MQ135_Init)
    MQTT_DeleteBuffer                        0x08002bb1   Thumb Code    28  mqttkit.o(i.MQTT_DeleteBuffer)
    MQTT_DumpLength                          0x08002bcd   Thumb Code    46  mqttkit.o(i.MQTT_DumpLength)
    MQTT_NewBuffer                           0x08002bfb   Thumb Code    88  mqttkit.o(i.MQTT_NewBuffer)
    MQTT_PacketConnect                       0x08002c55   Thumb Code   686  mqttkit.o(i.MQTT_PacketConnect)
    MQTT_PacketPublish                       0x08002f09   Thumb Code   304  mqttkit.o(i.MQTT_PacketPublish)
    MQTT_PacketSaveData                      0x08003039   Thumb Code    52  mqttkit.o(i.MQTT_PacketSaveData)
    MQTT_PacketSubscribe                     0x08003099   Thumb Code   254  mqttkit.o(i.MQTT_PacketSubscribe)
    MQTT_ReadLength                          0x08003197   Thumb Code    70  mqttkit.o(i.MQTT_ReadLength)
    MQTT_UnPacketConnectAck                  0x080031dd   Thumb Code    30  mqttkit.o(i.MQTT_UnPacketConnectAck)
    MQTT_UnPacketPublish                     0x080031fd   Thumb Code   438  mqttkit.o(i.MQTT_UnPacketPublish)
    MQTT_UnPacketPublishAck                  0x080033bd   Thumb Code    30  mqttkit.o(i.MQTT_UnPacketPublishAck)
    MQTT_UnPacketRecv                        0x080033dd   Thumb Code   106  mqttkit.o(i.MQTT_UnPacketRecv)
    MQTT_UnPacketSubscribe                   0x08003451   Thumb Code    52  mqttkit.o(i.MQTT_UnPacketSubscribe)
    MemManage_Handler                        0x08003485   Thumb Code     4  stm32f10x_it.o(i.MemManage_Handler)
    Motor_Init                               0x08003489   Thumb Code    42  motor.o(i.Motor_Init)
    Motor_SetSpeed                           0x080034b9   Thumb Code    56  motor.o(i.Motor_SetSpeed)
    NMI_Handler                              0x080034f5   Thumb Code     2  stm32f10x_it.o(i.NMI_Handler)
    NVIC_Init                                0x080034f9   Thumb Code   100  misc.o(i.NVIC_Init)
    OLED_Clear                               0x08003569   Thumb Code    42  oled.o(i.OLED_Clear)
    OLED_I2C_Init                            0x08003595   Thumb Code    76  oled.o(i.OLED_I2C_Init)
    OLED_I2C_SendByte                        0x080035e5   Thumb Code    80  oled.o(i.OLED_I2C_SendByte)
    OLED_I2C_Start                           0x08003639   Thumb Code    48  oled.o(i.OLED_I2C_Start)
    OLED_I2C_Stop                            0x0800366d   Thumb Code    36  oled.o(i.OLED_I2C_Stop)
    OLED_Init                                0x08003695   Thumb Code   174  oled.o(i.OLED_Init)
    OLED_Pow                                 0x08003743   Thumb Code    20  oled.o(i.OLED_Pow)
    OLED_SetCursor                           0x08003757   Thumb Code    34  oled.o(i.OLED_SetCursor)
    OLED_ShowCN                              0x08003779   Thumb Code   102  oled.o(i.OLED_ShowCN)
    OLED_ShowChar                            0x080037e5   Thumb Code   110  oled.o(i.OLED_ShowChar)
    OLED_ShowFNum                            0x08003859   Thumb Code    44  oled.o(i.OLED_ShowFNum)
    OLED_ShowNum                             0x0800388d   Thumb Code    68  oled.o(i.OLED_ShowNum)
    OLED_ShowString                          0x080038d1   Thumb Code    40  oled.o(i.OLED_ShowString)
    OLED_WriteCommand                        0x080038f9   Thumb Code    32  oled.o(i.OLED_WriteCommand)
    OLED_WriteData                           0x08003919   Thumb Code    32  oled.o(i.OLED_WriteData)
    OneNET_Subscribe                         0x08003939   Thumb Code    80  onenet.o(i.OneNET_Subscribe)
    OneNet_DevLink                           0x080039d5   Thumb Code   196  onenet.o(i.OneNet_DevLink)
    OneNet_FillBuf                           0x08003be5   Thumb Code   302  onenet.o(i.OneNet_FillBuf)
    OneNet_RevPro                            0x08003e15   Thumb Code   392  onenet.o(i.OneNet_RevPro)
    OneNet_SendData                          0x080040a1   Thumb Code   122  onenet.o(i.OneNet_SendData)
    PWM2_Init                                0x08004155   Thumb Code   146  pwm2.o(i.PWM2_Init)
    PWM2_SetCompare2                         0x080041ed   Thumb Code    16  pwm2.o(i.PWM2_SetCompare2)
    PWM_Init                                 0x080041fd   Thumb Code   138  pwm.o(i.PWM_Init)
    PWM_SetCompare1                          0x08004291   Thumb Code    14  pwm.o(i.PWM_SetCompare1)
    PendSV_Handler                           0x080042a5   Thumb Code     2  stm32f10x_it.o(i.PendSV_Handler)
    RCC_ADCCLKConfig                         0x080042a9   Thumb Code    18  stm32f10x_rcc.o(i.RCC_ADCCLKConfig)
    RCC_APB1PeriphClockCmd                   0x080042c1   Thumb Code    26  stm32f10x_rcc.o(i.RCC_APB1PeriphClockCmd)
    RCC_APB2PeriphClockCmd                   0x080042e1   Thumb Code    26  stm32f10x_rcc.o(i.RCC_APB2PeriphClockCmd)
    RCC_GetClocksFreq                        0x08004301   Thumb Code   192  stm32f10x_rcc.o(i.RCC_GetClocksFreq)
    SVC_Handler                              0x080043d5   Thumb Code     2  stm32f10x_it.o(i.SVC_Handler)
    Serial_Init                              0x080043d9   Thumb Code   100  serial.o(i.Serial_Init)
    Serial_Printf                            0x08004445   Thumb Code    36  serial.o(i.Serial_Printf)
    Serial_SendByte                          0x08004469   Thumb Code    28  serial.o(i.Serial_SendByte)
    Serial_SendString                        0x08004489   Thumb Code    26  serial.o(i.Serial_SendString)
    Servo_Init                               0x080044a3   Thumb Code     8  servo.o(i.Servo_Init)
    Servo_SetAngle                           0x080044ad   Thumb Code    48  servo.o(i.Servo_SetAngle)
    SysTick_Handler                          0x080045d1   Thumb Code     2  stm32f10x_it.o(i.SysTick_Handler)
    SystemInit                               0x080045d5   Thumb Code    78  system_stm32f10x.o(i.SystemInit)
    TIM_Cmd                                  0x08004635   Thumb Code    24  stm32f10x_tim.o(i.TIM_Cmd)
    TIM_InternalClockConfig                  0x0800464d   Thumb Code    12  stm32f10x_tim.o(i.TIM_InternalClockConfig)
    TIM_OC1Init                              0x08004659   Thumb Code   132  stm32f10x_tim.o(i.TIM_OC1Init)
    TIM_OC2Init                              0x080046f1   Thumb Code   154  stm32f10x_tim.o(i.TIM_OC2Init)
    TIM_OCStructInit                         0x08004795   Thumb Code    20  stm32f10x_tim.o(i.TIM_OCStructInit)
    TIM_SetCompare1                          0x080047a9   Thumb Code     4  stm32f10x_tim.o(i.TIM_SetCompare1)
    TIM_SetCompare2                          0x080047ad   Thumb Code     4  stm32f10x_tim.o(i.TIM_SetCompare2)
    TIM_TimeBaseInit                         0x080047b1   Thumb Code   122  stm32f10x_tim.o(i.TIM_TimeBaseInit)
    USART2_IRQHandler                        0x08004855   Thumb Code    64  esp8266.o(i.USART2_IRQHandler)
    USART_ClearFlag                          0x080048a1   Thumb Code    18  stm32f10x_usart.o(i.USART_ClearFlag)
    USART_Cmd                                0x080048b3   Thumb Code    24  stm32f10x_usart.o(i.USART_Cmd)
    USART_GetFlagStatus                      0x080048cb   Thumb Code    26  stm32f10x_usart.o(i.USART_GetFlagStatus)
    USART_GetITStatus                        0x080048e5   Thumb Code    84  stm32f10x_usart.o(i.USART_GetITStatus)
    USART_ITConfig                           0x08004939   Thumb Code    74  stm32f10x_usart.o(i.USART_ITConfig)
    USART_Init                               0x08004985   Thumb Code   210  stm32f10x_usart.o(i.USART_Init)
    USART_SendData                           0x08004a5d   Thumb Code     8  stm32f10x_usart.o(i.USART_SendData)
    UsageFault_Handler                       0x08004a65   Thumb Code     4  stm32f10x_it.o(i.UsageFault_Handler)
    Usart2_Init                              0x08004a69   Thumb Code   162  esp8266.o(i.Usart2_Init)
    Usart_SendString                         0x08004b15   Thumb Code    44  esp8266.o(i.Usart_SendString)
    __ARM_fpclassify                         0x08004b45   Thumb Code    40  fpclassify.o(i.__ARM_fpclassify)
    __kernel_poly                            0x08004b6d   Thumb Code   170  poly.o(i.__kernel_poly)
    __mathlib_dbl_divzero                    0x08004c19   Thumb Code    12  dunder.o(i.__mathlib_dbl_divzero)
    __mathlib_dbl_infnan2                    0x08004c29   Thumb Code     4  dunder.o(i.__mathlib_dbl_infnan2)
    __mathlib_dbl_invalid                    0x08004c2d   Thumb Code    12  dunder.o(i.__mathlib_dbl_invalid)
    __mathlib_dbl_overflow                   0x08004c39   Thumb Code    14  dunder.o(i.__mathlib_dbl_overflow)
    __mathlib_dbl_underflow                  0x08004c49   Thumb Code    10  dunder.o(i.__mathlib_dbl_underflow)
    _is_digit                                0x08004c59   Thumb Code    14  __printf_wp.o(i._is_digit)
    cJSON_Delete                             0x08004c69   Thumb Code    82  cjson.o(i.cJSON_Delete)
    cJSON_GetObjectItem                      0x08004cc1   Thumb Code    30  cjson.o(i.cJSON_GetObjectItem)
    cJSON_Parse                              0x08004d01   Thumb Code    16  cjson.o(i.cJSON_Parse)
    cJSON_ParseWithOpts                      0x08004d11   Thumb Code    96  cjson.o(i.cJSON_ParseWithOpts)
    combine                                  0x08004dc1   Thumb Code   110  dht11.o(i.combine)
    i2c_Ack                                  0x08004e31   Thumb Code    52  bh1750.o(i.i2c_Ack)
    i2c_CheckDevice                          0x08004e69   Thumb Code    28  bh1750.o(i.i2c_CheckDevice)
    i2c_NAck                                 0x08004e95   Thumb Code    42  bh1750.o(i.i2c_NAck)
    i2c_ReadByte                             0x08004ec5   Thumb Code    66  bh1750.o(i.i2c_ReadByte)
    i2c_SendByte                             0x08004f0d   Thumb Code    88  bh1750.o(i.i2c_SendByte)
    i2c_Start                                0x08004f69   Thumb Code    48  bh1750.o(i.i2c_Start)
    i2c_Stop                                 0x08004f9d   Thumb Code    32  bh1750.o(i.i2c_Stop)
    i2c_WaitAck                              0x08004fc1   Thumb Code    62  bh1750.o(i.i2c_WaitAck)
    main                                     0x08005005   Thumb Code   528  main.o(i.main)
    pow                                      0x08005951   Thumb Code  2512  pow.o(i.pow)
    sqrt                                     0x0800633b   Thumb Code    76  sqrt.o(i.sqrt)
    _get_lc_ctype                            0x08006389   Thumb Code    44  lc_ctype_c.o(locale$$code)
    _get_lc_numeric                          0x080063b5   Thumb Code    44  lc_numeric_c.o(locale$$code)
    __aeabi_dadd                             0x080063e1   Thumb Code     0  daddsub_clz.o(x$fpl$dadd)
    _dadd                                    0x080063e1   Thumb Code   332  daddsub_clz.o(x$fpl$dadd)
    __fpl_dcheck_NaN1                        0x08006531   Thumb Code    10  dcheck1.o(x$fpl$dcheck1)
    __fpl_dcmp_Inf                           0x08006541   Thumb Code    24  dcmpi.o(x$fpl$dcmpinf)
    __aeabi_ddiv                             0x08006559   Thumb Code     0  ddiv.o(x$fpl$ddiv)
    _ddiv                                    0x08006559   Thumb Code   552  ddiv.o(x$fpl$ddiv)
    __aeabi_d2iz                             0x08006809   Thumb Code     0  dfix.o(x$fpl$dfix)
    _dfix                                    0x08006809   Thumb Code    94  dfix.o(x$fpl$dfix)
    __aeabi_i2d                              0x08006867   Thumb Code     0  dflt_clz.o(x$fpl$dflt)
    _dflt                                    0x08006867   Thumb Code    46  dflt_clz.o(x$fpl$dflt)
    __aeabi_cdcmple                          0x08006895   Thumb Code     0  dleqf.o(x$fpl$dleqf)
    _dcmple                                  0x08006895   Thumb Code   120  dleqf.o(x$fpl$dleqf)
    __fpl_dcmple_InfNaN                      0x080068f7   Thumb Code     0  dleqf.o(x$fpl$dleqf)
    __aeabi_dmul                             0x0800690d   Thumb Code     0  dmul.o(x$fpl$dmul)
    _dmul                                    0x0800690d   Thumb Code   332  dmul.o(x$fpl$dmul)
    __fpl_dnaninf                            0x08006a61   Thumb Code   156  dnaninf.o(x$fpl$dnaninf)
    __fpl_dretinf                            0x08006afd   Thumb Code    12  dretinf.o(x$fpl$dretinf)
    __aeabi_cdrcmple                         0x08006b09   Thumb Code     0  drleqf.o(x$fpl$drleqf)
    _drcmple                                 0x08006b09   Thumb Code   108  drleqf.o(x$fpl$drleqf)
    __aeabi_drsub                            0x08006b75   Thumb Code     0  daddsub_clz.o(x$fpl$drsb)
    _drsb                                    0x08006b75   Thumb Code    22  daddsub_clz.o(x$fpl$drsb)
    _dsqrt                                   0x08006b8d   Thumb Code   456  dsqrt_noumaal.o(x$fpl$dsqrt)
    __aeabi_dsub                             0x08006d59   Thumb Code     0  daddsub_clz.o(x$fpl$dsub)
    _dsub                                    0x08006d59   Thumb Code   464  daddsub_clz.o(x$fpl$dsub)
    __aeabi_f2d                              0x08006f2d   Thumb Code     0  f2d.o(x$fpl$f2d)
    _f2d                                     0x08006f2d   Thumb Code    86  f2d.o(x$fpl$f2d)
    __aeabi_fadd                             0x08006f85   Thumb Code     0  faddsub_clz.o(x$fpl$fadd)
    _fadd                                    0x08006f85   Thumb Code   196  faddsub_clz.o(x$fpl$fadd)
    __aeabi_fdiv                             0x08007049   Thumb Code     0  fdiv.o(x$fpl$fdiv)
    _fdiv                                    0x08007049   Thumb Code   384  fdiv.o(x$fpl$fdiv)
    __aeabi_f2uiz                            0x080071cd   Thumb Code     0  ffixu.o(x$fpl$ffixu)
    _ffixu                                   0x080071cd   Thumb Code    62  ffixu.o(x$fpl$ffixu)
    __aeabi_i2f                              0x0800720d   Thumb Code     0  fflt_clz.o(x$fpl$fflt)
    _fflt                                    0x0800720d   Thumb Code    48  fflt_clz.o(x$fpl$fflt)
    __aeabi_ui2f                             0x0800723d   Thumb Code     0  fflt_clz.o(x$fpl$ffltu)
    _ffltu                                   0x0800723d   Thumb Code    38  fflt_clz.o(x$fpl$ffltu)
    __aeabi_fmul                             0x08007265   Thumb Code     0  fmul.o(x$fpl$fmul)
    _fmul                                    0x08007265   Thumb Code   258  fmul.o(x$fpl$fmul)
    __fpl_fnaninf                            0x08007367   Thumb Code   140  fnaninf.o(x$fpl$fnaninf)
    __fpl_fretinf                            0x080073f3   Thumb Code    10  fretinf.o(x$fpl$fretinf)
    __aeabi_fsub                             0x080073fd   Thumb Code     0  faddsub_clz.o(x$fpl$fsub)
    _fsub                                    0x080073fd   Thumb Code   234  faddsub_clz.o(x$fpl$fsub)
    _printf_fp_dec                           0x080074e7   Thumb Code     4  printf1.o(x$fpl$printf1)
    _printf_fp_hex                           0x080074eb   Thumb Code     4  printf2.o(x$fpl$printf2)
    __fpl_return_NaN                         0x080074ef   Thumb Code   100  retnan.o(x$fpl$retnan)
    __ARM_scalbn                             0x08007553   Thumb Code    92  scalbn.o(x$fpl$scalbn)
    __fpl_cmpreturn                          0x080075af   Thumb Code    48  trapv.o(x$fpl$trapveneer)
    __I$use$fp                               0x080075de   Number         0  usenofp.o(x$fpl$usenofp)
    OLED_F8x16                               0x080075e5   Data        1520  oled.o(.constdata)
    OLED_F16x16                              0x08007bd5   Data         352  oled.o(.constdata)
    __mathlib_zero                           0x08007e00   Data           8  qnan.o(.constdata)
    Region$$Table$$Base                      0x08007f40   Number         0  anon$$obj.o(Region$$Table)
    Region$$Table$$Limit                     0x08007f60   Number         0  anon$$obj.o(Region$$Table)
    __ctype                                  0x08007f6d   Data           0  lc_ctype_c.o(locale$$data)
    esp8266_cnt                              0x20000014   Data           2  esp8266.o(.data)
    esp8266_cntPre                           0x20000016   Data           2  esp8266.o(.data)
    Receive                                  0x20000018   Data          20  onenet.o(.data)
    LED_Statue                               0x2000002c   Data           1  onenet.o(.data)
    Virtual_Key                              0x2000002d   Data           1  onenet.o(.data)
    Speed2                                   0x2000002e   Data           1  onenet.o(.data)
    Virtual_Key2                             0x2000002f   Data           1  onenet.o(.data)
    Angle2                                   0x20000030   Data           1  onenet.o(.data)
    temperature                              0x20000040   Data           4  dht11.o(.data)
    humidity                                 0x20000044   Data           4  dht11.o(.data)
    lightvalue                               0x20000048   Data           4  bh1750.o(.data)
    Airvalue                                 0x2000004c   Data           2  mq135.o(.data)
    Light                                    0x20000050   Data           4  main.o(.data)
    value                                    0x20000054   Data           2  main.o(.data)
    KeyNum                                   0x20000056   Data           1  main.o(.data)
    Angle                                    0x20000058   Data           4  main.o(.data)
    CounterWise                              0x2000005c   Data           1  main.o(.data)
    timeCount                                0x2000005e   Data           2  main.o(.data)
    esp8266_buf                              0x20000060   Data         512  esp8266.o(.bss)
    rec_data                                 0x20000260   Data          16  dht11.o(.bss)
    __libspace_start                         0x20000270   Data          96  libspace.o(.bss)
    __temporary_stack_top$libspace           0x200002d0   Data           0  libspace.o(.bss)



==============================================================================

Memory Map of the image

  Image Entry point : 0x080000ed

  Load Region LR_IROM1 (Base: 0x08000000, Size: 0x000080ec, Max: 0x00010000, ABSOLUTE)

    Execution Region ER_IROM1 (Exec base: 0x08000000, Load base: 0x08000000, Size: 0x0000808c, Max: 0x00010000, ABSOLUTE)

    Exec Addr    Load Addr    Size         Type   Attr      Idx    E Section Name        Object

    0x08000000   0x08000000   0x000000ec   Data   RO            3    RESET               startup_stm32f10x_md.o
    0x080000ec   0x080000ec   0x00000008   Code   RO         4853  * !!!main             c_w.l(__main.o)
    0x080000f4   0x080000f4   0x00000034   Code   RO         5283    !!!scatter          c_w.l(__scatter.o)
    0x08000128   0x08000128   0x0000001a   Code   RO         5285    !!handler_copy      c_w.l(__scatter_copy.o)
    0x08000142   0x08000142   0x00000002   PAD
    0x08000144   0x08000144   0x0000001c   Code   RO         5287    !!handler_zi        c_w.l(__scatter_zi.o)
    0x08000160   0x08000160   0x00000000   Code   RO         4826    .ARM.Collect$$_printf_percent$$00000000  c_w.l(_printf_percent.o)
    0x08000160   0x08000160   0x00000006   Code   RO         4985    .ARM.Collect$$_printf_percent$$00000001  c_w.l(_printf_n.o)
    0x08000166   0x08000166   0x00000006   Code   RO         4986    .ARM.Collect$$_printf_percent$$00000002  c_w.l(_printf_p.o)
    0x0800016c   0x0800016c   0x00000006   Code   RO         4824    .ARM.Collect$$_printf_percent$$00000003  c_w.l(_printf_f.o)
    0x08000172   0x08000172   0x00000006   Code   RO         4825    .ARM.Collect$$_printf_percent$$00000004  c_w.l(_printf_e.o)
    0x08000178   0x08000178   0x00000006   Code   RO         4990    .ARM.Collect$$_printf_percent$$00000005  c_w.l(_printf_g.o)
    0x0800017e   0x0800017e   0x00000006   Code   RO         4991    .ARM.Collect$$_printf_percent$$00000006  c_w.l(_printf_a.o)
    0x08000184   0x08000184   0x0000000a   Code   RO         4996    .ARM.Collect$$_printf_percent$$00000007  c_w.l(_printf_ll.o)
    0x0800018e   0x0800018e   0x00000006   Code   RO         4988    .ARM.Collect$$_printf_percent$$00000008  c_w.l(_printf_i.o)
    0x08000194   0x08000194   0x00000006   Code   RO         4823    .ARM.Collect$$_printf_percent$$00000009  c_w.l(_printf_d.o)
    0x0800019a   0x0800019a   0x00000006   Code   RO         4989    .ARM.Collect$$_printf_percent$$0000000A  c_w.l(_printf_u.o)
    0x080001a0   0x080001a0   0x00000006   Code   RO         4987    .ARM.Collect$$_printf_percent$$0000000B  c_w.l(_printf_o.o)
    0x080001a6   0x080001a6   0x00000006   Code   RO         4822    .ARM.Collect$$_printf_percent$$0000000C  c_w.l(_printf_x.o)
    0x080001ac   0x080001ac   0x00000006   Code   RO         4993    .ARM.Collect$$_printf_percent$$0000000D  c_w.l(_printf_lli.o)
    0x080001b2   0x080001b2   0x00000006   Code   RO         4994    .ARM.Collect$$_printf_percent$$0000000E  c_w.l(_printf_lld.o)
    0x080001b8   0x080001b8   0x00000006   Code   RO         4995    .ARM.Collect$$_printf_percent$$0000000F  c_w.l(_printf_llu.o)
    0x080001be   0x080001be   0x00000006   Code   RO         5000    .ARM.Collect$$_printf_percent$$00000010  c_w.l(_printf_llo.o)
    0x080001c4   0x080001c4   0x00000006   Code   RO         5001    .ARM.Collect$$_printf_percent$$00000011  c_w.l(_printf_llx.o)
    0x080001ca   0x080001ca   0x0000000a   Code   RO         4997    .ARM.Collect$$_printf_percent$$00000012  c_w.l(_printf_l.o)
    0x080001d4   0x080001d4   0x00000006   Code   RO         4984    .ARM.Collect$$_printf_percent$$00000013  c_w.l(_printf_c.o)
    0x080001da   0x080001da   0x00000006   Code   RO         4821    .ARM.Collect$$_printf_percent$$00000014  c_w.l(_printf_s.o)
    0x080001e0   0x080001e0   0x00000006   Code   RO         4998    .ARM.Collect$$_printf_percent$$00000015  c_w.l(_printf_lc.o)
    0x080001e6   0x080001e6   0x00000006   Code   RO         4999    .ARM.Collect$$_printf_percent$$00000016  c_w.l(_printf_ls.o)
    0x080001ec   0x080001ec   0x00000004   Code   RO         4992    .ARM.Collect$$_printf_percent$$00000017  c_w.l(_printf_percent_end.o)
    0x080001f0   0x080001f0   0x00000002   Code   RO         5218    .ARM.Collect$$libinit$$00000000  c_w.l(libinit.o)
    0x080001f2   0x080001f2   0x00000000   Code   RO         5005    .ARM.Collect$$libinit$$00000002  c_w.l(libinit2.o)
    0x080001f2   0x080001f2   0x00000000   Code   RO         5007    .ARM.Collect$$libinit$$00000004  c_w.l(libinit2.o)
    0x080001f2   0x080001f2   0x00000008   Code   RO         5008    .ARM.Collect$$libinit$$00000005  c_w.l(libinit2.o)
    0x080001fa   0x080001fa   0x00000000   Code   RO         5010    .ARM.Collect$$libinit$$0000000A  c_w.l(libinit2.o)
    0x080001fa   0x080001fa   0x00000000   Code   RO         5012    .ARM.Collect$$libinit$$0000000C  c_w.l(libinit2.o)
    0x080001fa   0x080001fa   0x00000000   Code   RO         5014    .ARM.Collect$$libinit$$0000000E  c_w.l(libinit2.o)
    0x080001fa   0x080001fa   0x00000006   Code   RO         5015    .ARM.Collect$$libinit$$0000000F  c_w.l(libinit2.o)
    0x08000200   0x08000200   0x00000000   Code   RO         5017    .ARM.Collect$$libinit$$00000011  c_w.l(libinit2.o)
    0x08000200   0x08000200   0x0000000c   Code   RO         5018    .ARM.Collect$$libinit$$00000012  c_w.l(libinit2.o)
    0x0800020c   0x0800020c   0x00000000   Code   RO         5019    .ARM.Collect$$libinit$$00000013  c_w.l(libinit2.o)
    0x0800020c   0x0800020c   0x00000000   Code   RO         5021    .ARM.Collect$$libinit$$00000015  c_w.l(libinit2.o)
    0x0800020c   0x0800020c   0x0000000a   Code   RO         5022    .ARM.Collect$$libinit$$00000016  c_w.l(libinit2.o)
    0x08000216   0x08000216   0x00000000   Code   RO         5023    .ARM.Collect$$libinit$$00000017  c_w.l(libinit2.o)
    0x08000216   0x08000216   0x00000000   Code   RO         5025    .ARM.Collect$$libinit$$00000019  c_w.l(libinit2.o)
    0x08000216   0x08000216   0x00000000   Code   RO         5027    .ARM.Collect$$libinit$$0000001B  c_w.l(libinit2.o)
    0x08000216   0x08000216   0x00000000   Code   RO         5029    .ARM.Collect$$libinit$$0000001D  c_w.l(libinit2.o)
    0x08000216   0x08000216   0x00000000   Code   RO         5031    .ARM.Collect$$libinit$$0000001F  c_w.l(libinit2.o)
    0x08000216   0x08000216   0x00000000   Code   RO         5033    .ARM.Collect$$libinit$$00000021  c_w.l(libinit2.o)
    0x08000216   0x08000216   0x00000000   Code   RO         5035    .ARM.Collect$$libinit$$00000023  c_w.l(libinit2.o)
    0x08000216   0x08000216   0x00000000   Code   RO         5037    .ARM.Collect$$libinit$$00000025  c_w.l(libinit2.o)
    0x08000216   0x08000216   0x00000000   Code   RO         5041    .ARM.Collect$$libinit$$0000002C  c_w.l(libinit2.o)
    0x08000216   0x08000216   0x00000000   Code   RO         5043    .ARM.Collect$$libinit$$0000002E  c_w.l(libinit2.o)
    0x08000216   0x08000216   0x00000000   Code   RO         5045    .ARM.Collect$$libinit$$00000030  c_w.l(libinit2.o)
    0x08000216   0x08000216   0x00000000   Code   RO         5047    .ARM.Collect$$libinit$$00000032  c_w.l(libinit2.o)
    0x08000216   0x08000216   0x00000002   Code   RO         5048    .ARM.Collect$$libinit$$00000033  c_w.l(libinit2.o)
    0x08000218   0x08000218   0x00000002   Code   RO         5280    .ARM.Collect$$libshutdown$$00000000  c_w.l(libshutdown.o)
    0x0800021a   0x0800021a   0x00000000   Code   RO         5234    .ARM.Collect$$libshutdown$$00000002  c_w.l(libshutdown2.o)
    0x0800021a   0x0800021a   0x00000000   Code   RO         5236    .ARM.Collect$$libshutdown$$00000004  c_w.l(libshutdown2.o)
    0x0800021a   0x0800021a   0x00000000   Code   RO         5239    .ARM.Collect$$libshutdown$$00000007  c_w.l(libshutdown2.o)
    0x0800021a   0x0800021a   0x00000000   Code   RO         5242    .ARM.Collect$$libshutdown$$0000000A  c_w.l(libshutdown2.o)
    0x0800021a   0x0800021a   0x00000000   Code   RO         5244    .ARM.Collect$$libshutdown$$0000000C  c_w.l(libshutdown2.o)
    0x0800021a   0x0800021a   0x00000000   Code   RO         5247    .ARM.Collect$$libshutdown$$0000000F  c_w.l(libshutdown2.o)
    0x0800021a   0x0800021a   0x00000002   Code   RO         5248    .ARM.Collect$$libshutdown$$00000010  c_w.l(libshutdown2.o)
    0x0800021c   0x0800021c   0x00000000   Code   RO         4927    .ARM.Collect$$rtentry$$00000000  c_w.l(__rtentry.o)
    0x0800021c   0x0800021c   0x00000000   Code   RO         5101    .ARM.Collect$$rtentry$$00000002  c_w.l(__rtentry2.o)
    0x0800021c   0x0800021c   0x00000006   Code   RO         5113    .ARM.Collect$$rtentry$$00000004  c_w.l(__rtentry4.o)
    0x08000222   0x08000222   0x00000000   Code   RO         5103    .ARM.Collect$$rtentry$$00000009  c_w.l(__rtentry2.o)
    0x08000222   0x08000222   0x00000004   Code   RO         5104    .ARM.Collect$$rtentry$$0000000A  c_w.l(__rtentry2.o)
    0x08000226   0x08000226   0x00000000   Code   RO         5106    .ARM.Collect$$rtentry$$0000000C  c_w.l(__rtentry2.o)
    0x08000226   0x08000226   0x00000008   Code   RO         5107    .ARM.Collect$$rtentry$$0000000D  c_w.l(__rtentry2.o)
    0x0800022e   0x0800022e   0x00000002   Code   RO         5223    .ARM.Collect$$rtexit$$00000000  c_w.l(rtexit.o)
    0x08000230   0x08000230   0x00000000   Code   RO         5254    .ARM.Collect$$rtexit$$00000002  c_w.l(rtexit2.o)
    0x08000230   0x08000230   0x00000004   Code   RO         5255    .ARM.Collect$$rtexit$$00000003  c_w.l(rtexit2.o)
    0x08000234   0x08000234   0x00000006   Code   RO         5256    .ARM.Collect$$rtexit$$00000004  c_w.l(rtexit2.o)
    0x0800023a   0x0800023a   0x00000002   PAD
    0x0800023c   0x0800023c   0x00000000   Code   RO         5127    .emb_text           c_w.l(maybetermalloc1.o)
    0x0800023c   0x0800023c   0x00000040   Code   RO            4    .text               startup_stm32f10x_md.o
    0x0800027c   0x0800027c   0x0000005e   Code   RO         4702    .text               c_w.l(h1_alloc.o)
    0x080002da   0x080002da   0x0000004e   Code   RO         4704    .text               c_w.l(h1_free.o)
    0x08000328   0x08000328   0x0000001a   Code   RO         4760    .text               c_w.l(tolower.o)
    0x08000342   0x08000342   0x00000002   PAD
    0x08000344   0x08000344   0x00000024   Code   RO         4762    .text               c_w.l(vsprintf.o)
    0x08000368   0x08000368   0x0000002c   Code   RO         4764    .text               c_w.l(__2sprintf.o)
    0x08000394   0x08000394   0x00000038   Code   RO         4766    .text               c_w.l(__2snprintf.o)
    0x080003cc   0x080003cc   0x0000004e   Code   RO         4774    .text               c_w.l(_printf_pad.o)
    0x0800041a   0x0800041a   0x00000052   Code   RO         4776    .text               c_w.l(_printf_str.o)
    0x0800046c   0x0800046c   0x00000078   Code   RO         4778    .text               c_w.l(_printf_dec.o)
    0x080004e4   0x080004e4   0x00000094   Code   RO         4798    .text               c_w.l(_printf_hex_int_ll_ptr.o)
    0x08000578   0x08000578   0x00000188   Code   RO         4818    .text               c_w.l(__printf_flags_ss_wp.o)
    0x08000700   0x08000700   0x00000014   Code   RO         4827    .text               c_w.l(strchr.o)
    0x08000714   0x08000714   0x00000024   Code   RO         4829    .text               c_w.l(strncat.o)
    0x08000738   0x08000738   0x00000024   Code   RO         4831    .text               c_w.l(strstr.o)
    0x0800075c   0x0800075c   0x00000048   Code   RO         4833    .text               c_w.l(strcpy.o)
    0x080007a4   0x080007a4   0x0000003e   Code   RO         4835    .text               c_w.l(strlen.o)
    0x080007e2   0x080007e2   0x00000096   Code   RO         4837    .text               c_w.l(strncmp.o)
    0x08000878   0x08000878   0x00000018   Code   RO         4839    .text               c_w.l(strcat.o)
    0x08000890   0x08000890   0x0000008a   Code   RO         4841    .text               c_w.l(rt_memcpy_v6.o)
    0x0800091a   0x0800091a   0x00000064   Code   RO         4843    .text               c_w.l(rt_memcpy_w.o)
    0x0800097e   0x0800097e   0x00000044   Code   RO         4845    .text               c_w.l(rt_memclr.o)
    0x080009c2   0x080009c2   0x0000004e   Code   RO         4847    .text               c_w.l(rt_memclr_w.o)
    0x08000a10   0x08000a10   0x00000080   Code   RO         4849    .text               c_w.l(strcmpv7m.o)
    0x08000a90   0x08000a90   0x00000006   Code   RO         4851    .text               c_w.l(heapauxi.o)
    0x08000a96   0x08000a96   0x00000002   PAD
    0x08000a98   0x08000a98   0x00000010   Code   RO         4928    .text               c_w.l(rt_ctype_table.o)
    0x08000aa8   0x08000aa8   0x00000008   Code   RO         4933    .text               c_w.l(rt_heap_descriptor_intlibspace.o)
    0x08000ab0   0x08000ab0   0x00000004   Code   RO         4935    .text               c_w.l(hguard.o)
    0x08000ab4   0x08000ab4   0x0000008a   Code   RO         4937    .text               c_w.l(init_alloc.o)
    0x08000b3e   0x08000b3e   0x0000000e   Code   RO         4941    .text               c_w.l(h1_init.o)
    0x08000b4c   0x08000b4c   0x00000016   Code   RO         4955    .text               c_w.l(_rserrno.o)
    0x08000b62   0x08000b62   0x00000024   Code   RO         4957    .text               c_w.l(_printf_truncate.o)
    0x08000b86   0x08000b86   0x000000b2   Code   RO         4959    .text               c_w.l(_printf_intcommon.o)
    0x08000c38   0x08000c38   0x00000028   Code   RO         4961    .text               c_w.l(_printf_charcount.o)
    0x08000c60   0x08000c60   0x0000041e   Code   RO         4963    .text               c_w.l(_printf_fp_dec.o)
    0x0800107e   0x0800107e   0x00000002   PAD
    0x08001080   0x08001080   0x00000030   Code   RO         4965    .text               c_w.l(_printf_char_common.o)
    0x080010b0   0x080010b0   0x0000000a   Code   RO         4967    .text               c_w.l(_sputc.o)
    0x080010ba   0x080010ba   0x00000010   Code   RO         4969    .text               c_w.l(_snputc.o)
    0x080010ca   0x080010ca   0x0000002c   Code   RO         4971    .text               c_w.l(_printf_char.o)
    0x080010f6   0x080010f6   0x00000002   PAD
    0x080010f8   0x080010f8   0x000000bc   Code   RO         4973    .text               c_w.l(_printf_wctomb.o)
    0x080011b4   0x080011b4   0x0000007c   Code   RO         4976    .text               c_w.l(_printf_longlong_dec.o)
    0x08001230   0x08001230   0x00000070   Code   RO         4982    .text               c_w.l(_printf_oct_int_ll.o)
    0x080012a0   0x080012a0   0x00000008   Code   RO         5097    .text               c_w.l(libspace.o)
    0x080012a8   0x080012a8   0x00000008   Code   RO         5118    .text               c_w.l(rt_locale_intlibspace.o)
    0x080012b0   0x080012b0   0x00000008   Code   RO         5123    .text               c_w.l(rt_errno_addr_intlibspace.o)
    0x080012b8   0x080012b8   0x00000034   Code   RO         5129    .text               c_w.l(h1_extend.o)
    0x080012ec   0x080012ec   0x0000008a   Code   RO         5133    .text               c_w.l(lludiv10.o)
    0x08001376   0x08001376   0x00000002   PAD
    0x08001378   0x08001378   0x000002fc   Code   RO         5135    .text               c_w.l(_printf_fp_hex.o)
    0x08001674   0x08001674   0x00000080   Code   RO         5138    .text               c_w.l(_printf_fp_infnan.o)
    0x080016f4   0x080016f4   0x0000002c   Code   RO         5142    .text               c_w.l(_printf_wchar.o)
    0x08001720   0x08001720   0x000000e4   Code   RO         5144    .text               c_w.l(bigflt0.o)
    0x08001804   0x08001804   0x00000040   Code   RO         5169    .text               c_w.l(_wcrtomb.o)
    0x08001844   0x08001844   0x0000000e   Code   RO         5177    .text               c_w.l(defsig_rtmem_outer.o)
    0x08001852   0x08001852   0x00000002   Code   RO         5194    .text               c_w.l(use_no_semi.o)
    0x08001854   0x08001854   0x00000000   Code   RO         5196    .text               c_w.l(indicate_semi.o)
    0x08001854   0x08001854   0x0000004a   Code   RO         5197    .text               c_w.l(sys_stackheap_outer.o)
    0x0800189e   0x0800189e   0x00000012   Code   RO         5203    .text               c_w.l(exit.o)
    0x080018b0   0x080018b0   0x0000000a   Code   RO         5205    .text               c_w.l(defsig_exit.o)
    0x080018ba   0x080018ba   0x00000002   PAD
    0x080018bc   0x080018bc   0x00000050   Code   RO         5207    .text               c_w.l(defsig_rtmem_inner.o)
    0x0800190c   0x0800190c   0x0000000c   Code   RO         5221    .text               c_w.l(sys_exit.o)
    0x08001918   0x08001918   0x00000032   Code   RO         5231    .text               c_w.l(defsig_general.o)
    0x0800194a   0x0800194a   0x0000000e   Code   RO         5251    .text               c_w.l(sys_wrch.o)
    0x08001958   0x08001958   0x0000003e   Code   RO         5147    CL$$btod_d2e        c_w.l(btod.o)
    0x08001996   0x08001996   0x00000046   Code   RO         5149    CL$$btod_d2e_denorm_low  c_w.l(btod.o)
    0x080019dc   0x080019dc   0x00000060   Code   RO         5148    CL$$btod_d2e_norm_op1  c_w.l(btod.o)
    0x08001a3c   0x08001a3c   0x00000338   Code   RO         5157    CL$$btod_div_common  c_w.l(btod.o)
    0x08001d74   0x08001d74   0x000000dc   Code   RO         5154    CL$$btod_e2e        c_w.l(btod.o)
    0x08001e50   0x08001e50   0x0000002a   Code   RO         5151    CL$$btod_ediv       c_w.l(btod.o)
    0x08001e7a   0x08001e7a   0x0000002a   Code   RO         5150    CL$$btod_emul       c_w.l(btod.o)
    0x08001ea4   0x08001ea4   0x00000244   Code   RO         5156    CL$$btod_mult_common  c_w.l(btod.o)
    0x080020e8   0x080020e8   0x00000016   Code   RO          202    i.ADC_Cmd           stm32f10x_adc.o
    0x080020fe   0x080020fe   0x00000014   Code   RO          210    i.ADC_GetCalibrationStatus  stm32f10x_adc.o
    0x08002112   0x08002112   0x00000008   Code   RO          211    i.ADC_GetConversionValue  stm32f10x_adc.o
    0x0800211a   0x0800211a   0x00000012   Code   RO          213    i.ADC_GetFlagStatus  stm32f10x_adc.o
    0x0800212c   0x0800212c   0x00000014   Code   RO          216    i.ADC_GetResetCalibrationStatus  stm32f10x_adc.o
    0x08002140   0x08002140   0x00000050   Code   RO          220    i.ADC_Init          stm32f10x_adc.o
    0x08002190   0x08002190   0x000000b8   Code   RO          224    i.ADC_RegularChannelConfig  stm32f10x_adc.o
    0x08002248   0x08002248   0x0000000a   Code   RO          225    i.ADC_ResetCalibration  stm32f10x_adc.o
    0x08002252   0x08002252   0x00000016   Code   RO          227    i.ADC_SoftwareStartConvCmd  stm32f10x_adc.o
    0x08002268   0x08002268   0x0000000a   Code   RO          229    i.ADC_StartCalibration  stm32f10x_adc.o
    0x08002272   0x08002272   0x00000002   PAD
    0x08002274   0x08002274   0x00000024   Code   RO         3916    i.AD_GetValue       ad.o
    0x08002298   0x08002298   0x000000a0   Code   RO         3917    i.AD_Init           ad.o
    0x08002338   0x08002338   0x00000032   Code   RO         4257    i.BH1750_Byte_Write  bh1750.o
    0x0800236a   0x0800236a   0x00000012   Code   RO         4258    i.BH1750_Init       bh1750.o
    0x0800237c   0x0800237c   0x0000000a   Code   RO         4260    i.BH1750_Power_ON   bh1750.o
    0x08002386   0x08002386   0x0000003a   Code   RO         4262    i.BH1750_Read_Measure  bh1750.o
    0x080023c0   0x080023c0   0x00000004   Code   RO         4633    i.BusFault_Handler  stm32f10x_it.o
    0x080023c4   0x080023c4   0x0000002c   Code   RO         4205    i.DH11_GPIO_Init_IN  dht11.o
    0x080023f0   0x080023f0   0x0000002c   Code   RO         4206    i.DH11_GPIO_Init_OUT  dht11.o
    0x0800241c   0x0800241c   0x000000d0   Code   RO         4207    i.DHT11_REC_Data    dht11.o
    0x080024ec   0x080024ec   0x00000054   Code   RO         4208    i.DHT11_Rec_Byte    dht11.o
    0x08002540   0x08002540   0x00000040   Code   RO         4209    i.DHT11_Start       dht11.o
    0x08002580   0x08002580   0x00000002   Code   RO         4634    i.DebugMon_Handler  stm32f10x_it.o
    0x08002582   0x08002582   0x00000018   Code   RO         4572    i.Delay_ms          delay.o
    0x0800259a   0x0800259a   0x0000002e   Code   RO         4574    i.Delay_us          delay.o
    0x080025c8   0x080025c8   0x0000001c   Code   RO         3196    i.ESP8266_Clear     esp8266.o
    0x080025e4   0x080025e4   0x00000050   Code   RO         3197    i.ESP8266_GetIPD    esp8266.o
    0x08002634   0x08002634   0x000001ec   Code   RO         3198    i.ESP8266_Init      esp8266.o
    0x08002820   0x08002820   0x00000050   Code   RO         3199    i.ESP8266_SendCmd   esp8266.o
    0x08002870   0x08002870   0x00000048   Code   RO         3200    i.ESP8266_SendData  esp8266.o
    0x080028b8   0x080028b8   0x00000034   Code   RO         3201    i.ESP8266_WaitRecive  esp8266.o
    0x080028ec   0x080028ec   0x00000116   Code   RO         1347    i.GPIO_Init         stm32f10x_gpio.o
    0x08002a02   0x08002a02   0x00000012   Code   RO         1351    i.GPIO_ReadInputDataBit  stm32f10x_gpio.o
    0x08002a14   0x08002a14   0x00000012   Code   RO         1353    i.GPIO_ReadOutputDataBit  stm32f10x_gpio.o
    0x08002a26   0x08002a26   0x00000004   Code   RO         1354    i.GPIO_ResetBits    stm32f10x_gpio.o
    0x08002a2a   0x08002a2a   0x00000004   Code   RO         1355    i.GPIO_SetBits      stm32f10x_gpio.o
    0x08002a2e   0x08002a2e   0x0000000a   Code   RO         1358    i.GPIO_WriteBit     stm32f10x_gpio.o
    0x08002a38   0x08002a38   0x00000004   Code   RO         4635    i.HardFault_Handler  stm32f10x_it.o
    0x08002a3c   0x08002a3c   0x00000030   Code   RO         4263    i.I2C_BH1750_GPIOConfig  bh1750.o
    0x08002a6c   0x08002a6c   0x00000040   Code   RO         3964    i.KEY_Init          key.o
    0x08002aac   0x08002aac   0x00000014   Code   RO         3982    i.LED2_Off          led.o
    0x08002ac0   0x08002ac0   0x00000014   Code   RO         3983    i.LED2_On           led.o
    0x08002ad4   0x08002ad4   0x00000034   Code   RO         3988    i.LED_Init          led.o
    0x08002b08   0x08002b08   0x00000048   Code   RO         4264    i.LIght_Intensity   bh1750.o
    0x08002b50   0x08002b50   0x00000008   Code   RO         4369    i.MQ135_ADC_Read    mq135.o
    0x08002b58   0x08002b58   0x00000030   Code   RO         4370    i.MQ135_GetData     mq135.o
    0x08002b88   0x08002b88   0x00000028   Code   RO         4372    i.MQ135_Init        mq135.o
    0x08002bb0   0x08002bb0   0x0000001c   Code   RO         3276    i.MQTT_DeleteBuffer  mqttkit.o
    0x08002bcc   0x08002bcc   0x0000002e   Code   RO         3277    i.MQTT_DumpLength   mqttkit.o
    0x08002bfa   0x08002bfa   0x00000058   Code   RO         3278    i.MQTT_NewBuffer    mqttkit.o
    0x08002c52   0x08002c52   0x00000002   PAD
    0x08002c54   0x08002c54   0x000002b4   Code   RO         3280    i.MQTT_PacketConnect  mqttkit.o
    0x08002f08   0x08002f08   0x00000130   Code   RO         3281    i.MQTT_PacketPublish  mqttkit.o
    0x08003038   0x08003038   0x00000060   Code   RO         3282    i.MQTT_PacketSaveData  mqttkit.o
    0x08003098   0x08003098   0x000000fe   Code   RO         3283    i.MQTT_PacketSubscribe  mqttkit.o
    0x08003196   0x08003196   0x00000046   Code   RO         3284    i.MQTT_ReadLength   mqttkit.o
    0x080031dc   0x080031dc   0x0000001e   Code   RO         3286    i.MQTT_UnPacketConnectAck  mqttkit.o
    0x080031fa   0x080031fa   0x00000002   PAD
    0x080031fc   0x080031fc   0x000001c0   Code   RO         3287    i.MQTT_UnPacketPublish  mqttkit.o
    0x080033bc   0x080033bc   0x0000001e   Code   RO         3288    i.MQTT_UnPacketPublishAck  mqttkit.o
    0x080033da   0x080033da   0x00000002   PAD
    0x080033dc   0x080033dc   0x00000074   Code   RO         3289    i.MQTT_UnPacketRecv  mqttkit.o
    0x08003450   0x08003450   0x00000034   Code   RO         3290    i.MQTT_UnPacketSubscribe  mqttkit.o
    0x08003484   0x08003484   0x00000004   Code   RO         4636    i.MemManage_Handler  stm32f10x_it.o
    0x08003488   0x08003488   0x00000030   Code   RO         4411    i.Motor_Init        motor.o
    0x080034b8   0x080034b8   0x0000003c   Code   RO         4412    i.Motor_SetSpeed    motor.o
    0x080034f4   0x080034f4   0x00000002   Code   RO         4637    i.NMI_Handler       stm32f10x_it.o
    0x080034f6   0x080034f6   0x00000002   PAD
    0x080034f8   0x080034f8   0x00000070   Code   RO          137    i.NVIC_Init         misc.o
    0x08003568   0x08003568   0x0000002a   Code   RO         4030    i.OLED_Clear        oled.o
    0x08003592   0x08003592   0x00000002   PAD
    0x08003594   0x08003594   0x00000050   Code   RO         4031    i.OLED_I2C_Init     oled.o
    0x080035e4   0x080035e4   0x00000054   Code   RO         4032    i.OLED_I2C_SendByte  oled.o
    0x08003638   0x08003638   0x00000034   Code   RO         4033    i.OLED_I2C_Start    oled.o
    0x0800366c   0x0800366c   0x00000028   Code   RO         4034    i.OLED_I2C_Stop     oled.o
    0x08003694   0x08003694   0x000000ae   Code   RO         4035    i.OLED_Init         oled.o
    0x08003742   0x08003742   0x00000014   Code   RO         4036    i.OLED_Pow          oled.o
    0x08003756   0x08003756   0x00000022   Code   RO         4037    i.OLED_SetCursor    oled.o
    0x08003778   0x08003778   0x0000006c   Code   RO         4039    i.OLED_ShowCN       oled.o
    0x080037e4   0x080037e4   0x00000074   Code   RO         4040    i.OLED_ShowChar     oled.o
    0x08003858   0x08003858   0x00000034   Code   RO         4041    i.OLED_ShowFNum     oled.o
    0x0800388c   0x0800388c   0x00000044   Code   RO         4043    i.OLED_ShowNum      oled.o
    0x080038d0   0x080038d0   0x00000028   Code   RO         4045    i.OLED_ShowString   oled.o
    0x080038f8   0x080038f8   0x00000020   Code   RO         4046    i.OLED_WriteCommand  oled.o
    0x08003918   0x08003918   0x00000020   Code   RO         4047    i.OLED_WriteData    oled.o
    0x08003938   0x08003938   0x0000009c   Code   RO         3385    i.OneNET_Subscribe  onenet.o
    0x080039d4   0x080039d4   0x00000210   Code   RO         3386    i.OneNet_DevLink    onenet.o
    0x08003be4   0x08003be4   0x00000230   Code   RO         3387    i.OneNet_FillBuf    onenet.o
    0x08003e14   0x08003e14   0x0000028c   Code   RO         3388    i.OneNet_RevPro     onenet.o
    0x080040a0   0x080040a0   0x000000b4   Code   RO         3389    i.OneNet_SendData   onenet.o
    0x08004154   0x08004154   0x00000098   Code   RO         4533    i.PWM2_Init         pwm2.o
    0x080041ec   0x080041ec   0x00000010   Code   RO         4534    i.PWM2_SetCompare2  pwm2.o
    0x080041fc   0x080041fc   0x00000094   Code   RO         4432    i.PWM_Init          pwm.o
    0x08004290   0x08004290   0x00000014   Code   RO         4433    i.PWM_SetCompare1   pwm.o
    0x080042a4   0x080042a4   0x00000002   Code   RO         4638    i.PendSV_Handler    stm32f10x_it.o
    0x080042a6   0x080042a6   0x00000002   PAD
    0x080042a8   0x080042a8   0x00000018   Code   RO         1773    i.RCC_ADCCLKConfig  stm32f10x_rcc.o
    0x080042c0   0x080042c0   0x00000020   Code   RO         1775    i.RCC_APB1PeriphClockCmd  stm32f10x_rcc.o
    0x080042e0   0x080042e0   0x00000020   Code   RO         1777    i.RCC_APB2PeriphClockCmd  stm32f10x_rcc.o
    0x08004300   0x08004300   0x000000d4   Code   RO         1785    i.RCC_GetClocksFreq  stm32f10x_rcc.o
    0x080043d4   0x080043d4   0x00000002   Code   RO         4639    i.SVC_Handler       stm32f10x_it.o
    0x080043d6   0x080043d6   0x00000002   PAD
    0x080043d8   0x080043d8   0x0000006c   Code   RO         4150    i.Serial_Init       serial.o
    0x08004444   0x08004444   0x00000024   Code   RO         4152    i.Serial_Printf     serial.o
    0x08004468   0x08004468   0x00000020   Code   RO         4154    i.Serial_SendByte   serial.o
    0x08004488   0x08004488   0x0000001a   Code   RO         4156    i.Serial_SendString  serial.o
    0x080044a2   0x080044a2   0x00000008   Code   RO         4551    i.Servo_Init        servo.o
    0x080044aa   0x080044aa   0x00000002   PAD
    0x080044ac   0x080044ac   0x0000003c   Code   RO         4552    i.Servo_SetAngle    servo.o
    0x080044e8   0x080044e8   0x00000008   Code   RO           24    i.SetSysClock       system_stm32f10x.o
    0x080044f0   0x080044f0   0x000000e0   Code   RO           25    i.SetSysClockTo72   system_stm32f10x.o
    0x080045d0   0x080045d0   0x00000002   Code   RO         4640    i.SysTick_Handler   stm32f10x_it.o
    0x080045d2   0x080045d2   0x00000002   PAD
    0x080045d4   0x080045d4   0x00000060   Code   RO           27    i.SystemInit        system_stm32f10x.o
    0x08004634   0x08004634   0x00000018   Code   RO         2421    i.TIM_Cmd           stm32f10x_tim.o
    0x0800464c   0x0800464c   0x0000000c   Code   RO         2448    i.TIM_InternalClockConfig  stm32f10x_tim.o
    0x08004658   0x08004658   0x00000098   Code   RO         2450    i.TIM_OC1Init       stm32f10x_tim.o
    0x080046f0   0x080046f0   0x000000a4   Code   RO         2455    i.TIM_OC2Init       stm32f10x_tim.o
    0x08004794   0x08004794   0x00000014   Code   RO         2468    i.TIM_OCStructInit  stm32f10x_tim.o
    0x080047a8   0x080047a8   0x00000004   Code   RO         2482    i.TIM_SetCompare1   stm32f10x_tim.o
    0x080047ac   0x080047ac   0x00000004   Code   RO         2483    i.TIM_SetCompare2   stm32f10x_tim.o
    0x080047b0   0x080047b0   0x000000a4   Code   RO         2492    i.TIM_TimeBaseInit  stm32f10x_tim.o
    0x08004854   0x08004854   0x0000004c   Code   RO         3202    i.USART2_IRQHandler  esp8266.o
    0x080048a0   0x080048a0   0x00000012   Code   RO         2956    i.USART_ClearFlag   stm32f10x_usart.o
    0x080048b2   0x080048b2   0x00000018   Code   RO         2960    i.USART_Cmd         stm32f10x_usart.o
    0x080048ca   0x080048ca   0x0000001a   Code   RO         2963    i.USART_GetFlagStatus  stm32f10x_usart.o
    0x080048e4   0x080048e4   0x00000054   Code   RO         2964    i.USART_GetITStatus  stm32f10x_usart.o
    0x08004938   0x08004938   0x0000004a   Code   RO         2966    i.USART_ITConfig    stm32f10x_usart.o
    0x08004982   0x08004982   0x00000002   PAD
    0x08004984   0x08004984   0x000000d8   Code   RO         2967    i.USART_Init        stm32f10x_usart.o
    0x08004a5c   0x08004a5c   0x00000008   Code   RO         2977    i.USART_SendData    stm32f10x_usart.o
    0x08004a64   0x08004a64   0x00000004   Code   RO         4641    i.UsageFault_Handler  stm32f10x_it.o
    0x08004a68   0x08004a68   0x000000ac   Code   RO         3203    i.Usart2_Init       esp8266.o
    0x08004b14   0x08004b14   0x00000030   Code   RO         3204    i.Usart_SendString  esp8266.o
    0x08004b44   0x08004b44   0x00000028   Code   RO         5082    i.__ARM_fpclassify  m_ws.l(fpclassify.o)
    0x08004b6c   0x08004b6c   0x000000aa   Code   RO         5084    i.__kernel_poly     m_ws.l(poly.o)
    0x08004c16   0x08004c16   0x00000002   PAD
    0x08004c18   0x08004c18   0x00000010   Code   RO         5068    i.__mathlib_dbl_divzero  m_ws.l(dunder.o)
    0x08004c28   0x08004c28   0x00000004   Code   RO         5070    i.__mathlib_dbl_infnan2  m_ws.l(dunder.o)
    0x08004c2c   0x08004c2c   0x0000000c   Code   RO         5071    i.__mathlib_dbl_invalid  m_ws.l(dunder.o)
    0x08004c38   0x08004c38   0x0000000e   Code   RO         5072    i.__mathlib_dbl_overflow  m_ws.l(dunder.o)
    0x08004c46   0x08004c46   0x00000002   PAD
    0x08004c48   0x08004c48   0x00000010   Code   RO         5074    i.__mathlib_dbl_underflow  m_ws.l(dunder.o)
    0x08004c58   0x08004c58   0x0000000e   Code   RO         4811    i._is_digit         c_w.l(__printf_wp.o)
    0x08004c66   0x08004c66   0x00000002   PAD
    0x08004c68   0x08004c68   0x00000058   Code   RO         3575    i.cJSON_Delete      cjson.o
    0x08004cc0   0x08004cc0   0x0000001e   Code   RO         3584    i.cJSON_GetObjectItem  cjson.o
    0x08004cde   0x08004cde   0x00000002   PAD
    0x08004ce0   0x08004ce0   0x00000020   Code   RO         3588    i.cJSON_New_Item    cjson.o
    0x08004d00   0x08004d00   0x00000010   Code   RO         3589    i.cJSON_Parse       cjson.o
    0x08004d10   0x08004d10   0x00000064   Code   RO         3590    i.cJSON_ParseWithOpts  cjson.o
    0x08004d74   0x08004d74   0x0000004c   Code   RO         3596    i.cJSON_strcasecmp  cjson.o
    0x08004dc0   0x08004dc0   0x0000006e   Code   RO         4210    i.combine           dht11.o
    0x08004e2e   0x08004e2e   0x00000002   PAD
    0x08004e30   0x08004e30   0x00000038   Code   RO         4265    i.i2c_Ack           bh1750.o
    0x08004e68   0x08004e68   0x0000001c   Code   RO         4266    i.i2c_CheckDevice   bh1750.o
    0x08004e84   0x08004e84   0x0000000e   Code   RO         4267    i.i2c_Delay         bh1750.o
    0x08004e92   0x08004e92   0x00000002   PAD
    0x08004e94   0x08004e94   0x00000030   Code   RO         4268    i.i2c_NAck          bh1750.o
    0x08004ec4   0x08004ec4   0x00000048   Code   RO         4269    i.i2c_ReadByte      bh1750.o
    0x08004f0c   0x08004f0c   0x0000005c   Code   RO         4270    i.i2c_SendByte      bh1750.o
    0x08004f68   0x08004f68   0x00000034   Code   RO         4271    i.i2c_Start         bh1750.o
    0x08004f9c   0x08004f9c   0x00000024   Code   RO         4272    i.i2c_Stop          bh1750.o
    0x08004fc0   0x08004fc0   0x00000044   Code   RO         4273    i.i2c_WaitAck       bh1750.o
    0x08005004   0x08005004   0x00000234   Code   RO         4596    i.main              main.o
    0x08005238   0x08005238   0x000000ac   Code   RO         3600    i.parse_array       cjson.o
    0x080052e4   0x080052e4   0x00000114   Code   RO         3601    i.parse_hex4        cjson.o
    0x080053f8   0x080053f8   0x000001bc   Code   RO         3602    i.parse_number      cjson.o
    0x080055b4   0x080055b4   0x00000114   Code   RO         3603    i.parse_object      cjson.o
    0x080056c8   0x080056c8   0x000001cc   Code   RO         3604    i.parse_string      cjson.o
    0x08005894   0x08005894   0x000000bc   Code   RO         3605    i.parse_value       cjson.o
    0x08005950   0x08005950   0x000009d8   Code   RO         4916    i.pow               m_ws.l(pow.o)
    0x08006328   0x08006328   0x00000012   Code   RO         3613    i.skip              cjson.o
    0x0800633a   0x0800633a   0x0000004c   Code   RO         5088    i.sqrt              m_ws.l(sqrt.o)
    0x08006386   0x08006386   0x00000002   PAD
    0x08006388   0x08006388   0x0000002c   Code   RO         5172    locale$$code        c_w.l(lc_ctype_c.o)
    0x080063b4   0x080063b4   0x0000002c   Code   RO         5175    locale$$code        c_w.l(lc_numeric_c.o)
    0x080063e0   0x080063e0   0x00000150   Code   RO         4857    x$fpl$dadd          fz_ws.l(daddsub_clz.o)
    0x08006530   0x08006530   0x00000010   Code   RO         5186    x$fpl$dcheck1       fz_ws.l(dcheck1.o)
    0x08006540   0x08006540   0x00000018   Code   RO         5049    x$fpl$dcmpinf       fz_ws.l(dcmpi.o)
    0x08006558   0x08006558   0x000002b0   Code   RO         4864    x$fpl$ddiv          fz_ws.l(ddiv.o)
    0x08006808   0x08006808   0x0000005e   Code   RO         4869    x$fpl$dfix          fz_ws.l(dfix.o)
    0x08006866   0x08006866   0x0000002e   Code   RO         4874    x$fpl$dflt          fz_ws.l(dflt_clz.o)
    0x08006894   0x08006894   0x00000078   Code   RO         4879    x$fpl$dleqf         fz_ws.l(dleqf.o)
    0x0800690c   0x0800690c   0x00000154   Code   RO         4881    x$fpl$dmul          fz_ws.l(dmul.o)
    0x08006a60   0x08006a60   0x0000009c   Code   RO         5051    x$fpl$dnaninf       fz_ws.l(dnaninf.o)
    0x08006afc   0x08006afc   0x0000000c   Code   RO         5053    x$fpl$dretinf       fz_ws.l(dretinf.o)
    0x08006b08   0x08006b08   0x0000006c   Code   RO         4883    x$fpl$drleqf        fz_ws.l(drleqf.o)
    0x08006b74   0x08006b74   0x00000016   Code   RO         4858    x$fpl$drsb          fz_ws.l(daddsub_clz.o)
    0x08006b8a   0x08006b8a   0x00000002   PAD
    0x08006b8c   0x08006b8c   0x000001cc   Code   RO         5188    x$fpl$dsqrt         fz_ws.l(dsqrt_noumaal.o)
    0x08006d58   0x08006d58   0x000001d4   Code   RO         4859    x$fpl$dsub          fz_ws.l(daddsub_clz.o)
    0x08006f2c   0x08006f2c   0x00000056   Code   RO         4885    x$fpl$f2d           fz_ws.l(f2d.o)
    0x08006f82   0x08006f82   0x00000002   PAD
    0x08006f84   0x08006f84   0x000000c4   Code   RO         4887    x$fpl$fadd          fz_ws.l(faddsub_clz.o)
    0x08007048   0x08007048   0x00000184   Code   RO         4894    x$fpl$fdiv          fz_ws.l(fdiv.o)
    0x080071cc   0x080071cc   0x0000003e   Code   RO         4897    x$fpl$ffixu         fz_ws.l(ffixu.o)
    0x0800720a   0x0800720a   0x00000002   PAD
    0x0800720c   0x0800720c   0x00000030   Code   RO         4902    x$fpl$fflt          fz_ws.l(fflt_clz.o)
    0x0800723c   0x0800723c   0x00000026   Code   RO         4901    x$fpl$ffltu         fz_ws.l(fflt_clz.o)
    0x08007262   0x08007262   0x00000002   PAD
    0x08007264   0x08007264   0x00000102   Code   RO         4907    x$fpl$fmul          fz_ws.l(fmul.o)
    0x08007366   0x08007366   0x0000008c   Code   RO         5055    x$fpl$fnaninf       fz_ws.l(fnaninf.o)
    0x080073f2   0x080073f2   0x0000000a   Code   RO         5057    x$fpl$fretinf       fz_ws.l(fretinf.o)
    0x080073fc   0x080073fc   0x000000ea   Code   RO         4889    x$fpl$fsub          fz_ws.l(faddsub_clz.o)
    0x080074e6   0x080074e6   0x00000004   Code   RO         4909    x$fpl$printf1       fz_ws.l(printf1.o)
    0x080074ea   0x080074ea   0x00000004   Code   RO         5059    x$fpl$printf2       fz_ws.l(printf2.o)
    0x080074ee   0x080074ee   0x00000064   Code   RO         5219    x$fpl$retnan        fz_ws.l(retnan.o)
    0x08007552   0x08007552   0x0000005c   Code   RO         5065    x$fpl$scalbn        fz_ws.l(scalbn.o)
    0x080075ae   0x080075ae   0x00000030   Code   RO         5249    x$fpl$trapveneer    fz_ws.l(trapv.o)
    0x080075de   0x080075de   0x00000000   Code   RO         5067    x$fpl$usenofp       fz_ws.l(usenofp.o)
    0x080075de   0x080075de   0x00000007   Data   RO         3616    .constdata          cjson.o
    0x080075e5   0x080075e5   0x00000750   Data   RO         4048    .constdata          oled.o
    0x08007d35   0x08007d35   0x00000028   Data   RO         4799    .constdata          c_w.l(_printf_hex_int_ll_ptr.o)
    0x08007d5d   0x08007d5d   0x00000011   Data   RO         4819    .constdata          c_w.l(__printf_flags_ss_wp.o)
    0x08007d6e   0x08007d6e   0x00000002   PAD
    0x08007d70   0x08007d70   0x00000088   Data   RO         4917    .constdata          m_ws.l(pow.o)
    0x08007df8   0x08007df8   0x00000008   Data   RO         4974    .constdata          c_w.l(_printf_wctomb.o)
    0x08007e00   0x08007e00   0x00000008   Data   RO         5086    .constdata          m_ws.l(qnan.o)
    0x08007e08   0x08007e08   0x00000026   Data   RO         5136    .constdata          c_w.l(_printf_fp_hex.o)
    0x08007e2e   0x08007e2e   0x00000002   PAD
    0x08007e30   0x08007e30   0x00000094   Data   RO         5145    .constdata          c_w.l(bigflt0.o)
    0x08007ec4   0x08007ec4   0x0000007a   Data   RO         3390    .conststring        onenet.o
    0x08007f3e   0x08007f3e   0x00000002   PAD
    0x08007f40   0x08007f40   0x00000020   Data   RO         5281    Region$$Table       anon$$obj.o
    0x08007f60   0x08007f60   0x00000110   Data   RO         5171    locale$$data        c_w.l(lc_ctype_c.o)
    0x08008070   0x08008070   0x0000001c   Data   RO         5174    locale$$data        c_w.l(lc_numeric_c.o)


    Execution Region RW_IRAM1 (Exec base: 0x20000000, Load base: 0x0800808c, Size: 0x000008d0, Max: 0x00005000, ABSOLUTE)

    Exec Addr    Load Addr    Size         Type   Attr      Idx    E Section Name        Object

    0x20000000   0x0800808c   0x00000014   Data   RW         1805    .data               stm32f10x_rcc.o
    0x20000014   0x080080a0   0x00000004   Data   RW         3206    .data               esp8266.o
    0x20000018   0x080080a4   0x0000001c   Data   RW         3391    .data               onenet.o
    0x20000034   0x080080c0   0x0000000c   Data   RW         3617    .data               cjson.o
    0x20000040   0x080080cc   0x00000008   Data   RW         4212    .data               dht11.o
    0x20000048   0x080080d4   0x00000004   Data   RW         4274    .data               bh1750.o
    0x2000004c   0x080080d8   0x00000002   Data   RW         4373    .data               mq135.o
    0x2000004e   0x080080da   0x00000002   PAD
    0x20000050   0x080080dc   0x00000010   Data   RW         4597    .data               main.o
    0x20000060        -       0x00000200   Zero   RW         3205    .bss                esp8266.o
    0x20000260        -       0x00000010   Zero   RW         4211    .bss                dht11.o
    0x20000270        -       0x00000060   Zero   RW         5098    .bss                c_w.l(libspace.o)
    0x200002d0        -       0x00000200   Zero   RW            2    HEAP                startup_stm32f10x_md.o
    0x200004d0        -       0x00000400   Zero   RW            1    STACK               startup_stm32f10x_md.o


==============================================================================

Image component sizes


      Code (inc. data)   RO Data    RW Data    ZI Data      Debug   Object Name

       196         12          0          0          0        992   ad.o
       722         46          0          4          0       7175   bh1750.o
      2176         82          7         12          0      11509   cjson.o
         0          0          0          0          0       4548   core_cm3.o
        70          0          0          0          0        874   delay.o
       554         36          0          8         16       4195   dht11.o
      1100        320          0          4        512       5988   esp8266.o
        64          6          0          0          0        451   key.o
        92         16          0          0          0       1232   led.o
       564         36          0         16          0       1132   main.o
       112         12          0          0          0     213192   misc.o
       108         10          0          0          0       1002   motor.o
        96         10          0          2          0       1633   mq135.o
      2254         70          0          0          0      12864   mqttkit.o
       974         36       1872          0          0       8487   oled.o
      2076        990        122         28          0     218331   onenet.o
       168         16          0          0          0      29669   pwm.o
       168          6          0          0          0       1063   pwm2.o
       202         12          0          0          0       2684   serial.o
        68         12          0          0          0        878   servo.o
        64         26        236          0       1536        800   startup_stm32f10x_md.o
       394         10          0          0          0      17985   stm32f10x_adc.o
       332          0          0          0          0      12729   stm32f10x_gpio.o
        26          0          0          0          0       3522   stm32f10x_it.o
       300         38          0         20          0      13317   stm32f10x_rcc.o
       544         72          0          0          0      25034   stm32f10x_tim.o
       450          6          0          0          0      11663   stm32f10x_usart.o
       328         28          0          0          0      45021   system_stm32f10x.o

    ----------------------------------------------------------------------
     14230       1908       2271         96       2064     657970   Object Totals
         0          0         32          0          0          0   (incl. Generated)
        28          0          2          2          0          0   (incl. Padding)

    ----------------------------------------------------------------------

      Code (inc. data)   RO Data    RW Data    ZI Data      Debug   Library Member Name

        56          6          0          0          0         88   __2snprintf.o
        44          6          0          0          0         84   __2sprintf.o
         8          0          0          0          0         68   __main.o
       392          4         17          0          0         92   __printf_flags_ss_wp.o
        14          0          0          0          0         68   __printf_wp.o
         0          0          0          0          0          0   __rtentry.o
        12          0          0          0          0          0   __rtentry2.o
         6          0          0          0          0          0   __rtentry4.o
        52          8          0          0          0          0   __scatter.o
        26          0          0          0          0          0   __scatter_copy.o
        28          0          0          0          0          0   __scatter_zi.o
         6          0          0          0          0          0   _printf_a.o
         6          0          0          0          0          0   _printf_c.o
        44          0          0          0          0        108   _printf_char.o
        48          6          0          0          0         96   _printf_char_common.o
        40          0          0          0          0         68   _printf_charcount.o
         6          0          0          0          0          0   _printf_d.o
       120         16          0          0          0         92   _printf_dec.o
         6          0          0          0          0          0   _printf_e.o
         6          0          0          0          0          0   _printf_f.o
      1054          0          0          0          0        216   _printf_fp_dec.o
       764          8         38          0          0        100   _printf_fp_hex.o
       128         16          0          0          0         84   _printf_fp_infnan.o
         6          0          0          0          0          0   _printf_g.o
       148          4         40          0          0        160   _printf_hex_int_ll_ptr.o
         6          0          0          0          0          0   _printf_i.o
       178          0          0          0          0         88   _printf_intcommon.o
        10          0          0          0          0          0   _printf_l.o
         6          0          0          0          0          0   _printf_lc.o
        10          0          0          0          0          0   _printf_ll.o
         6          0          0          0          0          0   _printf_lld.o
         6          0          0          0          0          0   _printf_lli.o
         6          0          0          0          0          0   _printf_llo.o
         6          0          0          0          0          0   _printf_llu.o
         6          0          0          0          0          0   _printf_llx.o
       124         16          0          0          0         92   _printf_longlong_dec.o
         6          0          0          0          0          0   _printf_ls.o
         6          0          0          0          0          0   _printf_n.o
         6          0          0          0          0          0   _printf_o.o
       112         10          0          0          0        124   _printf_oct_int_ll.o
         6          0          0          0          0          0   _printf_p.o
        78          0          0          0          0        108   _printf_pad.o
         0          0          0          0          0          0   _printf_percent.o
         4          0          0          0          0          0   _printf_percent_end.o
         6          0          0          0          0          0   _printf_s.o
        82          0          0          0          0         80   _printf_str.o
        36          0          0          0          0         84   _printf_truncate.o
         6          0          0          0          0          0   _printf_u.o
        44          0          0          0          0        108   _printf_wchar.o
       188          6          8          0          0         92   _printf_wctomb.o
         6          0          0          0          0          0   _printf_x.o
        22          0          0          0          0        100   _rserrno.o
        16          0          0          0          0         68   _snputc.o
        10          0          0          0          0         68   _sputc.o
        64          0          0          0          0         92   _wcrtomb.o
       228          4        148          0          0         96   bigflt0.o
      1936        128          0          0          0        672   btod.o
        10          0          0          0          0         68   defsig_exit.o
        50          0          0          0          0         88   defsig_general.o
        80         58          0          0          0         76   defsig_rtmem_inner.o
        14          0          0          0          0         80   defsig_rtmem_outer.o
        18          0          0          0          0         80   exit.o
        94          0          0          0          0         80   h1_alloc.o
        52          0          0          0          0         68   h1_extend.o
        78          0          0          0          0         80   h1_free.o
        14          0          0          0          0         84   h1_init.o
         6          0          0          0          0        152   heapauxi.o
         4          0          0          0          0        136   hguard.o
         0          0          0          0          0          0   indicate_semi.o
       138          0          0          0          0        168   init_alloc.o
        44         10        272          0          0         76   lc_ctype_c.o
        44         10         28          0          0         76   lc_numeric_c.o
         2          0          0          0          0          0   libinit.o
        38          0          0          0          0          0   libinit2.o
         2          0          0          0          0          0   libshutdown.o
         2          0          0          0          0          0   libshutdown2.o
         8          4          0          0         96         68   libspace.o
       138          0          0          0          0         80   lludiv10.o
         0          0          0          0          0          0   maybetermalloc1.o
        16          4          0          0          0         76   rt_ctype_table.o
         8          4          0          0          0         68   rt_errno_addr_intlibspace.o
         8          4          0          0          0         68   rt_heap_descriptor_intlibspace.o
         8          4          0          0          0         68   rt_locale_intlibspace.o
        68          0          0          0          0         68   rt_memclr.o
        78          0          0          0          0         80   rt_memclr_w.o
       138          0          0          0          0         68   rt_memcpy_v6.o
       100          0          0          0          0         80   rt_memcpy_w.o
         2          0          0          0          0          0   rtexit.o
        10          0          0          0          0          0   rtexit2.o
        24          0          0          0          0         68   strcat.o
        20          0          0          0          0         68   strchr.o
       128          0          0          0          0         68   strcmpv7m.o
        72          0          0          0          0         80   strcpy.o
        62          0          0          0          0         76   strlen.o
        36          0          0          0          0         76   strncat.o
       150          0          0          0          0         80   strncmp.o
        36          0          0          0          0         80   strstr.o
        12          4          0          0          0         68   sys_exit.o
        74          0          0          0          0         80   sys_stackheap_outer.o
        14          0          0          0          0         76   sys_wrch.o
        26          0          0          0          0         76   tolower.o
         2          0          0          0          0         68   use_no_semi.o
        36          4          0          0          0         76   vsprintf.o
       826         16          0          0          0        348   daddsub_clz.o
        16          4          0          0          0         68   dcheck1.o
        24          0          0          0          0         68   dcmpi.o
       688        140          0          0          0        208   ddiv.o
        94          4          0          0          0         92   dfix.o
        46          0          0          0          0         68   dflt_clz.o
       120          4          0          0          0         92   dleqf.o
       340         12          0          0          0        104   dmul.o
       156          4          0          0          0         92   dnaninf.o
        12          0          0          0          0         68   dretinf.o
       108          0          0          0          0         80   drleqf.o
       460         56          0          0          0        120   dsqrt_noumaal.o
        86          4          0          0          0         84   f2d.o
       430          8          0          0          0        168   faddsub_clz.o
       388         76          0          0          0         96   fdiv.o
        62          4          0          0          0         84   ffixu.o
        86          0          0          0          0        136   fflt_clz.o
       258          4          0          0          0         84   fmul.o
       140          4          0          0          0         84   fnaninf.o
        10          0          0          0          0         68   fretinf.o
         4          0          0          0          0         68   printf1.o
         4          0          0          0          0         68   printf2.o
       100          0          0          0          0         68   retnan.o
        92          0          0          0          0         68   scalbn.o
        48          0          0          0          0         68   trapv.o
         0          0          0          0          0          0   usenofp.o
        62         10          0          0          0        340   dunder.o
        40          0          0          0          0         68   fpclassify.o
       170          0          0          0          0         96   poly.o
      2520        190        136          0          0        324   pow.o
         0          0          8          0          0          0   qnan.o
        76          0          0          0          0         84   sqrt.o

    ----------------------------------------------------------------------
     15708        884        699          0         96       9736   Library Totals
        32          0          4          0          0          0   (incl. Padding)

    ----------------------------------------------------------------------

      Code (inc. data)   RO Data    RW Data    ZI Data      Debug   Library Name

      8210        344        551          0         96       6272   c_w.l
      4598        340          0          0          0       2552   fz_ws.l
      2868        200        144          0          0        912   m_ws.l

    ----------------------------------------------------------------------
     15708        884        699          0         96       9736   Library Totals

    ----------------------------------------------------------------------

==============================================================================


      Code (inc. data)   RO Data    RW Data    ZI Data      Debug   

     29938       2792       2970         96       2160     654598   Grand Totals
     29938       2792       2970         96       2160     654598   ELF Image Totals
     29938       2792       2970         96          0          0   ROM Totals

==============================================================================

    Total RO  Size (Code + RO Data)                32908 (  32.14kB)
    Total RW  Size (RW Data + ZI Data)              2256 (   2.20kB)
    Total ROM Size (Code + RO Data + RW Data)      33004 (  32.23kB)

==============================================================================

