Component: ARM Compiler 5.06 update 5 (build 528) Tool: armlink [4d35e2]

==============================================================================

Section Cross References

    startup_stm32f10x_md.o(STACK) refers (Special) to heapauxi.o(.text) for __use_two_region_memory
    startup_stm32f10x_md.o(HEAP) refers (Special) to heapauxi.o(.text) for __use_two_region_memory
    startup_stm32f10x_md.o(RESET) refers (Special) to heapauxi.o(.text) for __use_two_region_memory
    startup_stm32f10x_md.o(RESET) refers to startup_stm32f10x_md.o(STACK) for __initial_sp
    startup_stm32f10x_md.o(RESET) refers to startup_stm32f10x_md.o(.text) for Reset_Handler
    startup_stm32f10x_md.o(RESET) refers to stm32f10x_it.o(i.NMI_Handler) for NMI_Handler
    startup_stm32f10x_md.o(RESET) refers to stm32f10x_it.o(i.HardFault_Handler) for HardFault_Handler
    startup_stm32f10x_md.o(RESET) refers to stm32f10x_it.o(i.MemManage_Handler) for MemManage_Handler
    startup_stm32f10x_md.o(RESET) refers to stm32f10x_it.o(i.BusFault_Handler) for BusFault_Handler
    startup_stm32f10x_md.o(RESET) refers to stm32f10x_it.o(i.UsageFault_Handler) for UsageFault_Handler
    startup_stm32f10x_md.o(RESET) refers to stm32f10x_it.o(i.SVC_Handler) for SVC_Handler
    startup_stm32f10x_md.o(RESET) refers to stm32f10x_it.o(i.DebugMon_Handler) for DebugMon_Handler
    startup_stm32f10x_md.o(RESET) refers to stm32f10x_it.o(i.PendSV_Handler) for PendSV_Handler
    startup_stm32f10x_md.o(RESET) refers to stm32f10x_it.o(i.SysTick_Handler) for SysTick_Handler
    startup_stm32f10x_md.o(RESET) refers to esp8266.o(i.USART2_IRQHandler) for USART2_IRQHandler
    startup_stm32f10x_md.o(.text) refers (Special) to heapauxi.o(.text) for __use_two_region_memory
    startup_stm32f10x_md.o(.text) refers to system_stm32f10x.o(i.SystemInit) for SystemInit
    startup_stm32f10x_md.o(.text) refers to __main.o(!!!main) for __main
    startup_stm32f10x_md.o(.text) refers to startup_stm32f10x_md.o(HEAP) for Heap_Mem
    startup_stm32f10x_md.o(.text) refers to startup_stm32f10x_md.o(STACK) for Stack_Mem
    system_stm32f10x.o(i.SetSysClock) refers to system_stm32f10x.o(i.SetSysClockTo72) for SetSysClockTo72
    system_stm32f10x.o(i.SystemCoreClockUpdate) refers to system_stm32f10x.o(.data) for SystemCoreClock
    system_stm32f10x.o(i.SystemInit) refers to system_stm32f10x.o(i.SetSysClock) for SetSysClock
    stm32f10x_adc.o(i.ADC_DeInit) refers to stm32f10x_rcc.o(i.RCC_APB2PeriphResetCmd) for RCC_APB2PeriphResetCmd
    stm32f10x_bkp.o(i.BKP_DeInit) refers to stm32f10x_rcc.o(i.RCC_BackupResetCmd) for RCC_BackupResetCmd
    stm32f10x_can.o(i.CAN_DeInit) refers to stm32f10x_rcc.o(i.RCC_APB1PeriphResetCmd) for RCC_APB1PeriphResetCmd
    stm32f10x_can.o(i.CAN_GetITStatus) refers to stm32f10x_can.o(i.CheckITStatus) for CheckITStatus
    stm32f10x_cec.o(i.CEC_DeInit) refers to stm32f10x_rcc.o(i.RCC_APB1PeriphResetCmd) for RCC_APB1PeriphResetCmd
    stm32f10x_dac.o(i.DAC_DeInit) refers to stm32f10x_rcc.o(i.RCC_APB1PeriphResetCmd) for RCC_APB1PeriphResetCmd
    stm32f10x_flash.o(i.FLASH_EnableWriteProtection) refers to stm32f10x_flash.o(i.FLASH_WaitForLastOperation) for FLASH_WaitForLastOperation
    stm32f10x_flash.o(i.FLASH_EraseAllBank1Pages) refers to stm32f10x_flash.o(i.FLASH_WaitForLastBank1Operation) for FLASH_WaitForLastBank1Operation
    stm32f10x_flash.o(i.FLASH_EraseAllPages) refers to stm32f10x_flash.o(i.FLASH_WaitForLastOperation) for FLASH_WaitForLastOperation
    stm32f10x_flash.o(i.FLASH_EraseOptionBytes) refers to stm32f10x_flash.o(i.FLASH_GetReadOutProtectionStatus) for FLASH_GetReadOutProtectionStatus
    stm32f10x_flash.o(i.FLASH_EraseOptionBytes) refers to stm32f10x_flash.o(i.FLASH_WaitForLastOperation) for FLASH_WaitForLastOperation
    stm32f10x_flash.o(i.FLASH_ErasePage) refers to stm32f10x_flash.o(i.FLASH_WaitForLastOperation) for FLASH_WaitForLastOperation
    stm32f10x_flash.o(i.FLASH_ProgramHalfWord) refers to stm32f10x_flash.o(i.FLASH_WaitForLastOperation) for FLASH_WaitForLastOperation
    stm32f10x_flash.o(i.FLASH_ProgramOptionByteData) refers to stm32f10x_flash.o(i.FLASH_WaitForLastOperation) for FLASH_WaitForLastOperation
    stm32f10x_flash.o(i.FLASH_ProgramWord) refers to stm32f10x_flash.o(i.FLASH_WaitForLastOperation) for FLASH_WaitForLastOperation
    stm32f10x_flash.o(i.FLASH_ReadOutProtection) refers to stm32f10x_flash.o(i.FLASH_WaitForLastOperation) for FLASH_WaitForLastOperation
    stm32f10x_flash.o(i.FLASH_UserOptionByteConfig) refers to stm32f10x_flash.o(i.FLASH_WaitForLastOperation) for FLASH_WaitForLastOperation
    stm32f10x_flash.o(i.FLASH_WaitForLastBank1Operation) refers to stm32f10x_flash.o(i.FLASH_GetBank1Status) for FLASH_GetBank1Status
    stm32f10x_flash.o(i.FLASH_WaitForLastOperation) refers to stm32f10x_flash.o(i.FLASH_GetBank1Status) for FLASH_GetBank1Status
    stm32f10x_gpio.o(i.GPIO_AFIODeInit) refers to stm32f10x_rcc.o(i.RCC_APB2PeriphResetCmd) for RCC_APB2PeriphResetCmd
[...]
    .text                                    0x08001684   Section      128  strcmpv7m.o(.text)
    .text                                    0x08001704   Section        0  sys_exit.o(.text)
    .text                                    0x08001710   Section        0  defsig_general.o(.text)
    .text                                    0x08001742   Section        0  sys_wrch.o(.text)
    CL$$btod_d2e                             0x08001750   Section       62  btod.o(CL$$btod_d2e)
    CL$$btod_d2e_denorm_low                  0x0800178e   Section       70  btod.o(CL$$btod_d2e_denorm_low)
    CL$$btod_d2e_norm_op1                    0x080017d4   Section       96  btod.o(CL$$btod_d2e_norm_op1)
    CL$$btod_div_common                      0x08001834   Section      824  btod.o(CL$$btod_div_common)
    CL$$btod_e2e                             0x08001b6c   Section      220  btod.o(CL$$btod_e2e)
    CL$$btod_ediv                            0x08001c48   Section       42  btod.o(CL$$btod_ediv)
    CL$$btod_emul                            0x08001c72   Section       42  btod.o(CL$$btod_emul)
    CL$$btod_mult_common                     0x08001c9c   Section      580  btod.o(CL$$btod_mult_common)
    i.BusFault_Handler                       0x08001ee0   Section        0  stm32f10x_it.o(i.BusFault_Handler)
    i.DH11_GPIO_Init_IN                      0x08001ee4   Section        0  dht11.o(i.DH11_GPIO_Init_IN)
    i.DH11_GPIO_Init_OUT                     0x08001f10   Section        0  dht11.o(i.DH11_GPIO_Init_OUT)
    i.DHT11_REC_Data                         0x08001f3c   Section        0  dht11.o(i.DHT11_REC_Data)
    i.DHT11_Rec_Byte                         0x0800200c   Section        0  dht11.o(i.DHT11_Rec_Byte)
    i.DHT11_Start                            0x08002060   Section        0  dht11.o(i.DHT11_Start)
    i.DebugMon_Handler                       0x080020a0   Section        0  stm32f10x_it.o(i.DebugMon_Handler)
    i.Delay_ms                               0x080020a2   Section        0  delay.o(i.Delay_ms)
    i.Delay_us                               0x080020ba   Section        0  delay.o(i.Delay_us)
    i.ESP8266_Clear                          0x080020e8   Section        0  esp8266.o(i.ESP8266_Clear)
    i.ESP8266_GetIPD                         0x08002104   Section        0  esp8266.o(i.ESP8266_GetIPD)
    i.ESP8266_Init                           0x08002154   Section        0  esp8266.o(i.ESP8266_Init)
    i.ESP8266_SendCmd                        0x08002340   Section        0  esp8266.o(i.ESP8266_SendCmd)
    i.ESP8266_SendData                       0x08002390   Section        0  esp8266.o(i.ESP8266_SendData)
    i.ESP8266_WaitRecive                     0x080023d4   Section        0  esp8266.o(i.ESP8266_WaitRecive)
    i.GPIO_Init                              0x08002408   Section        0  stm32f10x_gpio.o(i.GPIO_Init)
    i.GPIO_ReadInputDataBit                  0x0800251e   Section        0  stm32f10x_gpio.o(i.GPIO_ReadInputDataBit)
    i.GPIO_ResetBits                         0x08002530   Section        0  stm32f10x_gpio.o(i.GPIO_ResetBits)
    i.GPIO_SetBits                           0x08002534   Section        0  stm32f10x_gpio.o(i.GPIO_SetBits)
    i.GPIO_WriteBit                          0x08002538   Section        0  stm32f10x_gpio.o(i.GPIO_WriteBit)
    i.HardFault_Handler                      0x08002542   Section        0  stm32f10x_it.o(i.HardFault_Handler)
    i.LED1_On                                0x08002548   Section        0  led.o(i.LED1_On)
    i.LED2_On                                0x08002558   Section        0  led.o(i.LED2_On)
    i.LED_Init                               0x0800256c   Section        0  led.o(i.LED_Init)
    i.MQTT_DeleteBuffer                      0x080025a4   Section        0  mqttkit.o(i.MQTT_DeleteBuffer)
    i.MQTT_DumpLength                        0x080025c0   Section        0  mqttkit.o(i.MQTT_DumpLength)
    i.MQTT_NewBuffer                         0x080025ee   Section        0  mqttkit.o(i.MQTT_NewBuffer)
    i.MQTT_PacketConnect                     0x08002648   Section        0  mqttkit.o(i.MQTT_PacketConnect)
    i.MQTT_PacketPublish                     0x080028fc   Section        0  mqttkit.o(i.MQTT_PacketPublish)
    i.MQTT_PacketSaveData                    0x08002a2c   Section        0  mqttkit.o(i.MQTT_PacketSaveData)
    i.MQTT_ReadLength                        0x08002a8c   Section        0  mqttkit.o(i.MQTT_ReadLength)
    i.MQTT_UnPacketConnectAck                0x08002ad2   Section        0  mqttkit.o(i.MQTT_UnPacketConnectAck)
    i.MQTT_UnPacketRecv                      0x08002af0   Section        0  mqttkit.o(i.MQTT_UnPacketRecv)
    i.MemManage_Handler                      0x08002b64   Section        0  stm32f10x_it.o(i.MemManage_Handler)
    i.NMI_Handler                            0x08002b68   Section        0  stm32f10x_it.o(i.NMI_Handler)
    i.NVIC_Init                              0x08002b6c   Section        0  misc.o(i.NVIC_Init)
    i.OLED_Clear                             0x08002bdc   Section        0  oled.o(i.OLED_Clear)
    i.OLED_I2C_Init                          0x08002c08   Section        0  oled.o(i.OLED_I2C_Init)
    i.OLED_I2C_SendByte                      0x08002c58   Section        0  oled.o(i.OLED_I2C_SendByte)
    i.OLED_I2C_Start                         0x08002cac   Section        0  oled.o(i.OLED_I2C_Start)
    i.OLED_I2C_Stop                          0x08002ce0   Section        0  oled.o(i.OLED_I2C_Stop)
    i.OLED_Init                              0x08002d08   Section        0  oled.o(i.OLED_Init)
    i.OLED_Pow                               0x08002db6   Section        0  oled.o(i.OLED_Pow)
    i.OLED_SetCursor                         0x08002dca   Section        0  oled.o(i.OLED_SetCursor)
    i.OLED_ShowCN                            0x08002dec   Section        0  oled.o(i.OLED_ShowCN)
    i.OLED_ShowChar                          0x08002e58   Section        0  oled.o(i.OLED_ShowChar)
    i.OLED_ShowFNum                          0x08002ecc   Section        0  oled.o(i.OLED_ShowFNum)
    i.OLED_ShowNum                           0x08002f00   Section        0  oled.o(i.OLED_ShowNum)
    i.OLED_ShowString                        0x08002f44   Section        0  oled.o(i.OLED_ShowString)
    i.OLED_WriteCommand                      0x08002f6c   Section        0  oled.o(i.OLED_WriteCommand)
    i.OLED_WriteData                         0x08002f8c   Section        0  oled.o(i.OLED_WriteData)
    i.OneNet_DevLink                         0x08002fac   Section        0  onenet.o(i.OneNet_DevLink)
    i.OneNet_FillBuf                         0x080031bc   Section        0  onenet.o(i.OneNet_FillBuf)
    i.OneNet_SendData                        0x0800329c   Section        0  onenet.o(i.OneNet_SendData)
    i.PendSV_Handler                         0x08003330   Section        0  stm32f10x_it.o(i.PendSV_Handler)
    i.RCC_APB1PeriphClockCmd                 0x08003334   Section        0  stm32f10x_rcc.o(i.RCC_APB1PeriphClockCmd)
    i.RCC_APB2PeriphClockCmd                 0x08003354   Section        0  stm32f10x_rcc.o(i.RCC_APB2PeriphClockCmd)
    i.RCC_GetClocksFreq                      0x08003374   Section        0  stm32f10x_rcc.o(i.RCC_GetClocksFreq)
    i.SVC_Handler                            0x08003448   Section        0  stm32f10x_it.o(i.SVC_Handler)
    i.Serial_Init                            0x0800344c   Section        0  serial.o(i.Serial_Init)
    i.Serial_Printf                          0x080034b8   Section        0  serial.o(i.Serial_Printf)
    i.Serial_SendByte                        0x080034dc   Section        0  serial.o(i.Serial_SendByte)
    i.Serial_SendString                      0x080034fc   Section        0  serial.o(i.Serial_SendString)
    i.SetSysClock                            0x08003516   Section        0  system_stm32f10x.o(i.SetSysClock)
    SetSysClock                              0x08003517   Thumb Code     8  system_stm32f10x.o(i.SetSysClock)
    i.SetSysClockTo72                        0x08003520   Section        0  system_stm32f10x.o(i.SetSysClockTo72)
    SetSysClockTo72                          0x08003521   Thumb Code   214  system_stm32f10x.o(i.SetSysClockTo72)
    i.SysTick_Handler                        0x08003600   Section        0  stm32f10x_it.o(i.SysTick_Handler)
    i.SystemInit                             0x08003604   Section        0  system_stm32f10x.o(i.SystemInit)
    i.USART2_IRQHandler                      0x08003664   Section        0  esp8266.o(i.USART2_IRQHandler)
    i.USART_ClearFlag                        0x080036b0   Section        0  stm32f10x_usart.o(i.USART_ClearFlag)
    i.USART_Cmd                              0x080036c2   Section        0  stm32f10x_usart.o(i.USART_Cmd)
    i.USART_GetFlagStatus                    0x080036da   Section        0  stm32f10x_usart.o(i.USART_GetFlagStatus)
    i.USART_GetITStatus                      0x080036f4   Section        0  stm32f10x_usart.o(i.USART_GetITStatus)
    i.USART_ITConfig                         0x08003748   Section        0  stm32f10x_usart.o(i.USART_ITConfig)
    i.USART_Init                             0x08003794   Section        0  stm32f10x_usart.o(i.USART_Init)
    i.USART_SendData                         0x0800386c   Section        0  stm32f10x_usart.o(i.USART_SendData)
    i.UsageFault_Handler                     0x08003874   Section        0  stm32f10x_it.o(i.UsageFault_Handler)
    i.Usart2_Init                            0x08003878   Section        0  esp8266.o(i.Usart2_Init)
    i.Usart_SendString                       0x08003924   Section        0  esp8266.o(i.Usart_SendString)
    i.__ARM_fpclassify                       0x08003954   Section        0  fpclassify.o(i.__ARM_fpclassify)
    i._is_digit                              0x0800397c   Section        0  __printf_wp.o(i._is_digit)
    i.combine                                0x0800398a   Section        0  dht11.o(i.combine)
    i.main                                   0x080039f8   Section        0  main.o(i.main)
    locale$$code                             0x08003b94   Section       44  lc_numeric_c.o(locale$$code)
    locale$$code                             0x08003bc0   Section       44  lc_ctype_c.o(locale$$code)
    x$fpl$dretinf                            0x08003bec   Section       12  dretinf.o(x$fpl$dretinf)
    x$fpl$f2d                                0x08003bf8   Section       86  f2d.o(x$fpl$f2d)
    x$fpl$fadd                               0x08003c50   Section      196  faddsub_clz.o(x$fpl$fadd)
    _fadd1                                   0x08003c5f   Thumb Code     0  faddsub_clz.o(x$fpl$fadd)
    x$fpl$fdiv                               0x08003d14   Section      388  fdiv.o(x$fpl$fdiv)
    _fdiv1                                   0x08003d15   Thumb Code     0  fdiv.o(x$fpl$fdiv)
    x$fpl$fflt                               0x08003e98   Section       48  fflt_clz.o(x$fpl$fflt)
    x$fpl$fnaninf                            0x08003ec8   Section      140  fnaninf.o(x$fpl$fnaninf)
    x$fpl$fretinf                            0x08003f54   Section       10  fretinf.o(x$fpl$fretinf)
    x$fpl$fsub                               0x08003f60   Section      234  faddsub_clz.o(x$fpl$fsub)
    _fsub1                                   0x08003f6f   Thumb Code     0  faddsub_clz.o(x$fpl$fsub)
    x$fpl$printf1                            0x0800404a   Section        4  printf1.o(x$fpl$printf1)
    x$fpl$printf2                            0x0800404e   Section        4  printf2.o(x$fpl$printf2)
    .constdata                               0x08004052   Section     1872  oled.o(.constdata)
    x$fpl$usenofp                            0x08004052   Section        0  usenofp.o(x$fpl$usenofp)
    .constdata                               0x080047a2   Section       17  __printf_flags_ss_wp.o(.constdata)
    maptable                                 0x080047a2   Data          17  __printf_flags_ss_wp.o(.constdata)
    .constdata                               0x080047b4   Section        8  _printf_wctomb.o(.constdata)
    initial_mbstate                          0x080047b4   Data           8  _printf_wctomb.o(.constdata)
    .constdata                               0x080047bc   Section       40  _printf_hex_int_ll_ptr.o(.constdata)
    uc_hextab                                0x080047bc   Data          20  _printf_hex_int_ll_ptr.o(.constdata)
    lc_hextab                                0x080047d0   Data          20  _printf_hex_int_ll_ptr.o(.constdata)
    .constdata                               0x080047e4   Section       38  _printf_fp_hex.o(.constdata)
    lc_hextab                                0x080047e4   Data          19  _printf_fp_hex.o(.constdata)
    uc_hextab                                0x080047f7   Data          19  _printf_fp_hex.o(.constdata)
    .constdata                               0x0800480c   Section      148  bigflt0.o(.constdata)
    tenpwrs_x                                0x0800480c   Data          60  bigflt0.o(.constdata)
    tenpwrs_i                                0x08004848   Data          64  bigflt0.o(.constdata)
    .conststring                             0x080048a0   Section      122  onenet.o(.conststring)
    locale$$data                             0x0800493c   Section       28  lc_numeric_c.o(locale$$data)
    __lcnum_c_name                           0x08004940   Data           2  lc_numeric_c.o(locale$$data)
    __lcnum_c_start                          0x08004948   Data           0  lc_numeric_c.o(locale$$data)
    __lcnum_c_point                          0x08004954   Data           0  lc_numeric_c.o(locale$$data)
    __lcnum_c_thousands                      0x08004956   Data           0  lc_numeric_c.o(locale$$data)
    __lcnum_c_grouping                       0x08004957   Data           0  lc_numeric_c.o(locale$$data)
    locale$$data                             0x08004958   Section      272  lc_ctype_c.o(locale$$data)
    __lcnum_c_end                            0x08004958   Data           0  lc_numeric_c.o(locale$$data)
    __lcctype_c_name                         0x0800495c   Data           2  lc_ctype_c.o(locale$$data)
    __lcctype_c_start                        0x08004964   Data           0  lc_ctype_c.o(locale$$data)
    __lcctype_c_end                          0x08004a68   Data           0  lc_ctype_c.o(locale$$data)
    .data                                    0x20000000   Section       20  stm32f10x_rcc.o(.data)
    APBAHBPrescTable                         0x20000000   Data          16  stm32f10x_rcc.o(.data)
    ADCPrescTable                            0x20000010   Data           4  stm32f10x_rcc.o(.data)
    .data                                    0x20000014   Section        4  esp8266.o(.data)
    .data                                    0x20000018   Section        8  dht11.o(.data)
    .data                                    0x20000020   Section        2  main.o(.data)
    .bss                                     0x20000024   Section      128  esp8266.o(.bss)
    .bss                                     0x200000a4   Section       16  dht11.o(.bss)
    .bss                                     0x200000b4   Section       96  libspace.o(.bss)
    HEAP                                     0x20000118   Section      512  startup_stm32f10x_md.o(HEAP)
    Heap_Mem                                 0x20000118   Data         512  startup_stm32f10x_md.o(HEAP)
    STACK                                    0x20000318   Section     1024  startup_stm32f10x_md.o(STACK)
    Stack_Mem                                0x20000318   Data        1024  startup_stm32f10x_md.o(STACK)
    __initial_sp                             0x20000718   Data           0  startup_stm32f10x_md.o(STACK)

    Global Symbols

    Symbol Name                              Value     Ov Type        Size  Object(Section)

    BuildAttributes$$THM_ISAv4$P$D$K$B$S$PE$A:L22UL41UL21$X:L11$S22US41US21$IEEE1$IW$USESV6$~STKCKD$USESV7$~SHL$OTIME$ROPI$IEEEJ$EBA8$UX$STANDARDLIB$REQ8$PRES8$EABIv2 0x00000000   Number         0  anon$$obj.o ABSOLUTE
    __ARM_use_no_argv                        0x00000000   Number         0  main.o ABSOLUTE
    _printf_flags                            0x00000000   Number         0  printf_stubs.o ABSOLUTE
    _printf_return_value                     0x00000000   Number         0  printf_stubs.o ABSOLUTE
    _printf_sizespec                         0x00000000   Number         0  printf_stubs.o ABSOLUTE
    _printf_widthprec                        0x00000000   Number         0  printf_stubs.o ABSOLUTE
    __ARM_exceptions_init                     - Undefined Weak Reference
    __alloca_initialize                       - Undefined Weak Reference
    __arm_preinit_                            - Undefined Weak Reference
    __cpp_initialize__aeabi_                  - Undefined Weak Reference
    __cxa_finalize                            - Undefined Weak Reference
    __sigvec_lookup                           - Undefined Weak Reference
    __user_heap_extent                        - Undefined Weak Reference
    _atexit_init                              - Undefined Weak Reference
    _call_atexit_fns                          - Undefined Weak Reference
    _clock_init                               - Undefined Weak Reference
    _fp_trap_init                             - Undefined Weak Reference
    _fp_trap_shutdown                         - Undefined Weak Reference
    _get_lc_collate                           - Undefined Weak Reference
    _get_lc_monetary                          - Undefined Weak Reference
    _get_lc_time                              - Undefined Weak Reference
    _getenv_init                              - Undefined Weak Reference
    _handle_redirection                       - Undefined Weak Reference
    _initio                                   - Undefined Weak Reference
    _mutex_acquire                            - Undefined Weak Reference
    _mutex_free                               - Undefined Weak Reference
    _mutex_release                            - Undefined Weak Reference
    _printf_mbtowc                            - Undefined Weak Reference
    _printf_wc                                - Undefined Weak Reference
    _rand_init                                - Undefined Weak Reference
    _signal_finish                            - Undefined Weak Reference
    _signal_init                              - Undefined Weak Reference
    _terminateio                              - Undefined Weak Reference
    __Vectors_Size                           0x000000ec   Number         0  startup_stm32f10x_md.o ABSOLUTE
    __Vectors                                0x08000000   Data           4  startup_stm32f10x_md.o(RESET)
    __Vectors_End                            0x080000ec   Data           0  startup_stm32f10x_md.o(RESET)
    __main                                   0x080000ed   Thumb Code     8  __main.o(!!!main)
    __scatterload                            0x080000f5   Thumb Code     0  __scatter.o(!!!scatter)
    __scatterload_rt2                        0x080000f5   Thumb Code    44  __scatter.o(!!!scatter)
    __scatterload_rt2_thumb_only             0x080000f5   Thumb Code     0  __scatter.o(!!!scatter)
    __scatterload_null                       0x08000103   Thumb Code     0  __scatter.o(!!!scatter)
    __scatterload_copy                       0x08000129   Thumb Code    26  __scatter_copy.o(!!handler_copy)
    __scatterload_zeroinit                   0x08000145   Thumb Code    28  __scatter_zi.o(!!handler_zi)
    _printf_n                                0x08000161   Thumb Code     0  _printf_n.o(.ARM.Collect$$_printf_percent$$00000001)
    _printf_percent                          0x08000161   Thumb Code     0  _printf_percent.o(.ARM.Collect$$_printf_percent$$00000000)
    _printf_p                                0x08000167   Thumb Code     0  _printf_p.o(.ARM.Collect$$_printf_percent$$00000002)
    _printf_f                                0x0800016d   Thumb Code     0  _printf_f.o(.ARM.Collect$$_printf_percent$$00000003)
    _printf_e                                0x08000173   Thumb Code     0  _printf_e.o(.ARM.Collect$$_printf_percent$$00000004)
    _printf_g                                0x08000179   Thumb Code     0  _printf_g.o(.ARM.Collect$$_printf_percent$$00000005)
    _printf_a                                0x0800017f   Thumb Code     0  _printf_a.o(.ARM.Collect$$_printf_percent$$00000006)
    _printf_ll                               0x08000185   Thumb Code     0  _printf_ll.o(.ARM.Collect$$_printf_percent$$00000007)
    _printf_i                                0x0800018f   Thumb Code     0  _printf_i.o(.ARM.Collect$$_printf_percent$$00000008)
    _printf_d                                0x08000195   Thumb Code     0  _printf_d.o(.ARM.Collect$$_printf_percent$$00000009)
    _printf_u                                0x0800019b   Thumb Code     0  _printf_u.o(.ARM.Collect$$_printf_percent$$0000000A)
    _printf_o                                0x080001a1   Thumb Code     0  _printf_o.o(.ARM.Collect$$_printf_percent$$0000000B)
    _printf_x                                0x080001a7   Thumb Code     0  _printf_x.o(.ARM.Collect$$_printf_percent$$0000000C)
    _printf_lli                              0x080001ad   Thumb Code     0  _printf_lli.o(.ARM.Collect$$_printf_percent$$0000000D)
    _printf_lld                              0x080001b3   Thumb Code     0  _printf_lld.o(.ARM.Collect$$_printf_percent$$0000000E)
    _printf_llu                              0x080001b9   Thumb Code     0  _printf_llu.o(.ARM.Collect$$_printf_percent$$0000000F)
    _printf_llo                              0x080001bf   Thumb Code     0  _printf_llo.o(.ARM.Collect$$_printf_percent$$00000010)
    _printf_llx                              0x080001c5   Thumb Code     0  _printf_llx.o(.ARM.Collect$$_printf_percent$$00000011)
    _printf_l                                0x080001cb   Thumb Code     0  _printf_l.o(.ARM.Collect$$_printf_percent$$00000012)
    _printf_c                                0x080001d5   Thumb Code     0  _printf_c.o(.ARM.Collect$$_printf_percent$$00000013)
    _printf_s                                0x080001db   Thumb Code     0  _printf_s.o(.ARM.Collect$$_printf_percent$$00000014)
    _printf_lc                               0x080001e1   Thumb Code     0  _printf_lc.o(.ARM.Collect$$_printf_percent$$00000015)
    _printf_ls                               0x080001e7   Thumb Code     0  _printf_ls.o(.ARM.Collect$$_printf_percent$$00000016)
    _printf_percent_end                      0x080001ed   Thumb Code     0  _printf_percent_end.o(.ARM.Collect$$_printf_percent$$00000017)
    __rt_lib_init                            0x080001f1   Thumb Code     0  libinit.o(.ARM.Collect$$libinit$$00000000)
    __rt_lib_init_fp_1                       0x080001f3   Thumb Code     0  libinit2.o(.ARM.Collect$$libinit$$00000002)
    __rt_lib_init_heap_2                     0x080001f3   Thumb Code     0  libinit2.o(.ARM.Collect$$libinit$$00000005)
    __rt_lib_init_preinit_1                  0x080001f3   Thumb Code     0  libinit2.o(.ARM.Collect$$libinit$$00000004)
    __rt_lib_init_heap_1                     0x080001fb   Thumb Code     0  libinit2.o(.ARM.Collect$$libinit$$0000000A)
    __rt_lib_init_lc_common                  0x080001fb   Thumb Code     0  libinit2.o(.ARM.Collect$$libinit$$0000000F)
    __rt_lib_init_rand_1                     0x080001fb   Thumb Code     0  libinit2.o(.ARM.Collect$$libinit$$0000000E)
    __rt_lib_init_user_alloc_1               0x080001fb   Thumb Code     0  libinit2.o(.ARM.Collect$$libinit$$0000000C)
    __rt_lib_init_lc_collate_1               0x08000201   Thumb Code     0  libinit2.o(.ARM.Collect$$libinit$$00000011)
    __rt_lib_init_lc_ctype_2                 0x08000201   Thumb Code     0  libinit2.o(.ARM.Collect$$libinit$$00000012)
    __rt_lib_init_lc_ctype_1                 0x0800020d   Thumb Code     0  libinit2.o(.ARM.Collect$$libinit$$00000013)
    __rt_lib_init_lc_monetary_1              0x0800020d   Thumb Code     0  libinit2.o(.ARM.Collect$$libinit$$00000015)
    __rt_lib_init_lc_numeric_2               0x0800020d   Thumb Code     0  libinit2.o(.ARM.Collect$$libinit$$00000016)
    __rt_lib_init_alloca_1                   0x08000217   Thumb Code     0  libinit2.o(.ARM.Collect$$libinit$$0000002E)
    __rt_lib_init_argv_1                     0x08000217   Thumb Code     0  libinit2.o(.ARM.Collect$$libinit$$0000002C)
    __rt_lib_init_atexit_1                   0x08000217   Thumb Code     0  libinit2.o(.ARM.Collect$$libinit$$0000001B)
    __rt_lib_init_clock_1                    0x08000217   Thumb Code     0  libinit2.o(.ARM.Collect$$libinit$$00000021)
    __rt_lib_init_cpp_1                      0x08000217   Thumb Code     0  libinit2.o(.ARM.Collect$$libinit$$00000032)
    __rt_lib_init_exceptions_1               0x08000217   Thumb Code     0  libinit2.o(.ARM.Collect$$libinit$$00000030)
    __rt_lib_init_fp_trap_1                  0x08000217   Thumb Code     0  libinit2.o(.ARM.Collect$$libinit$$0000001F)
    __rt_lib_init_getenv_1                   0x08000217   Thumb Code     0  libinit2.o(.ARM.Collect$$libinit$$00000023)
    __rt_lib_init_lc_numeric_1               0x08000217   Thumb Code     0  libinit2.o(.ARM.Collect$$libinit$$00000017)
    __rt_lib_init_lc_time_1                  0x08000217   Thumb Code     0  libinit2.o(.ARM.Collect$$libinit$$00000019)
    __rt_lib_init_return                     0x08000217   Thumb Code     0  libinit2.o(.ARM.Collect$$libinit$$00000033)
    __rt_lib_init_signal_1                   0x08000217   Thumb Code     0  libinit2.o(.ARM.Collect$$libinit$$0000001D)
    __rt_lib_init_stdio_1                    0x08000217   Thumb Code     0  libinit2.o(.ARM.Collect$$libinit$$00000025)
    __rt_lib_shutdown                        0x08000219   Thumb Code     0  libshutdown.o(.ARM.Collect$$libshutdown$$00000000)
    __rt_lib_shutdown_cpp_1                  0x0800021b   Thumb Code     0  libshutdown2.o(.ARM.Collect$$libshutdown$$00000002)
    __rt_lib_shutdown_fp_trap_1              0x0800021b   Thumb Code     0  libshutdown2.o(.ARM.Collect$$libshutdown$$00000007)
    __rt_lib_shutdown_heap_1                 0x0800021b   Thumb Code     0  libshutdown2.o(.ARM.Collect$$libshutdown$$0000000F)
    __rt_lib_shutdown_return                 0x0800021b   Thumb Code     0  libshutdown2.o(.ARM.Collect$$libshutdown$$00000010)
    __rt_lib_shutdown_signal_1               0x0800021b   Thumb Code     0  libshutdown2.o(.ARM.Collect$$libshutdown$$0000000A)
    __rt_lib_shutdown_stdio_1                0x0800021b   Thumb Code     0  libshutdown2.o(.ARM.Collect$$libshutdown$$00000004)
    __rt_lib_shutdown_user_alloc_1           0x0800021b   Thumb Code     0  libshutdown2.o(.ARM.Collect$$libshutdown$$0000000C)
    __rt_entry                               0x0800021d   Thumb Code     0  __rtentry.o(.ARM.Collect$$rtentry$$00000000)
    __rt_entry_presh_1                       0x0800021d   Thumb Code     0  __rtentry2.o(.ARM.Collect$$rtentry$$00000002)
    __rt_entry_sh                            0x0800021d   Thumb Code     0  __rtentry4.o(.ARM.Collect$$rtentry$$00000004)
    __rt_entry_li                            0x08000223   Thumb Code     0  __rtentry2.o(.ARM.Collect$$rtentry$$0000000A)
    __rt_entry_postsh_1                      0x08000223   Thumb Code     0  __rtentry2.o(.ARM.Collect$$rtentry$$00000009)
    __rt_entry_main                          0x08000227   Thumb Code     0  __rtentry2.o(.ARM.Collect$$rtentry$$0000000D)
    __rt_entry_postli_1                      0x08000227   Thumb Code     0  __rtentry2.o(.ARM.Collect$$rtentry$$0000000C)
    __rt_exit                                0x0800022f   Thumb Code     0  rtexit.o(.ARM.Collect$$rtexit$$00000000)
    __rt_exit_ls                             0x08000231   Thumb Code     0  rtexit2.o(.ARM.Collect$$rtexit$$00000003)
    __rt_exit_prels_1                        0x08000231   Thumb Code     0  rtexit2.o(.ARM.Collect$$rtexit$$00000002)
    __rt_exit_exit                           0x08000235   Thumb Code     0  rtexit2.o(.ARM.Collect$$rtexit$$00000004)
    Reset_Handler                            0x0800023d   Thumb Code     8  startup_stm32f10x_md.o(.text)
    _maybe_terminate_alloc                   0x0800023d   Thumb Code     0  maybetermalloc1.o(.emb_text)
    ADC1_2_IRQHandler                        0x08000257   Thumb Code     0  startup_stm32f10x_md.o(.text)
    CAN1_RX1_IRQHandler                      0x08000257   Thumb Code     0  startup_stm32f10x_md.o(.text)
    CAN1_SCE_IRQHandler                      0x08000257   Thumb Code     0  startup_stm32f10x_md.o(.text)
    DMA1_Channel1_IRQHandler                 0x08000257   Thumb Code     0  startup_stm32f10x_md.o(.text)
    DMA1_Channel2_IRQHandler                 0x08000257   Thumb Code     0  startup_stm32f10x_md.o(.text)
    DMA1_Channel3_IRQHandler                 0x08000257   Thumb Code     0  startup_stm32f10x_md.o(.text)
    DMA1_Channel4_IRQHandler                 0x08000257   Thumb Code     0  startup_stm32f10x_md.o(.text)
    DMA1_Channel5_IRQHandler                 0x08000257   Thumb Code     0  startup_stm32f10x_md.o(.text)
    DMA1_Channel6_IRQHandler                 0x08000257   Thumb Code     0  startup_stm32f10x_md.o(.text)
    DMA1_Channel7_IRQHandler                 0x08000257   Thumb Code     0  startup_stm32f10x_md.o(.text)
    EXTI0_IRQHandler                         0x08000257   Thumb Code     0  startup_stm32f10x_md.o(.text)
    EXTI15_10_IRQHandler                     0x08000257   Thumb Code     0  startup_stm32f10x_md.o(.text)
    EXTI1_IRQHandler                         0x08000257   Thumb Code     0  startup_stm32f10x_md.o(.text)
    EXTI2_IRQHandler                         0x08000257   Thumb Code     0  startup_stm32f10x_md.o(.text)
    EXTI3_IRQHandler                         0x08000257   Thumb Code     0  startup_stm32f10x_md.o(.text)
    EXTI4_IRQHandler                         0x08000257   Thumb Code     0  startup_stm32f10x_md.o(.text)
    EXTI9_5_IRQHandler                       0x08000257   Thumb Code     0  startup_stm32f10x_md.o(.text)
    FLASH_IRQHandler                         0x08000257   Thumb Code     0  startup_stm32f10x_md.o(.text)
    I2C1_ER_IRQHandler                       0x08000257   Thumb Code     0  startup_stm32f10x_md.o(.text)
    I2C1_EV_IRQHandler                       0x08000257   Thumb Code     0  startup_stm32f10x_md.o(.text)
    I2C2_ER_IRQHandler                       0x08000257   Thumb Code     0  startup_stm32f10x_md.o(.text)
    I2C2_EV_IRQHandler                       0x08000257   Thumb Code     0  startup_stm32f10x_md.o(.text)
    PVD_IRQHandler                           0x08000257   Thumb Code     0  startup_stm32f10x_md.o(.text)
    RCC_IRQHandler                           0x08000257   Thumb Code     0  startup_stm32f10x_md.o(.text)
    RTCAlarm_IRQHandler                      0x08000257   Thumb Code     0  startup_stm32f10x_md.o(.text)
    RTC_IRQHandler                           0x08000257   Thumb Code     0  startup_stm32f10x_md.o(.text)
    SPI1_IRQHandler                          0x08000257   Thumb Code     0  startup_stm32f10x_md.o(.text)
    SPI2_IRQHandler                          0x08000257   Thumb Code     0  startup_stm32f10x_md.o(.text)
    TAMPER_IRQHandler                        0x08000257   Thumb Code     0  startup_stm32f10x_md.o(.text)
    TIM1_BRK_IRQHandler                      0x08000257   Thumb Code     0  startup_stm32f10x_md.o(.text)
    TIM1_CC_IRQHandler                       0x08000257   Thumb Code     0  startup_stm32f10x_md.o(.text)
    TIM1_TRG_COM_IRQHandler                  0x08000257   Thumb Code     0  startup_stm32f10x_md.o(.text)
    TIM1_UP_IRQHandler                       0x08000257   Thumb Code     0  startup_stm32f10x_md.o(.text)
    TIM2_IRQHandler                          0x08000257   Thumb Code     0  startup_stm32f10x_md.o(.text)
    TIM3_IRQHandler                          0x08000257   Thumb Code     0  startup_stm32f10x_md.o(.text)
    TIM4_IRQHandler                          0x08000257   Thumb Code     0  startup_stm32f10x_md.o(.text)
    USART1_IRQHandler                        0x08000257   Thumb Code     0  startup_stm32f10x_md.o(.text)
    USART3_IRQHandler                        0x08000257   Thumb Code     0  startup_stm32f10x_md.o(.text)
    USBWakeUp_IRQHandler                     0x08000257   Thumb Code     0  startup_stm32f10x_md.o(.text)
    USB_HP_CAN1_TX_IRQHandler                0x08000257   Thumb Code     0  startup_stm32f10x_md.o(.text)
    USB_LP_CAN1_RX0_IRQHandler               0x08000257   Thumb Code     0  startup_stm32f10x_md.o(.text)
    WWDG_IRQHandler                          0x08000257   Thumb Code     0  startup_stm32f10x_md.o(.text)
    __user_initial_stackheap                 0x08000259   Thumb Code     0  startup_stm32f10x_md.o(.text)
    malloc                                   0x0800027d   Thumb Code    94  h1_alloc.o(.text)
    free                                     0x080002db   Thumb Code    78  h1_free.o(.text)
    vsprintf                                 0x08000329   Thumb Code    32  vsprintf.o(.text)
    __2sprintf                               0x0800034d   Thumb Code    38  __2sprintf.o(.text)
    _printf_int_dec                          0x08000379   Thumb Code   104  _printf_dec.o(.text)
    __printf                                 0x080003f1   Thumb Code   388  __printf_flags_ss_wp.o(.text)
    strchr                                   0x08000579   Thumb Code    20  strchr.o(.text)
    strncat                                  0x0800058d   Thumb Code    36  strncat.o(.text)
    strstr                                   0x080005b1   Thumb Code    36  strstr.o(.text)
    strcpy                                   0x080005d5   Thumb Code    72  strcpy.o(.text)
    strlen                                   0x0800061d   Thumb Code    62  strlen.o(.text)
    strcat                                   0x0800065b   Thumb Code    24  strcat.o(.text)
    __aeabi_memclr                           0x08000673   Thumb Code     0  rt_memclr.o(.text)
    __rt_memclr                              0x08000673   Thumb Code    68  rt_memclr.o(.text)
    _memset                                  0x08000677   Thumb Code     0  rt_memclr.o(.text)
    __aeabi_memclr4                          0x080006b7   Thumb Code     0  rt_memclr_w.o(.text)
    __aeabi_memclr8                          0x080006b7   Thumb Code     0  rt_memclr_w.o(.text)
    __rt_memclr_w                            0x080006b7   Thumb Code    78  rt_memclr_w.o(.text)
    _memset_w                                0x080006bb   Thumb Code     0  rt_memclr_w.o(.text)
    __use_two_region_memory                  0x08000705   Thumb Code     2  heapauxi.o(.text)
    __rt_heap_escrow                         0x08000707   Thumb Code     2  heapauxi.o(.text)
    __rt_heap_expand                         0x08000709   Thumb Code     2  heapauxi.o(.text)
    __rt_heap_descriptor                     0x0800070d   Thumb Code     8  rt_heap_descriptor_intlibspace.o(.text)
    __use_no_heap                            0x08000715   Thumb Code     2  hguard.o(.text)
    __heap$guard                             0x08000717   Thumb Code     2  hguard.o(.text)
    _terminate_user_alloc                    0x08000719   Thumb Code     2  init_alloc.o(.text)
    _init_user_alloc                         0x0800071b   Thumb Code     2  init_alloc.o(.text)
    __Heap_Full                              0x0800071d   Thumb Code    34  init_alloc.o(.text)
    __Heap_Broken                            0x0800073f   Thumb Code     6  init_alloc.o(.text)
    _init_alloc                              0x08000745   Thumb Code    94  init_alloc.o(.text)
    __Heap_Initialize                        0x080007a3   Thumb Code    10  h1_init.o(.text)
    __Heap_DescSize                          0x080007ad   Thumb Code     4  h1_init.o(.text)
    _printf_pre_padding                      0x080007b1   Thumb Code    44  _printf_pad.o(.text)
    _printf_post_padding                     0x080007dd   Thumb Code    34  _printf_pad.o(.text)
    _printf_truncate_signed                  0x080007ff   Thumb Code    18  _printf_truncate.o(.text)
    _printf_truncate_unsigned                0x08000811   Thumb Code    18  _printf_truncate.o(.text)
    _printf_str                              0x08000823   Thumb Code    82  _printf_str.o(.text)
    _printf_int_common                       0x08000875   Thumb Code   178  _printf_intcommon.o(.text)
    _printf_charcount                        0x08000927   Thumb Code    40  _printf_charcount.o(.text)
    __lib_sel_fp_printf                      0x0800094f   Thumb Code     2  _printf_fp_dec.o(.text)
    _printf_fp_dec_real                      0x08000b01   Thumb Code   620  _printf_fp_dec.o(.text)
    _printf_char_common                      0x08000d77   Thumb Code    32  _printf_char_common.o(.text)
    _sputc                                   0x08000d9d   Thumb Code    10  _sputc.o(.text)
    _printf_wctomb                           0x08000da9   Thumb Code   182  _printf_wctomb.o(.text)
    _printf_longlong_dec                     0x08000e65   Thumb Code   108  _printf_longlong_dec.o(.text)
    _printf_longlong_oct                     0x08000ee1   Thumb Code    66  _printf_oct_int_ll.o(.text)
    _printf_int_oct                          0x08000f23   Thumb Code    24  _printf_oct_int_ll.o(.text)
    _printf_ll_oct                           0x08000f3b   Thumb Code    12  _printf_oct_int_ll.o(.text)
    _printf_longlong_hex                     0x08000f51   Thumb Code    86  _printf_hex_int_ll_ptr.o(.text)
    _printf_int_hex                          0x08000fa7   Thumb Code    28  _printf_hex_int_ll_ptr.o(.text)
    _printf_ll_hex                           0x08000fc3   Thumb Code    12  _printf_hex_int_ll_ptr.o(.text)
    _printf_hex_ptr                          0x08000fcf   Thumb Code    18  _printf_hex_int_ll_ptr.o(.text)
    __user_libspace                          0x08000fe5   Thumb Code     8  libspace.o(.text)
    __user_perproc_libspace                  0x08000fe5   Thumb Code     0  libspace.o(.text)
    __user_perthread_libspace                0x08000fe5   Thumb Code     0  libspace.o(.text)
    __rt_locale                              0x08000fed   Thumb Code     8  rt_locale_intlibspace.o(.text)
    __Heap_ProvideMemory                     0x08000ff5   Thumb Code    52  h1_extend.o(.text)
    _ll_udiv10                               0x08001029   Thumb Code   138  lludiv10.o(.text)
    _printf_fp_hex_real                      0x080010b5   Thumb Code   756  _printf_fp_hex.o(.text)
    _printf_fp_infnan                        0x080013b1   Thumb Code   112  _printf_fp_infnan.o(.text)
    _printf_cs_common                        0x08001431   Thumb Code    20  _printf_char.o(.text)
    _printf_char                             0x08001445   Thumb Code    16  _printf_char.o(.text)
    _printf_string                           0x08001455   Thumb Code     8  _printf_char.o(.text)
    _printf_lcs_common                       0x0800145d   Thumb Code    20  _printf_wchar.o(.text)
    _printf_wchar                            0x08001471   Thumb Code    16  _printf_wchar.o(.text)
    _printf_wstring                          0x08001481   Thumb Code     8  _printf_wchar.o(.text)
    _btod_etento                             0x08001489   Thumb Code   224  bigflt0.o(.text)
    _wcrtomb                                 0x0800156d   Thumb Code    64  _wcrtomb.o(.text)
    __rt_SIGRTMEM                            0x080015ad   Thumb Code    14  defsig_rtmem_outer.o(.text)
    __I$use$semihosting                      0x080015bb   Thumb Code     0  use_no_semi.o(.text)
    __use_no_semihosting_swi                 0x080015bb   Thumb Code     2  use_no_semi.o(.text)
    __semihosting_library_function           0x080015bd   Thumb Code     0  indicate_semi.o(.text)
    __user_setup_stackheap                   0x080015bd   Thumb Code    74  sys_stackheap_outer.o(.text)
    __rt_ctype_table                         0x08001609   Thumb Code    16  rt_ctype_table.o(.text)
    exit                                     0x08001619   Thumb Code    18  exit.o(.text)
    __sig_exit                               0x0800162b   Thumb Code    10  defsig_exit.o(.text)
    __rt_SIGRTMEM_inner                      0x08001635   Thumb Code    22  defsig_rtmem_inner.o(.text)
    strcmp                                   0x08001685   Thumb Code   128  strcmpv7m.o(.text)
    _sys_exit                                0x08001705   Thumb Code     8  sys_exit.o(.text)
    __default_signal_display                 0x08001711   Thumb Code    50  defsig_general.o(.text)
    _ttywrch                                 0x08001743   Thumb Code    14  sys_wrch.o(.text)
    _btod_d2e                                0x08001751   Thumb Code    62  btod.o(CL$$btod_d2e)
    _d2e_denorm_low                          0x0800178f   Thumb Code    70  btod.o(CL$$btod_d2e_denorm_low)
    _d2e_norm_op1                            0x080017d5   Thumb Code    96  btod.o(CL$$btod_d2e_norm_op1)
    __btod_div_common                        0x08001835   Thumb Code   696  btod.o(CL$$btod_div_common)
    _e2e                                     0x08001b6d   Thumb Code   220  btod.o(CL$$btod_e2e)
    _btod_ediv                               0x08001c49   Thumb Code    42  btod.o(CL$$btod_ediv)
    _btod_emul                               0x08001c73   Thumb Code    42  btod.o(CL$$btod_emul)
    __btod_mult_common                       0x08001c9d   Thumb Code   580  btod.o(CL$$btod_mult_common)
    BusFault_Handler                         0x08001ee1   Thumb Code     4  stm32f10x_it.o(i.BusFault_Handler)
    DH11_GPIO_Init_IN                        0x08001ee5   Thumb Code    38  dht11.o(i.DH11_GPIO_Init_IN)
    DH11_GPIO_Init_OUT                       0x08001f11   Thumb Code    38  dht11.o(i.DH11_GPIO_Init_OUT)
    DHT11_REC_Data                           0x08001f3d   Thumb Code   192  dht11.o(i.DHT11_REC_Data)
    DHT11_Rec_Byte                           0x0800200d   Thumb Code    80  dht11.o(i.DHT11_Rec_Byte)
    DHT11_Start                              0x08002061   Thumb Code    60  dht11.o(i.DHT11_Start)
    DebugMon_Handler                         0x080020a1   Thumb Code     2  stm32f10x_it.o(i.DebugMon_Handler)
    Delay_ms                                 0x080020a3   Thumb Code    24  delay.o(i.Delay_ms)
    Delay_us                                 0x080020bb   Thumb Code    46  delay.o(i.Delay_us)
    ESP8266_Clear                            0x080020e9   Thumb Code    18  esp8266.o(i.ESP8266_Clear)
    ESP8266_GetIPD                           0x08002105   Thumb Code    68  esp8266.o(i.ESP8266_GetIPD)
    ESP8266_Init                             0x08002155   Thumb Code   256  esp8266.o(i.ESP8266_Init)
    ESP8266_SendCmd                          0x08002341   Thumb Code    74  esp8266.o(i.ESP8266_SendCmd)
    ESP8266_SendData                         0x08002391   Thumb Code    46  esp8266.o(i.ESP8266_SendData)
    ESP8266_WaitRecive                       0x080023d5   Thumb Code    42  esp8266.o(i.ESP8266_WaitRecive)
    GPIO_Init                                0x08002409   Thumb Code   278  stm32f10x_gpio.o(i.GPIO_Init)
    GPIO_ReadInputDataBit                    0x0800251f   Thumb Code    18  stm32f10x_gpio.o(i.GPIO_ReadInputDataBit)
    GPIO_ResetBits                           0x08002531   Thumb Code     4  stm32f10x_gpio.o(i.GPIO_ResetBits)
    GPIO_SetBits                             0x08002535   Thumb Code     4  stm32f10x_gpio.o(i.GPIO_SetBits)
    GPIO_WriteBit                            0x08002539   Thumb Code    10  stm32f10x_gpio.o(i.GPIO_WriteBit)
    HardFault_Handler                        0x08002543   Thumb Code     4  stm32f10x_it.o(i.HardFault_Handler)
    LED1_On                                  0x08002549   Thumb Code    12  led.o(i.LED1_On)
    LED2_On                                  0x08002559   Thumb Code    14  led.o(i.LED2_On)
    LED_Init                                 0x0800256d   Thumb Code    50  led.o(i.LED_Init)
    MQTT_DeleteBuffer                        0x080025a5   Thumb Code    28  mqttkit.o(i.MQTT_DeleteBuffer)
    MQTT_DumpLength                          0x080025c1   Thumb Code    46  mqttkit.o(i.MQTT_DumpLength)
    MQTT_NewBuffer                           0x080025ef   Thumb Code    88  mqttkit.o(i.MQTT_NewBuffer)
    MQTT_PacketConnect                       0x08002649   Thumb Code   686  mqttkit.o(i.MQTT_PacketConnect)
    MQTT_PacketPublish                       0x080028fd   Thumb Code   304  mqttkit.o(i.MQTT_PacketPublish)
    MQTT_PacketSaveData                      0x08002a2d   Thumb Code    52  mqttkit.o(i.MQTT_PacketSaveData)
    MQTT_ReadLength                          0x08002a8d   Thumb Code    70  mqttkit.o(i.MQTT_ReadLength)
    MQTT_UnPacketConnectAck                  0x08002ad3   Thumb Code    30  mqttkit.o(i.MQTT_UnPacketConnectAck)
    MQTT_UnPacketRecv                        0x08002af1   Thumb Code   106  mqttkit.o(i.MQTT_UnPacketRecv)
    MemManage_Handler                        0x08002b65   Thumb Code     4  stm32f10x_it.o(i.MemManage_Handler)
    NMI_Handler                              0x08002b69   Thumb Code     2  stm32f10x_it.o(i.NMI_Handler)
    NVIC_Init                                0x08002b6d   Thumb Code   100  misc.o(i.NVIC_Init)
    OLED_Clear                               0x08002bdd   Thumb Code    42  oled.o(i.OLED_Clear)
    OLED_I2C_Init                            0x08002c09   Thumb Code    76  oled.o(i.OLED_I2C_Init)
    OLED_I2C_SendByte                        0x08002c59   Thumb Code    80  oled.o(i.OLED_I2C_SendByte)
    OLED_I2C_Start                           0x08002cad   Thumb Code    48  oled.o(i.OLED_I2C_Start)
    OLED_I2C_Stop                            0x08002ce1   Thumb Code    36  oled.o(i.OLED_I2C_Stop)
    OLED_Init                                0x08002d09   Thumb Code   174  oled.o(i.OLED_Init)
    OLED_Pow                                 0x08002db7   Thumb Code    20  oled.o(i.OLED_Pow)
    OLED_SetCursor                           0x08002dcb   Thumb Code    34  oled.o(i.OLED_SetCursor)
    OLED_ShowCN                              0x08002ded   Thumb Code   102  oled.o(i.OLED_ShowCN)
    OLED_ShowChar                            0x08002e59   Thumb Code   110  oled.o(i.OLED_ShowChar)
    OLED_ShowFNum                            0x08002ecd   Thumb Code    44  oled.o(i.OLED_ShowFNum)
    OLED_ShowNum                             0x08002f01   Thumb Code    68  oled.o(i.OLED_ShowNum)
    OLED_ShowString                          0x08002f45   Thumb Code    40  oled.o(i.OLED_ShowString)
    OLED_WriteCommand                        0x08002f6d   Thumb Code    32  oled.o(i.OLED_WriteCommand)
    OLED_WriteData                           0x08002f8d   Thumb Code    32  oled.o(i.OLED_WriteData)
    OneNet_DevLink                           0x08002fad   Thumb Code   196  onenet.o(i.OneNet_DevLink)
    OneNet_FillBuf                           0x080031bd   Thumb Code   118  onenet.o(i.OneNet_FillBuf)
    OneNet_SendData                          0x0800329d   Thumb Code   108  onenet.o(i.OneNet_SendData)
    PendSV_Handler                           0x08003331   Thumb Code     2  stm32f10x_it.o(i.PendSV_Handler)
    RCC_APB1PeriphClockCmd                   0x08003335   Thumb Code    26  stm32f10x_rcc.o(i.RCC_APB1PeriphClockCmd)
    RCC_APB2PeriphClockCmd                   0x08003355   Thumb Code    26  stm32f10x_rcc.o(i.RCC_APB2PeriphClockCmd)
    RCC_GetClocksFreq                        0x08003375   Thumb Code   192  stm32f10x_rcc.o(i.RCC_GetClocksFreq)
    SVC_Handler                              0x08003449   Thumb Code     2  stm32f10x_it.o(i.SVC_Handler)
    Serial_Init                              0x0800344d   Thumb Code   100  serial.o(i.Serial_Init)
    Serial_Printf                            0x080034b9   Thumb Code    36  serial.o(i.Serial_Printf)
    Serial_SendByte                          0x080034dd   Thumb Code    28  serial.o(i.Serial_SendByte)
    Serial_SendString                        0x080034fd   Thumb Code    26  serial.o(i.Serial_SendString)
    SysTick_Handler                          0x08003601   Thumb Code     2  stm32f10x_it.o(i.SysTick_Handler)
    SystemInit                               0x08003605   Thumb Code    78  system_stm32f10x.o(i.SystemInit)
    USART2_IRQHandler                        0x08003665   Thumb Code    62  esp8266.o(i.USART2_IRQHandler)
    USART_ClearFlag                          0x080036b1   Thumb Code    18  stm32f10x_usart.o(i.USART_ClearFlag)
    USART_Cmd                                0x080036c3   Thumb Code    24  stm32f10x_usart.o(i.USART_Cmd)
    USART_GetFlagStatus                      0x080036db   Thumb Code    26  stm32f10x_usart.o(i.USART_GetFlagStatus)
    USART_GetITStatus                        0x080036f5   Thumb Code    84  stm32f10x_usart.o(i.USART_GetITStatus)
    USART_ITConfig                           0x08003749   Thumb Code    74  stm32f10x_usart.o(i.USART_ITConfig)
    USART_Init                               0x08003795   Thumb Code   210  stm32f10x_usart.o(i.USART_Init)
    USART_SendData                           0x0800386d   Thumb Code     8  stm32f10x_usart.o(i.USART_SendData)
    UsageFault_Handler                       0x08003875   Thumb Code     4  stm32f10x_it.o(i.UsageFault_Handler)
    Usart2_Init                              0x08003879   Thumb Code   162  esp8266.o(i.Usart2_Init)
    Usart_SendString                         0x08003925   Thumb Code    44  esp8266.o(i.Usart_SendString)
    __ARM_fpclassify                         0x08003955   Thumb Code    40  fpclassify.o(i.__ARM_fpclassify)
    _is_digit                                0x0800397d   Thumb Code    14  __printf_wp.o(i._is_digit)
    combine                                  0x0800398b   Thumb Code   110  dht11.o(i.combine)
    main                                     0x080039f9   Thumb Code   396  main.o(i.main)
    _get_lc_numeric                          0x08003b95   Thumb Code    44  lc_numeric_c.o(locale$$code)
    _get_lc_ctype                            0x08003bc1   Thumb Code    44  lc_ctype_c.o(locale$$code)
    __fpl_dretinf                            0x08003bed   Thumb Code    12  dretinf.o(x$fpl$dretinf)
    __aeabi_f2d                              0x08003bf9   Thumb Code     0  f2d.o(x$fpl$f2d)
    _f2d                                     0x08003bf9   Thumb Code    86  f2d.o(x$fpl$f2d)
    __aeabi_fadd                             0x08003c51   Thumb Code     0  faddsub_clz.o(x$fpl$fadd)
    _fadd                                    0x08003c51   Thumb Code   196  faddsub_clz.o(x$fpl$fadd)
    __aeabi_fdiv                             0x08003d15   Thumb Code     0  fdiv.o(x$fpl$fdiv)
    _fdiv                                    0x08003d15   Thumb Code   384  fdiv.o(x$fpl$fdiv)
    __aeabi_i2f                              0x08003e99   Thumb Code     0  fflt_clz.o(x$fpl$fflt)
    _fflt                                    0x08003e99   Thumb Code    48  fflt_clz.o(x$fpl$fflt)
    __fpl_fnaninf                            0x08003ec9   Thumb Code   140  fnaninf.o(x$fpl$fnaninf)
    __fpl_fretinf                            0x08003f55   Thumb Code    10  fretinf.o(x$fpl$fretinf)
    __aeabi_fsub                             0x08003f61   Thumb Code     0  faddsub_clz.o(x$fpl$fsub)
    _fsub                                    0x08003f61   Thumb Code   234  faddsub_clz.o(x$fpl$fsub)
    _printf_fp_dec                           0x0800404b   Thumb Code     4  printf1.o(x$fpl$printf1)
    _printf_fp_hex                           0x0800404f   Thumb Code     4  printf2.o(x$fpl$printf2)
    OLED_F8x16                               0x08004052   Data        1520  oled.o(.constdata)
    __I$use$fp                               0x08004052   Number         0  usenofp.o(x$fpl$usenofp)
    OLED_F16x16                              0x08004642   Data         352  oled.o(.constdata)
    Region$$Table$$Base                      0x0800491c   Number         0  anon$$obj.o(Region$$Table)
    Region$$Table$$Limit                     0x0800493c   Number         0  anon$$obj.o(Region$$Table)
    __ctype                                  0x08004965   Data           0  lc_ctype_c.o(locale$$data)
    esp8266_cnt                              0x20000014   Data           2  esp8266.o(.data)
    esp8266_cntPre                           0x20000016   Data           2  esp8266.o(.data)
    temperature                              0x20000018   Data           4  dht11.o(.data)
    humidity                                 0x2000001c   Data           4  dht11.o(.data)
    timeCount                                0x20000020   Data           2  main.o(.data)
    esp8266_buf                              0x20000024   Data         128  esp8266.o(.bss)
    rec_data                                 0x200000a4   Data          16  dht11.o(.bss)
    __libspace_start                         0x200000b4   Data          96  libspace.o(.bss)
    __temporary_stack_top$libspace           0x20000114   Data           0  libspace.o(.bss)



==============================================================================

Memory Map of the image

  Image Entry point : 0x080000ed

  Load Region LR_IROM1 (Base: 0x08000000, Size: 0x00004a8c, Max: 0x00010000, ABSOLUTE)

    Execution Region ER_IROM1 (Exec base: 0x08000000, Load base: 0x08000000, Size: 0x00004a68, Max: 0x00010000, ABSOLUTE)

    Exec Addr    Load Addr    Size         Type   Attr      Idx    E Section Name        Object

    0x08000000   0x08000000   0x000000ec   Data   RO            3    RESET               startup_stm32f10x_md.o
    0x080000ec   0x080000ec   0x00000008   Code   RO         4168  * !!!main             c_w.l(__main.o)
    0x080000f4   0x080000f4   0x00000034   Code   RO         4532    !!!scatter          c_w.l(__scatter.o)
    0x08000128   0x08000128   0x0000001a   Code   RO         4534    !!handler_copy      c_w.l(__scatter_copy.o)
    0x08000142   0x08000142   0x00000002   PAD
    0x08000144   0x08000144   0x0000001c   Code   RO         4536    !!handler_zi        c_w.l(__scatter_zi.o)
    0x08000160   0x08000160   0x00000000   Code   RO         4147    .ARM.Collect$$_printf_percent$$00000000  c_w.l(_printf_percent.o)
    0x08000160   0x08000160   0x00000006   Code   RO         4268    .ARM.Collect$$_printf_percent$$00000001  c_w.l(_printf_n.o)
    0x08000166   0x08000166   0x00000006   Code   RO         4270    .ARM.Collect$$_printf_percent$$00000002  c_w.l(_printf_p.o)
    0x0800016c   0x0800016c   0x00000006   Code   RO         4146    .ARM.Collect$$_printf_percent$$00000003  c_w.l(_printf_f.o)
    0x08000172   0x08000172   0x00000006   Code   RO         4274    .ARM.Collect$$_printf_percent$$00000004  c_w.l(_printf_e.o)
    0x08000178   0x08000178   0x00000006   Code   RO         4275    .ARM.Collect$$_printf_percent$$00000005  c_w.l(_printf_g.o)
    0x0800017e   0x0800017e   0x00000006   Code   RO         4276    .ARM.Collect$$_printf_percent$$00000006  c_w.l(_printf_a.o)
    0x08000184   0x08000184   0x0000000a   Code   RO         4281    .ARM.Collect$$_printf_percent$$00000007  c_w.l(_printf_ll.o)
    0x0800018e   0x0800018e   0x00000006   Code   RO         4272    .ARM.Collect$$_printf_percent$$00000008  c_w.l(_printf_i.o)
    0x08000194   0x08000194   0x00000006   Code   RO         4145    .ARM.Collect$$_printf_percent$$00000009  c_w.l(_printf_d.o)
    0x0800019a   0x0800019a   0x00000006   Code   RO         4273    .ARM.Collect$$_printf_percent$$0000000A  c_w.l(_printf_u.o)
    0x080001a0   0x080001a0   0x00000006   Code   RO         4271    .ARM.Collect$$_printf_percent$$0000000B  c_w.l(_printf_o.o)
    0x080001a6   0x080001a6   0x00000006   Code   RO         4269    .ARM.Collect$$_printf_percent$$0000000C  c_w.l(_printf_x.o)
    0x080001ac   0x080001ac   0x00000006   Code   RO         4278    .ARM.Collect$$_printf_percent$$0000000D  c_w.l(_printf_lli.o)
    0x080001b2   0x080001b2   0x00000006   Code   RO         4279    .ARM.Collect$$_printf_percent$$0000000E  c_w.l(_printf_lld.o)
    0x080001b8   0x080001b8   0x00000006   Code   RO         4280    .ARM.Collect$$_printf_percent$$0000000F  c_w.l(_printf_llu.o)
    0x080001be   0x080001be   0x00000006   Code   RO         4285    .ARM.Collect$$_printf_percent$$00000010  c_w.l(_printf_llo.o)
    0x080001c4   0x080001c4   0x00000006   Code   RO         4286    .ARM.Collect$$_printf_percent$$00000011  c_w.l(_printf_llx.o)
    0x080001ca   0x080001ca   0x0000000a   Code   RO         4282    .ARM.Collect$$_printf_percent$$00000012  c_w.l(_printf_l.o)
    0x080001d4   0x080001d4   0x00000006   Code   RO         4266    .ARM.Collect$$_printf_percent$$00000013  c_w.l(_printf_c.o)
    0x080001da   0x080001da   0x00000006   Code   RO         4267    .ARM.Collect$$_printf_percent$$00000014  c_w.l(_printf_s.o)
    0x080001e0   0x080001e0   0x00000006   Code   RO         4283    .ARM.Collect$$_printf_percent$$00000015  c_w.l(_printf_lc.o)
    0x080001e6   0x080001e6   0x00000006   Code   RO         4284    .ARM.Collect$$_printf_percent$$00000016  c_w.l(_printf_ls.o)
    0x080001ec   0x080001ec   0x00000004   Code   RO         4277    .ARM.Collect$$_printf_percent$$00000017  c_w.l(_printf_percent_end.o)
    0x080001f0   0x080001f0   0x00000002   Code   RO         4468    .ARM.Collect$$libinit$$00000000  c_w.l(libinit.o)
    0x080001f2   0x080001f2   0x00000000   Code   RO         4292    .ARM.Collect$$libinit$$00000002  c_w.l(libinit2.o)
    0x080001f2   0x080001f2   0x00000000   Code   RO         4294    .ARM.Collect$$libinit$$00000004  c_w.l(libinit2.o)
    0x080001f2   0x080001f2   0x00000008   Code   RO         4295    .ARM.Collect$$libinit$$00000005  c_w.l(libinit2.o)
    0x080001fa   0x080001fa   0x00000000   Code   RO         4297    .ARM.Collect$$libinit$$0000000A  c_w.l(libinit2.o)
    0x080001fa   0x080001fa   0x00000000   Code   RO         4299    .ARM.Collect$$libinit$$0000000C  c_w.l(libinit2.o)
    0x080001fa   0x080001fa   0x00000000   Code   RO         4301    .ARM.Collect$$libinit$$0000000E  c_w.l(libinit2.o)
    0x080001fa   0x080001fa   0x00000006   Code   RO         4302    .ARM.Collect$$libinit$$0000000F  c_w.l(libinit2.o)
    0x08000200   0x08000200   0x00000000   Code   RO         4304    .ARM.Collect$$libinit$$00000011  c_w.l(libinit2.o)
    0x08000200   0x08000200   0x0000000c   Code   RO         4305    .ARM.Collect$$libinit$$00000012  c_w.l(libinit2.o)
    0x0800020c   0x0800020c   0x00000000   Code   RO         4306    .ARM.Collect$$libinit$$00000013  c_w.l(libinit2.o)
    0x0800020c   0x0800020c   0x00000000   Code   RO         4308    .ARM.Collect$$libinit$$00000015  c_w.l(libinit2.o)
    0x0800020c   0x0800020c   0x0000000a   Code   RO         4309    .ARM.Collect$$libinit$$00000016  c_w.l(libinit2.o)
    0x08000216   0x08000216   0x00000000   Code   RO         4310    .ARM.Collect$$libinit$$00000017  c_w.l(libinit2.o)
    0x08000216   0x08000216   0x00000000   Code   RO         4312    .ARM.Collect$$libinit$$00000019  c_w.l(libinit2.o)
    0x08000216   0x08000216   0x00000000   Code   RO         4314    .ARM.Collect$$libinit$$0000001B  c_w.l(libinit2.o)
    0x08000216   0x08000216   0x00000000   Code   RO         4316    .ARM.Collect$$libinit$$0000001D  c_w.l(libinit2.o)
    0x08000216   0x08000216   0x00000000   Code   RO         4318    .ARM.Collect$$libinit$$0000001F  c_w.l(libinit2.o)
    0x08000216   0x08000216   0x00000000   Code   RO         4320    .ARM.Collect$$libinit$$00000021  c_w.l(libinit2.o)
    0x08000216   0x08000216   0x00000000   Code   RO         4322    .ARM.Collect$$libinit$$00000023  c_w.l(libinit2.o)
    0x08000216   0x08000216   0x00000000   Code   RO         4324    .ARM.Collect$$libinit$$00000025  c_w.l(libinit2.o)
    0x08000216   0x08000216   0x00000000   Code   RO         4328    .ARM.Collect$$libinit$$0000002C  c_w.l(libinit2.o)
    0x08000216   0x08000216   0x00000000   Code   RO         4330    .ARM.Collect$$libinit$$0000002E  c_w.l(libinit2.o)
    0x08000216   0x08000216   0x00000000   Code   RO         4332    .ARM.Collect$$libinit$$00000030  c_w.l(libinit2.o)
    0x08000216   0x08000216   0x00000000   Code   RO         4334    .ARM.Collect$$libinit$$00000032  c_w.l(libinit2.o)
    0x08000216   0x08000216   0x00000002   Code   RO         4335    .ARM.Collect$$libinit$$00000033  c_w.l(libinit2.o)
    0x08000218   0x08000218   0x00000002   Code   RO         4529    .ARM.Collect$$libshutdown$$00000000  c_w.l(libshutdown.o)
    0x0800021a   0x0800021a   0x00000000   Code   RO         4485    .ARM.Collect$$libshutdown$$00000002  c_w.l(libshutdown2.o)
    0x0800021a   0x0800021a   0x00000000   Code   RO         4487    .ARM.Collect$$libshutdown$$00000004  c_w.l(libshutdown2.o)
    0x0800021a   0x0800021a   0x00000000   Code   RO         4490    .ARM.Collect$$libshutdown$$00000007  c_w.l(libshutdown2.o)
    0x0800021a   0x0800021a   0x00000000   Code   RO         4493    .ARM.Collect$$libshutdown$$0000000A  c_w.l(libshutdown2.o)
    0x0800021a   0x0800021a   0x00000000   Code   RO         4495    .ARM.Collect$$libshutdown$$0000000C  c_w.l(libshutdown2.o)
    0x0800021a   0x0800021a   0x00000000   Code   RO         4498    .ARM.Collect$$libshutdown$$0000000F  c_w.l(libshutdown2.o)
    0x0800021a   0x0800021a   0x00000002   Code   RO         4499    .ARM.Collect$$libshutdown$$00000010  c_w.l(libshutdown2.o)
    0x0800021c   0x0800021c   0x00000000   Code   RO         4192    .ARM.Collect$$rtentry$$00000000  c_w.l(__rtentry.o)
    0x0800021c   0x0800021c   0x00000000   Code   RO         4355    .ARM.Collect$$rtentry$$00000002  c_w.l(__rtentry2.o)
    0x0800021c   0x0800021c   0x00000006   Code   RO         4367    .ARM.Collect$$rtentry$$00000004  c_w.l(__rtentry4.o)
    0x08000222   0x08000222   0x00000000   Code   RO         4357    .ARM.Collect$$rtentry$$00000009  c_w.l(__rtentry2.o)
    0x08000222   0x08000222   0x00000004   Code   RO         4358    .ARM.Collect$$rtentry$$0000000A  c_w.l(__rtentry2.o)
    0x08000226   0x08000226   0x00000000   Code   RO         4360    .ARM.Collect$$rtentry$$0000000C  c_w.l(__rtentry2.o)
    0x08000226   0x08000226   0x00000008   Code   RO         4361    .ARM.Collect$$rtentry$$0000000D  c_w.l(__rtentry2.o)
    0x0800022e   0x0800022e   0x00000002   Code   RO         4471    .ARM.Collect$$rtexit$$00000000  c_w.l(rtexit.o)
    0x08000230   0x08000230   0x00000000   Code   RO         4503    .ARM.Collect$$rtexit$$00000002  c_w.l(rtexit2.o)
    0x08000230   0x08000230   0x00000004   Code   RO         4504    .ARM.Collect$$rtexit$$00000003  c_w.l(rtexit2.o)
    0x08000234   0x08000234   0x00000006   Code   RO         4505    .ARM.Collect$$rtexit$$00000004  c_w.l(rtexit2.o)
    0x0800023a   0x0800023a   0x00000002   PAD
    0x0800023c   0x0800023c   0x00000000   Code   RO         4376    .emb_text           c_w.l(maybetermalloc1.o)
    0x0800023c   0x0800023c   0x00000040   Code   RO            4    .text               startup_stm32f10x_md.o
    0x0800027c   0x0800027c   0x0000005e   Code   RO         4057    .text               c_w.l(h1_alloc.o)
    0x080002da   0x080002da   0x0000004e   Code   RO         4059    .text               c_w.l(h1_free.o)
    0x08000328   0x08000328   0x00000024   Code   RO         4115    .text               c_w.l(vsprintf.o)
    0x0800034c   0x0800034c   0x0000002c   Code   RO         4117    .text               c_w.l(__2sprintf.o)
    0x08000378   0x08000378   0x00000078   Code   RO         4123    .text               c_w.l(_printf_dec.o)
    0x080003f0   0x080003f0   0x00000188   Code   RO         4142    .text               c_w.l(__printf_flags_ss_wp.o)
    0x08000578   0x08000578   0x00000014   Code   RO         4148    .text               c_w.l(strchr.o)
    0x0800058c   0x0800058c   0x00000024   Code   RO         4150    .text               c_w.l(strncat.o)
    0x080005b0   0x080005b0   0x00000024   Code   RO         4152    .text               c_w.l(strstr.o)
    0x080005d4   0x080005d4   0x00000048   Code   RO         4154    .text               c_w.l(strcpy.o)
    0x0800061c   0x0800061c   0x0000003e   Code   RO         4156    .text               c_w.l(strlen.o)
    0x0800065a   0x0800065a   0x00000018   Code   RO         4158    .text               c_w.l(strcat.o)
    0x08000672   0x08000672   0x00000044   Code   RO         4162    .text               c_w.l(rt_memclr.o)
    0x080006b6   0x080006b6   0x0000004e   Code   RO         4164    .text               c_w.l(rt_memclr_w.o)
    0x08000704   0x08000704   0x00000006   Code   RO         4166    .text               c_w.l(heapauxi.o)
    0x0800070a   0x0800070a   0x00000002   PAD
    0x0800070c   0x0800070c   0x00000008   Code   RO         4196    .text               c_w.l(rt_heap_descriptor_intlibspace.o)
    0x08000714   0x08000714   0x00000004   Code   RO         4198    .text               c_w.l(hguard.o)
    0x08000718   0x08000718   0x0000008a   Code   RO         4200    .text               c_w.l(init_alloc.o)
    0x080007a2   0x080007a2   0x0000000e   Code   RO         4204    .text               c_w.l(h1_init.o)
    0x080007b0   0x080007b0   0x0000004e   Code   RO         4218    .text               c_w.l(_printf_pad.o)
    0x080007fe   0x080007fe   0x00000024   Code   RO         4220    .text               c_w.l(_printf_truncate.o)
    0x08000822   0x08000822   0x00000052   Code   RO         4222    .text               c_w.l(_printf_str.o)
    0x08000874   0x08000874   0x000000b2   Code   RO         4224    .text               c_w.l(_printf_intcommon.o)
    0x08000926   0x08000926   0x00000028   Code   RO         4226    .text               c_w.l(_printf_charcount.o)
    0x0800094e   0x0800094e   0x0000041e   Code   RO         4228    .text               c_w.l(_printf_fp_dec.o)
    0x08000d6c   0x08000d6c   0x00000030   Code   RO         4230    .text               c_w.l(_printf_char_common.o)
    0x08000d9c   0x08000d9c   0x0000000a   Code   RO         4232    .text               c_w.l(_sputc.o)
    0x08000da6   0x08000da6   0x00000002   PAD
    0x08000da8   0x08000da8   0x000000bc   Code   RO         4234    .text               c_w.l(_printf_wctomb.o)
    0x08000e64   0x08000e64   0x0000007c   Code   RO         4237    .text               c_w.l(_printf_longlong_dec.o)
    0x08000ee0   0x08000ee0   0x00000070   Code   RO         4243    .text               c_w.l(_printf_oct_int_ll.o)
    0x08000f50   0x08000f50   0x00000094   Code   RO         4263    .text               c_w.l(_printf_hex_int_ll_ptr.o)
    0x08000fe4   0x08000fe4   0x00000008   Code   RO         4351    .text               c_w.l(libspace.o)
    0x08000fec   0x08000fec   0x00000008   Code   RO         4372    .text               c_w.l(rt_locale_intlibspace.o)
    0x08000ff4   0x08000ff4   0x00000034   Code   RO         4378    .text               c_w.l(h1_extend.o)
    0x08001028   0x08001028   0x0000008a   Code   RO         4382    .text               c_w.l(lludiv10.o)
    0x080010b2   0x080010b2   0x00000002   PAD
    0x080010b4   0x080010b4   0x000002fc   Code   RO         4384    .text               c_w.l(_printf_fp_hex.o)
    0x080013b0   0x080013b0   0x00000080   Code   RO         4387    .text               c_w.l(_printf_fp_infnan.o)
    0x08001430   0x08001430   0x0000002c   Code   RO         4391    .text               c_w.l(_printf_char.o)
    0x0800145c   0x0800145c   0x0000002c   Code   RO         4393    .text               c_w.l(_printf_wchar.o)
    0x08001488   0x08001488   0x000000e4   Code   RO         4395    .text               c_w.l(bigflt0.o)
    0x0800156c   0x0800156c   0x00000040   Code   RO         4420    .text               c_w.l(_wcrtomb.o)
    0x080015ac   0x080015ac   0x0000000e   Code   RO         4425    .text               c_w.l(defsig_rtmem_outer.o)
    0x080015ba   0x080015ba   0x00000002   Code   RO         4440    .text               c_w.l(use_no_semi.o)
    0x080015bc   0x080015bc   0x00000000   Code   RO         4442    .text               c_w.l(indicate_semi.o)
    0x080015bc   0x080015bc   0x0000004a   Code   RO         4443    .text               c_w.l(sys_stackheap_outer.o)
    0x08001606   0x08001606   0x00000002   PAD
    0x08001608   0x08001608   0x00000010   Code   RO         4445    .text               c_w.l(rt_ctype_table.o)
    0x08001618   0x08001618   0x00000012   Code   RO         4451    .text               c_w.l(exit.o)
    0x0800162a   0x0800162a   0x0000000a   Code   RO         4453    .text               c_w.l(defsig_exit.o)
    0x08001634   0x08001634   0x00000050   Code   RO         4455    .text               c_w.l(defsig_rtmem_inner.o)
    0x08001684   0x08001684   0x00000080   Code   RO         4457    .text               c_w.l(strcmpv7m.o)
    0x08001704   0x08001704   0x0000000c   Code   RO         4469    .text               c_w.l(sys_exit.o)
    0x08001710   0x08001710   0x00000032   Code   RO         4482    .text               c_w.l(defsig_general.o)
    0x08001742   0x08001742   0x0000000e   Code   RO         4500    .text               c_w.l(sys_wrch.o)
    0x08001750   0x08001750   0x0000003e   Code   RO         4398    CL$$btod_d2e        c_w.l(btod.o)
    0x0800178e   0x0800178e   0x00000046   Code   RO         4400    CL$$btod_d2e_denorm_low  c_w.l(btod.o)
    0x080017d4   0x080017d4   0x00000060   Code   RO         4399    CL$$btod_d2e_norm_op1  c_w.l(btod.o)
    0x08001834   0x08001834   0x00000338   Code   RO         4408    CL$$btod_div_common  c_w.l(btod.o)
    0x08001b6c   0x08001b6c   0x000000dc   Code   RO         4405    CL$$btod_e2e        c_w.l(btod.o)
    0x08001c48   0x08001c48   0x0000002a   Code   RO         4402    CL$$btod_ediv       c_w.l(btod.o)
    0x08001c72   0x08001c72   0x0000002a   Code   RO         4401    CL$$btod_emul       c_w.l(btod.o)
    0x08001c9c   0x08001c9c   0x00000244   Code   RO         4407    CL$$btod_mult_common  c_w.l(btod.o)
    0x08001ee0   0x08001ee0   0x00000004   Code   RO         3988    i.BusFault_Handler  stm32f10x_it.o
    0x08001ee4   0x08001ee4   0x0000002c   Code   RO         3878    i.DH11_GPIO_Init_IN  dht11.o
    0x08001f10   0x08001f10   0x0000002c   Code   RO         3879    i.DH11_GPIO_Init_OUT  dht11.o
    0x08001f3c   0x08001f3c   0x000000d0   Code   RO         3880    i.DHT11_REC_Data    dht11.o
    0x0800200c   0x0800200c   0x00000054   Code   RO         3881    i.DHT11_Rec_Byte    dht11.o
    0x08002060   0x08002060   0x00000040   Code   RO         3882    i.DHT11_Start       dht11.o
    0x080020a0   0x080020a0   0x00000002   Code   RO         3989    i.DebugMon_Handler  stm32f10x_it.o
    0x080020a2   0x080020a2   0x00000018   Code   RO         3933    i.Delay_ms          delay.o
    0x080020ba   0x080020ba   0x0000002e   Code   RO         3935    i.Delay_us          delay.o
    0x080020e8   0x080020e8   0x0000001c   Code   RO         3196    i.ESP8266_Clear     esp8266.o
    0x08002104   0x08002104   0x00000050   Code   RO         3197    i.ESP8266_GetIPD    esp8266.o
    0x08002154   0x08002154   0x000001ec   Code   RO         3198    i.ESP8266_Init      esp8266.o
    0x08002340   0x08002340   0x00000050   Code   RO         3199    i.ESP8266_SendCmd   esp8266.o
    0x08002390   0x08002390   0x00000044   Code   RO         3200    i.ESP8266_SendData  esp8266.o
    0x080023d4   0x080023d4   0x00000034   Code   RO         3201    i.ESP8266_WaitRecive  esp8266.o
    0x08002408   0x08002408   0x00000116   Code   RO         1347    i.GPIO_Init         stm32f10x_gpio.o
    0x0800251e   0x0800251e   0x00000012   Code   RO         1351    i.GPIO_ReadInputDataBit  stm32f10x_gpio.o
    0x08002530   0x08002530   0x00000004   Code   RO         1354    i.GPIO_ResetBits    stm32f10x_gpio.o
    0x08002534   0x08002534   0x00000004   Code   RO         1355    i.GPIO_SetBits      stm32f10x_gpio.o
    0x08002538   0x08002538   0x0000000a   Code   RO         1358    i.GPIO_WriteBit     stm32f10x_gpio.o
    0x08002542   0x08002542   0x00000004   Code   RO         3990    i.HardFault_Handler  stm32f10x_it.o
    0x08002546   0x08002546   0x00000002   PAD
    0x08002548   0x08002548   0x00000010   Code   RO         3656    i.LED1_On           led.o
    0x08002558   0x08002558   0x00000014   Code   RO         3659    i.LED2_On           led.o
    0x0800256c   0x0800256c   0x00000038   Code   RO         3661    i.LED_Init          led.o
    0x080025a4   0x080025a4   0x0000001c   Code   RO         3359    i.MQTT_DeleteBuffer  mqttkit.o
    0x080025c0   0x080025c0   0x0000002e   Code   RO         3360    i.MQTT_DumpLength   mqttkit.o
    0x080025ee   0x080025ee   0x00000058   Code   RO         3361    i.MQTT_NewBuffer    mqttkit.o
    0x08002646   0x08002646   0x00000002   PAD
    0x08002648   0x08002648   0x000002b4   Code   RO         3363    i.MQTT_PacketConnect  mqttkit.o
    0x080028fc   0x080028fc   0x00000130   Code   RO         3364    i.MQTT_PacketPublish  mqttkit.o
    0x08002a2c   0x08002a2c   0x00000060   Code   RO         3365    i.MQTT_PacketSaveData  mqttkit.o
    0x08002a8c   0x08002a8c   0x00000046   Code   RO         3367    i.MQTT_ReadLength   mqttkit.o
    0x08002ad2   0x08002ad2   0x0000001e   Code   RO         3369    i.MQTT_UnPacketConnectAck  mqttkit.o
    0x08002af0   0x08002af0   0x00000074   Code   RO         3372    i.MQTT_UnPacketRecv  mqttkit.o
    0x08002b64   0x08002b64   0x00000004   Code   RO         3991    i.MemManage_Handler  stm32f10x_it.o
    0x08002b68   0x08002b68   0x00000002   Code   RO         3992    i.NMI_Handler       stm32f10x_it.o
    0x08002b6a   0x08002b6a   0x00000002   PAD
    0x08002b6c   0x08002b6c   0x00000070   Code   RO          137    i.NVIC_Init         misc.o
    0x08002bdc   0x08002bdc   0x0000002a   Code   RO         3703    i.OLED_Clear        oled.o
    0x08002c06   0x08002c06   0x00000002   PAD
    0x08002c08   0x08002c08   0x00000050   Code   RO         3704    i.OLED_I2C_Init     oled.o
    0x08002c58   0x08002c58   0x00000054   Code   RO         3705    i.OLED_I2C_SendByte  oled.o
    0x08002cac   0x08002cac   0x00000034   Code   RO         3706    i.OLED_I2C_Start    oled.o
    0x08002ce0   0x08002ce0   0x00000028   Code   RO         3707    i.OLED_I2C_Stop     oled.o
    0x08002d08   0x08002d08   0x000000ae   Code   RO         3708    i.OLED_Init         oled.o
    0x08002db6   0x08002db6   0x00000014   Code   RO         3709    i.OLED_Pow          oled.o
    0x08002dca   0x08002dca   0x00000022   Code   RO         3710    i.OLED_SetCursor    oled.o
    0x08002dec   0x08002dec   0x0000006c   Code   RO         3712    i.OLED_ShowCN       oled.o
    0x08002e58   0x08002e58   0x00000074   Code   RO         3713    i.OLED_ShowChar     oled.o
    0x08002ecc   0x08002ecc   0x00000034   Code   RO         3714    i.OLED_ShowFNum     oled.o
    0x08002f00   0x08002f00   0x00000044   Code   RO         3716    i.OLED_ShowNum      oled.o
    0x08002f44   0x08002f44   0x00000028   Code   RO         3718    i.OLED_ShowString   oled.o
    0x08002f6c   0x08002f6c   0x00000020   Code   RO         3719    i.OLED_WriteCommand  oled.o
    0x08002f8c   0x08002f8c   0x00000020   Code   RO         3720    i.OLED_WriteData    oled.o
    0x08002fac   0x08002fac   0x00000210   Code   RO         3467    i.OneNet_DevLink    onenet.o
    0x080031bc   0x080031bc   0x000000e0   Code   RO         3468    i.OneNet_FillBuf    onenet.o
    0x0800329c   0x0800329c   0x00000094   Code   RO         3469    i.OneNet_SendData   onenet.o
    0x08003330   0x08003330   0x00000002   Code   RO         3993    i.PendSV_Handler    stm32f10x_it.o
    0x08003332   0x08003332   0x00000002   PAD
    0x08003334   0x08003334   0x00000020   Code   RO         1775    i.RCC_APB1PeriphClockCmd  stm32f10x_rcc.o
    0x08003354   0x08003354   0x00000020   Code   RO         1777    i.RCC_APB2PeriphClockCmd  stm32f10x_rcc.o
    0x08003374   0x08003374   0x000000d4   Code   RO         1785    i.RCC_GetClocksFreq  stm32f10x_rcc.o
    0x08003448   0x08003448   0x00000002   Code   RO         3994    i.SVC_Handler       stm32f10x_it.o
    0x0800344a   0x0800344a   0x00000002   PAD
    0x0800344c   0x0800344c   0x0000006c   Code   RO         3823    i.Serial_Init       serial.o
    0x080034b8   0x080034b8   0x00000024   Code   RO         3825    i.Serial_Printf     serial.o
    0x080034dc   0x080034dc   0x00000020   Code   RO         3827    i.Serial_SendByte   serial.o
    0x080034fc   0x080034fc   0x0000001a   Code   RO         3829    i.Serial_SendString  serial.o
    0x08003516   0x08003516   0x00000008   Code   RO           24    i.SetSysClock       system_stm32f10x.o
    0x0800351e   0x0800351e   0x00000002   PAD
    0x08003520   0x08003520   0x000000e0   Code   RO           25    i.SetSysClockTo72   system_stm32f10x.o
    0x08003600   0x08003600   0x00000002   Code   RO         3995    i.SysTick_Handler   stm32f10x_it.o
    0x08003602   0x08003602   0x00000002   PAD
    0x08003604   0x08003604   0x00000060   Code   RO           27    i.SystemInit        system_stm32f10x.o
    0x08003664   0x08003664   0x0000004c   Code   RO         3202    i.USART2_IRQHandler  esp8266.o
    0x080036b0   0x080036b0   0x00000012   Code   RO         2956    i.USART_ClearFlag   stm32f10x_usart.o
    0x080036c2   0x080036c2   0x00000018   Code   RO         2960    i.USART_Cmd         stm32f10x_usart.o
    0x080036da   0x080036da   0x0000001a   Code   RO         2963    i.USART_GetFlagStatus  stm32f10x_usart.o
    0x080036f4   0x080036f4   0x00000054   Code   RO         2964    i.USART_GetITStatus  stm32f10x_usart.o
    0x08003748   0x08003748   0x0000004a   Code   RO         2966    i.USART_ITConfig    stm32f10x_usart.o
    0x08003792   0x08003792   0x00000002   PAD
    0x08003794   0x08003794   0x000000d8   Code   RO         2967    i.USART_Init        stm32f10x_usart.o
    0x0800386c   0x0800386c   0x00000008   Code   RO         2977    i.USART_SendData    stm32f10x_usart.o
    0x08003874   0x08003874   0x00000004   Code   RO         3996    i.UsageFault_Handler  stm32f10x_it.o
    0x08003878   0x08003878   0x000000ac   Code   RO         3203    i.Usart2_Init       esp8266.o
    0x08003924   0x08003924   0x00000030   Code   RO         3204    i.Usart_SendString  esp8266.o
    0x08003954   0x08003954   0x00000028   Code   RO         4438    i.__ARM_fpclassify  m_ws.l(fpclassify.o)
    0x0800397c   0x0800397c   0x0000000e   Code   RO         4135    i._is_digit         c_w.l(__printf_wp.o)
    0x0800398a   0x0800398a   0x0000006e   Code   RO         3883    i.combine           dht11.o
    0x080039f8   0x080039f8   0x0000019c   Code   RO         3957    i.main              main.o
    0x08003b94   0x08003b94   0x0000002c   Code   RO         4423    locale$$code        c_w.l(lc_numeric_c.o)
    0x08003bc0   0x08003bc0   0x0000002c   Code   RO         4478    locale$$code        c_w.l(lc_ctype_c.o)
    0x08003bec   0x08003bec   0x0000000c   Code   RO         4336    x$fpl$dretinf       fz_ws.l(dretinf.o)
    0x08003bf8   0x08003bf8   0x00000056   Code   RO         4170    x$fpl$f2d           fz_ws.l(f2d.o)
    0x08003c4e   0x08003c4e   0x00000002   PAD
    0x08003c50   0x08003c50   0x000000c4   Code   RO         4172    x$fpl$fadd          fz_ws.l(faddsub_clz.o)
    0x08003d14   0x08003d14   0x00000184   Code   RO         4179    x$fpl$fdiv          fz_ws.l(fdiv.o)
    0x08003e98   0x08003e98   0x00000030   Code   RO         4183    x$fpl$fflt          fz_ws.l(fflt_clz.o)
    0x08003ec8   0x08003ec8   0x0000008c   Code   RO         4338    x$fpl$fnaninf       fz_ws.l(fnaninf.o)
    0x08003f54   0x08003f54   0x0000000a   Code   RO         4340    x$fpl$fretinf       fz_ws.l(fretinf.o)
    0x08003f5e   0x08003f5e   0x00000002   PAD
    0x08003f60   0x08003f60   0x000000ea   Code   RO         4174    x$fpl$fsub          fz_ws.l(faddsub_clz.o)
    0x0800404a   0x0800404a   0x00000004   Code   RO         4188    x$fpl$printf1       fz_ws.l(printf1.o)
    0x0800404e   0x0800404e   0x00000004   Code   RO         4342    x$fpl$printf2       fz_ws.l(printf2.o)
    0x08004052   0x08004052   0x00000000   Code   RO         4348    x$fpl$usenofp       fz_ws.l(usenofp.o)
    0x08004052   0x08004052   0x00000750   Data   RO         3721    .constdata          oled.o
    0x080047a2   0x080047a2   0x00000011   Data   RO         4143    .constdata          c_w.l(__printf_flags_ss_wp.o)
    0x080047b3   0x080047b3   0x00000001   PAD
    0x080047b4   0x080047b4   0x00000008   Data   RO         4235    .constdata          c_w.l(_printf_wctomb.o)
    0x080047bc   0x080047bc   0x00000028   Data   RO         4264    .constdata          c_w.l(_printf_hex_int_ll_ptr.o)
    0x080047e4   0x080047e4   0x00000026   Data   RO         4385    .constdata          c_w.l(_printf_fp_hex.o)
    0x0800480a   0x0800480a   0x00000002   PAD
    0x0800480c   0x0800480c   0x00000094   Data   RO         4396    .constdata          c_w.l(bigflt0.o)
    0x080048a0   0x080048a0   0x0000007a   Data   RO         3470    .conststring        onenet.o
    0x0800491a   0x0800491a   0x00000002   PAD
    0x0800491c   0x0800491c   0x00000020   Data   RO         4530    Region$$Table       anon$$obj.o
    0x0800493c   0x0800493c   0x0000001c   Data   RO         4422    locale$$data        c_w.l(lc_numeric_c.o)
    0x08004958   0x08004958   0x00000110   Data   RO         4477    locale$$data        c_w.l(lc_ctype_c.o)


    Execution Region RW_IRAM1 (Exec base: 0x20000000, Load base: 0x08004a68, Size: 0x00000718, Max: 0x00005000, ABSOLUTE)

    Exec Addr    Load Addr    Size         Type   Attr      Idx    E Section Name        Object

    0x20000000   0x08004a68   0x00000014   Data   RW         1805    .data               stm32f10x_rcc.o
    0x20000014   0x08004a7c   0x00000004   Data   RW         3206    .data               esp8266.o
    0x20000018   0x08004a80   0x00000008   Data   RW         3885    .data               dht11.o
    0x20000020   0x08004a88   0x00000002   Data   RW         3958    .data               main.o
    0x20000022   0x08004a8a   0x00000002   PAD
    0x20000024        -       0x00000080   Zero   RW         3205    .bss                esp8266.o
    0x200000a4        -       0x00000010   Zero   RW         3884    .bss                dht11.o
    0x200000b4        -       0x00000060   Zero   RW         4352    .bss                c_w.l(libspace.o)
    0x20000114   0x08004a8a   0x00000004   PAD
    0x20000118        -       0x00000200   Zero   RW            2    HEAP                startup_stm32f10x_md.o
    0x20000318        -       0x00000400   Zero   RW            1    STACK               startup_stm32f10x_md.o


==============================================================================

Image component sizes


      Code (inc. data)   RO Data    RW Data    ZI Data      Debug   Object Name

         0          0          0          0          0       4548   core_cm3.o
        70          0          0          0          0        874   delay.o
       554         36          0          8         16       4179   dht11.o
      1096        324          0          4        128     223580   esp8266.o
        92         16          0          0          0       1223   led.o
       412         16          0          2          0        807   main.o
       112         12          0          0          0     204192   misc.o
      1470         60          0          0          0       9535   mqttkit.o
       974         36       1872          0          0       8463   oled.o
       900        484        122          0          0      11900   onenet.o
       202         12          0          0          0       2676   serial.o
        64         26        236          0       1536        800   startup_stm32f10x_md.o
       314          0          0          0          0      12160   stm32f10x_gpio.o
        26          0          0          0          0       3514   stm32f10x_it.o
       276         32          0         20          0      12826   stm32f10x_rcc.o
       450          6          0          0          0      11663   stm32f10x_usart.o
       328         28          0          0          0      18725   system_stm32f10x.o

    ----------------------------------------------------------------------
      7358       1088       2264         36       1680     531665   Object Totals
         0          0         32          0          0          0   (incl. Generated)
        18          0          2          2          0          0   (incl. Padding)

    ----------------------------------------------------------------------

      Code (inc. data)   RO Data    RW Data    ZI Data      Debug   Library Member Name

        44          6          0          0          0         84   __2sprintf.o
         8          0          0          0          0         68   __main.o
       392          4         17          0          0         92   __printf_flags_ss_wp.o
        14          0          0          0          0         68   __printf_wp.o
         0          0          0          0          0          0   __rtentry.o
        12          0          0          0          0          0   __rtentry2.o
         6          0          0          0          0          0   __rtentry4.o
        52          8          0          0          0          0   __scatter.o
        26          0          0          0          0          0   __scatter_copy.o
        28          0          0          0          0          0   __scatter_zi.o
         6          0          0          0          0          0   _printf_a.o
         6          0          0          0          0          0   _printf_c.o
        44          0          0          0          0        108   _printf_char.o
        48          6          0          0          0         96   _printf_char_common.o
        40          0          0          0          0         68   _printf_charcount.o
         6          0          0          0          0          0   _printf_d.o
       120         16          0          0          0         92   _printf_dec.o
         6          0          0          0          0          0   _printf_e.o
         6          0          0          0          0          0   _printf_f.o
      1054          0          0          0          0        216   _printf_fp_dec.o
       764          8         38          0          0        100   _printf_fp_hex.o
       128         16          0          0          0         84   _printf_fp_infnan.o
         6          0          0          0          0          0   _printf_g.o
       148          4         40          0          0        160   _printf_hex_int_ll_ptr.o
         6          0          0          0          0          0   _printf_i.o
       178          0          0          0          0         88   _printf_intcommon.o
        10          0          0          0          0          0   _printf_l.o
         6          0          0          0          0          0   _printf_lc.o
        10          0          0          0          0          0   _printf_ll.o
         6          0          0          0          0          0   _printf_lld.o
         6          0          0          0          0          0   _printf_lli.o
         6          0          0          0          0          0   _printf_llo.o
         6          0          0          0          0          0   _printf_llu.o
         6          0          0          0          0          0   _printf_llx.o
       124         16          0          0          0         92   _printf_longlong_dec.o
         6          0          0          0          0          0   _printf_ls.o
         6          0          0          0          0          0   _printf_n.o
         6          0          0          0          0          0   _printf_o.o
       112         10          0          0          0        124   _printf_oct_int_ll.o
         6          0          0          0          0          0   _printf_p.o
        78          0          0          0          0        108   _printf_pad.o
         0          0          0          0          0          0   _printf_percent.o
         4          0          0          0          0          0   _printf_percent_end.o
         6          0          0          0          0          0   _printf_s.o
        82          0          0          0          0         80   _printf_str.o
        36          0          0          0          0         84   _printf_truncate.o
         6          0          0          0          0          0   _printf_u.o
        44          0          0          0          0        108   _printf_wchar.o
       188          6          8          0          0         92   _printf_wctomb.o
         6          0          0          0          0          0   _printf_x.o
        10          0          0          0          0         68   _sputc.o
        64          0          0          0          0         92   _wcrtomb.o
       228          4        148          0          0         96   bigflt0.o
      1936        128          0          0          0        672   btod.o
        10          0          0          0          0         68   defsig_exit.o
        50          0          0          0          0         88   defsig_general.o
        80         58          0          0          0         76   defsig_rtmem_inner.o
        14          0          0          0          0         80   defsig_rtmem_outer.o
        18          0          0          0          0         80   exit.o
        94          0          0          0          0         80   h1_alloc.o
        52          0          0          0          0         68   h1_extend.o
        78          0          0          0          0         80   h1_free.o
        14          0          0          0          0         84   h1_init.o
         6          0          0          0          0        152   heapauxi.o
         4          0          0          0          0        136   hguard.o
         0          0          0          0          0          0   indicate_semi.o
       138          0          0          0          0        168   init_alloc.o
        44         10        272          0          0         76   lc_ctype_c.o
        44         10         28          0          0         76   lc_numeric_c.o
         2          0          0          0          0          0   libinit.o
        38          0          0          0          0          0   libinit2.o
         2          0          0          0          0          0   libshutdown.o
         2          0          0          0          0          0   libshutdown2.o
         8          4          0          0         96         68   libspace.o
       138          0          0          0          0         80   lludiv10.o
         0          0          0          0          0          0   maybetermalloc1.o
        16          4          0          0          0         76   rt_ctype_table.o
         8          4          0          0          0         68   rt_heap_descriptor_intlibspace.o
         8          4          0          0          0         68   rt_locale_intlibspace.o
        68          0          0          0          0         68   rt_memclr.o
        78          0          0          0          0         80   rt_memclr_w.o
         2          0          0          0          0          0   rtexit.o
        10          0          0          0          0          0   rtexit2.o
        24          0          0          0          0         68   strcat.o
        20          0          0          0          0         68   strchr.o
       128          0          0          0          0         68   strcmpv7m.o
        72          0          0          0          0         80   strcpy.o
        62          0          0          0          0         76   strlen.o
        36          0          0          0          0         76   strncat.o
        36          0          0          0          0         80   strstr.o
        12          4          0          0          0         68   sys_exit.o
        74          0          0          0          0         80   sys_stackheap_outer.o
        14          0          0          0          0         76   sys_wrch.o
         2          0          0          0          0         68   use_no_semi.o
        36          4          0          0          0         76   vsprintf.o
        12          0          0          0          0         68   dretinf.o
        86          4          0          0          0         84   f2d.o
       430          8          0          0          0        168   faddsub_clz.o
       388         76          0          0          0         96   fdiv.o
        48          0          0          0          0         68   fflt_clz.o
       140          4          0          0          0         84   fnaninf.o
        10          0          0          0          0         68   fretinf.o
         4          0          0          0          0         68   printf1.o
         4          0          0          0          0         68   printf2.o
         0          0          0          0          0          0   usenofp.o
        40          0          0          0          0         68   fpclassify.o

    ----------------------------------------------------------------------
      8872        426        554          0        100       6484   Library Totals
        16          0          3          0          4          0   (incl. Padding)

    ----------------------------------------------------------------------

      Code (inc. data)   RO Data    RW Data    ZI Data      Debug   Library Name

      7694        334        551          0         96       5644   c_w.l
      1122         92          0          0          0        772   fz_ws.l
        40          0          0          0          0         68   m_ws.l

    ----------------------------------------------------------------------
      8872        426        554          0        100       6484   Library Totals

    ----------------------------------------------------------------------

==============================================================================


      Code (inc. data)   RO Data    RW Data    ZI Data      Debug   

     16230       1514       2818         36       1780     530397   Grand Totals
     16230       1514       2818         36       1780     530397   ELF Image Totals
     16230       1514       2818         36          0          0   ROM Totals

==============================================================================

    Total RO  Size (Code + RO Data)                19048 (  18.60kB)
    Total RW  Size (RW Data + ZI Data)              1816 (   1.77kB)
    Total ROM Size (Code + RO Data + RW Data)      19084 (  18.64kB)

==============================================================================

